Archive member included to satisfy reference by file (symbol)

c:/vscodeproject/software/arm_gcc/bin/../lib/gcc/arm-none-eabi/9.2.1/../../../../arm-none-eabi/lib/thumb/v7-m/nofp\libc_nano.a(lib_a-exit.o)
                              c:/vscodeproject/software/arm_gcc/bin/../lib/gcc/arm-none-eabi/9.2.1/../../../../arm-none-eabi/lib/thumb/v7-m/nofp/crt0.o (exit)
c:/vscodeproject/software/arm_gcc/bin/../lib/gcc/arm-none-eabi/9.2.1/../../../../arm-none-eabi/lib/thumb/v7-m/nofp\libc_nano.a(lib_a-impure.o)
                              c:/vscodeproject/software/arm_gcc/bin/../lib/gcc/arm-none-eabi/9.2.1/../../../../arm-none-eabi/lib/thumb/v7-m/nofp\libc_nano.a(lib_a-exit.o) (_global_impure_ptr)
c:/vscodeproject/software/arm_gcc/bin/../lib/gcc/arm-none-eabi/9.2.1/../../../../arm-none-eabi/lib/thumb/v7-m/nofp\libc_nano.a(lib_a-init.o)
                              c:/vscodeproject/software/arm_gcc/bin/../lib/gcc/arm-none-eabi/9.2.1/../../../../arm-none-eabi/lib/thumb/v7-m/nofp/crt0.o (__libc_init_array)
c:/vscodeproject/software/arm_gcc/bin/../lib/gcc/arm-none-eabi/9.2.1/../../../../arm-none-eabi/lib/thumb/v7-m/nofp\libc_nano.a(lib_a-memcpy-stub.o)
                              build/mbfuncother.o (memcpy)
c:/vscodeproject/software/arm_gcc/bin/../lib/gcc/arm-none-eabi/9.2.1/../../../../arm-none-eabi/lib/thumb/v7-m/nofp\libc_nano.a(lib_a-memset.o)
                              c:/vscodeproject/software/arm_gcc/bin/../lib/gcc/arm-none-eabi/9.2.1/../../../../arm-none-eabi/lib/thumb/v7-m/nofp/crt0.o (memset)
c:/vscodeproject/software/arm_gcc/bin/../lib/gcc/arm-none-eabi/9.2.1/../../../../arm-none-eabi/lib/thumb/v7-m/nofp\libnosys.a(_exit.o)
                              c:/vscodeproject/software/arm_gcc/bin/../lib/gcc/arm-none-eabi/9.2.1/../../../../arm-none-eabi/lib/thumb/v7-m/nofp\libc_nano.a(lib_a-exit.o) (_exit)
c:/vscodeproject/software/arm_gcc/bin/../lib/gcc/arm-none-eabi/9.2.1/thumb/v7-m/nofp\libgcc.a(_arm_mulsf3.o)
                              build/measuring_vd_vz.o (__aeabi_fmul)
c:/vscodeproject/software/arm_gcc/bin/../lib/gcc/arm-none-eabi/9.2.1/thumb/v7-m/nofp\libgcc.a(_arm_addsubsf3.o)
                              build/measuring_vd_vz.o (__aeabi_i2f)

Allocating common symbols
Common symbol       size              file

pxMBFrameCBTransmitterEmpty
                    0x4               build/mb.o
tim                 0x4               build/porttimer.o
RegisterValueOne    0x2               build/FunctionsTxRx.o
currentADC_vz       0x4               build/measuring_vd_vz.o
hspi2               0x58              build/spi.o
pxMBPortCBTimerExpired
                    0x4               build/mb.o
htim4               0x48              build/tim.o
huart3              0x40              build/usart.o
eventVD             0x4               build/main.o
id30max             0x4               build/main.o
out                 0x2               build/FunctionsTxRx.o
uwTick              0x4               build/stm32f1xx_hal.o
pFlash              0x20              build/stm32f1xx_hal_flash.o
eventDiagnostic     0x4               build/main.o
ucRTUBuf            0x100             build/mbrtu.o
htim3               0x48              build/tim.o
currentADC_vd       0x4               build/measuring_vd_vz.o
pxMBFrameCBByteReceived
                    0x4               build/mb.o
id30min             0x4               build/main.o
operatingMode       0x4               build/main.o
pxMBFrameCBTransmitFSMCur
                    0x4               build/mb.o
voltageADC_vd       0x4               build/measuring_vd_vz.o
ucSDiscInBuf        0x1               build/user_mb_app.o
htim1               0x48              build/tim.o
usSRegHoldBuf       0x28              build/user_mb_app.o
usSRegInBuf         0x28              build/user_mb_app.o
eventVZ             0x4               build/main.o
pxMBFrameCBReceiveFSMCur
                    0x4               build/mb.o
voltageADC_vz       0x4               build/measuring_vd_vz.o
var                 0x1               build/porttimer.o
htim2               0x48              build/tim.o
iz30max             0x4               build/main.o
uart                0x4               build/portserial.o
iz30min             0x4               build/main.o
Start               0x4               build/main.o
value               0x4               build/FunctionsTxRx.o

Discarded input sections

 .text          0x0000000000000000        0x0 c:/vscodeproject/software/arm_gcc/bin/../lib/gcc/arm-none-eabi/9.2.1/thumb/v7-m/nofp/crti.o
 .data          0x0000000000000000        0x0 c:/vscodeproject/software/arm_gcc/bin/../lib/gcc/arm-none-eabi/9.2.1/thumb/v7-m/nofp/crti.o
 .bss           0x0000000000000000        0x0 c:/vscodeproject/software/arm_gcc/bin/../lib/gcc/arm-none-eabi/9.2.1/thumb/v7-m/nofp/crti.o
 .text          0x0000000000000000        0x0 c:/vscodeproject/software/arm_gcc/bin/../lib/gcc/arm-none-eabi/9.2.1/thumb/v7-m/nofp/crtbegin.o
[...]
Memory Configuration

Name             Origin             Length             Attributes
RAM              0x0000000020000000 0x0000000000005000 xrw
FLASH            0x0000000008000000 0x0000000000010000 xr
*default*        0x0000000000000000 0xffffffffffffffff

Linker script and memory map

LOAD c:/vscodeproject/software/arm_gcc/bin/../lib/gcc/arm-none-eabi/9.2.1/thumb/v7-m/nofp/crti.o
LOAD c:/vscodeproject/software/arm_gcc/bin/../lib/gcc/arm-none-eabi/9.2.1/thumb/v7-m/nofp/crtbegin.o
LOAD c:/vscodeproject/software/arm_gcc/bin/../lib/gcc/arm-none-eabi/9.2.1/../../../../arm-none-eabi/lib/thumb/v7-m/nofp/crt0.o
LOAD build/main.o
LOAD build/gpio.o
LOAD build/spi.o
LOAD build/tim.o
LOAD build/usart.o
LOAD build/stm32f1xx_it.o
LOAD build/stm32f1xx_hal_msp.o
LOAD build/stm32f1xx_hal_gpio_ex.o
LOAD build/stm32f1xx_hal_spi.o
LOAD build/stm32f1xx_hal.o
LOAD build/stm32f1xx_hal_rcc.o
LOAD build/stm32f1xx_hal_rcc_ex.o
LOAD build/stm32f1xx_hal_gpio.o
LOAD build/stm32f1xx_hal_dma.o
LOAD build/stm32f1xx_hal_cortex.o
LOAD build/stm32f1xx_hal_pwr.o
LOAD build/stm32f1xx_hal_flash.o
LOAD build/stm32f1xx_hal_flash_ex.o
LOAD build/stm32f1xx_hal_exti.o
LOAD build/stm32f1xx_hal_tim.o
LOAD build/stm32f1xx_hal_tim_ex.o
LOAD build/stm32f1xx_hal_uart.o
LOAD build/system_stm32f1xx.o
LOAD build/mbascii.o
LOAD build/mbfunccoils.o
LOAD build/mbfunccoils_m.o
LOAD build/mbfuncdiag.o
LOAD build/mbfuncdisc.o
LOAD build/mbfuncdisc_m.o
LOAD build/mbfuncholding.o
LOAD build/mbfuncholding_m.o
LOAD build/mbfuncinput.o
LOAD build/mbfuncinput_m.o
LOAD build/mbfuncother.o
LOAD build/mbutils.o
LOAD build/portevent.o
LOAD build/portevent_m.o
LOAD build/portserial.o
LOAD build/portserial_m.o
LOAD build/porttimer.o
LOAD build/porttimer_m.o
LOAD build/portcritical.o
LOAD build/mbcrc.o
LOAD build/mbrtu.o
LOAD build/mbrtu_m.o
LOAD build/mbtcp.o
LOAD build/mb.o
LOAD build/mb_m.o
LOAD build/user_mb_app.o
LOAD build/user_mb_app_m.o
LOAD build/FunctionsTxRx.o
LOAD build/mode.o
LOAD build/measuring_vd_vz.o
LOAD build/Flash.o
LOAD build/startup_stm32f103xb.o
LOAD c:/vscodeproject/software/arm_gcc/bin/../lib/gcc/arm-none-eabi/9.2.1/../../../../arm-none-eabi/lib/thumb/v7-m/nofp\libc_nano.a
LOAD c:/vscodeproject/software/arm_gcc/bin/../lib/gcc/arm-none-eabi/9.2.1/../../../../arm-none-eabi/lib/thumb/v7-m/nofp\libm.a
LOAD c:/vscodeproject/software/arm_gcc/bin/../lib/gcc/arm-none-eabi/9.2.1/../../../../arm-none-eabi/lib/thumb/v7-m/nofp\libnosys.a
START GROUP
LOAD c:/vscodeproject/software/arm_gcc/bin/../lib/gcc/arm-none-eabi/9.2.1/thumb/v7-m/nofp\libgcc.a
LOAD c:/vscodeproject/software/arm_gcc/bin/../lib/gcc/arm-none-eabi/9.2.1/../../../../arm-none-eabi/lib/thumb/v7-m/nofp\libc_nano.a
END GROUP
START GROUP
LOAD c:/vscodeproject/software/arm_gcc/bin/../lib/gcc/arm-none-eabi/9.2.1/thumb/v7-m/nofp\libgcc.a
LOAD c:/vscodeproject/software/arm_gcc/bin/../lib/gcc/arm-none-eabi/9.2.1/../../../../arm-none-eabi/lib/thumb/v7-m/nofp\libc_nano.a
END GROUP
LOAD c:/vscodeproject/software/arm_gcc/bin/../lib/gcc/arm-none-eabi/9.2.1/thumb/v7-m/nofp/crtend.o
LOAD c:/vscodeproject/software/arm_gcc/bin/../lib/gcc/arm-none-eabi/9.2.1/thumb/v7-m/nofp/crtn.o
                0x0000000020005000                _estack = 0x20005000
                0x0000000000000200                _Min_Heap_Size = 0x200
                0x0000000000000400                _Min_Stack_Size = 0x400

.isr_vector     0x0000000008000000      0x10c
                0x0000000008000000                . = ALIGN (0x4)
 *(.isr_vector)
 .isr_vector    0x0000000008000000      0x10c build/startup_stm32f103xb.o
                0x0000000008000000                g_pfnVectors
                0x000000000800010c                . = ALIGN (0x4)

.text           0x000000000800010c     0x39dc
                0x000000000800010c                . = ALIGN (0x4)
 *(.text)
 .text          0x000000000800010c      0x168 c:/vscodeproject/software/arm_gcc/bin/../lib/gcc/arm-none-eabi/9.2.1/thumb/v7-m/nofp\libgcc.a(_arm_mulsf3.o)
                0x000000000800010c                __aeabi_fmul
                0x000000000800010c                __mulsf3
 .text          0x0000000008000274      0x21c c:/vscodeproject/software/arm_gcc/bin/../lib/gcc/arm-none-eabi/9.2.1/thumb/v7-m/nofp\libgcc.a(_arm_addsubsf3.o)
                0x0000000008000274                __aeabi_frsub
                0x000000000800027c                __subsf3
                0x000000000800027c                __aeabi_fsub
                0x0000000008000280                __aeabi_fadd
                0x0000000008000280                __addsf3
                0x00000000080003e0                __aeabi_ui2f
                0x00000000080003e0                __floatunsisf
                0x00000000080003e8                __aeabi_i2f
                0x00000000080003e8                __floatsisf
                0x0000000008000404                __aeabi_ul2f
                0x0000000008000404                __floatundisf
                0x0000000008000414                __aeabi_l2f
                0x0000000008000414                __floatdisf
 *(.text*)
 .text.__do_global_dtors_aux
                0x0000000008000490       0x24 c:/vscodeproject/software/arm_gcc/bin/../lib/gcc/arm-none-eabi/9.2.1/thumb/v7-m/nofp/crtbegin.o
 .text.frame_dummy
                0x00000000080004b4       0x1c c:/vscodeproject/software/arm_gcc/bin/../lib/gcc/arm-none-eabi/9.2.1/thumb/v7-m/nofp/crtbegin.o
 .text.Error_Handler
                0x00000000080004d0        0x4 build/main.o
                0x00000000080004d0                Error_Handler
 .text.SystemClock_Config
                0x00000000080004d4       0x62 build/main.o
                0x00000000080004d4                SystemClock_Config
 *fill*         0x0000000008000536        0x2 
 .text.main     0x0000000008000538      0x180 build/main.o
                0x0000000008000538                main
 .text.MX_GPIO_Init
                0x00000000080006b8      0x10c build/gpio.o
                0x00000000080006b8                MX_GPIO_Init
 .text.MX_SPI2_Init
                0x00000000080007c4       0x48 build/spi.o
                0x00000000080007c4                MX_SPI2_Init
 .text.HAL_SPI_MspInit
                0x000000000800080c       0x78 build/spi.o
                0x000000000800080c                HAL_SPI_MspInit
 .text.MX_TIM2_Init
                0x0000000008000884       0x6c build/tim.o
                0x0000000008000884                MX_TIM2_Init
 .text.MX_TIM3_Init
                0x00000000080008f0       0x6c build/tim.o
                0x00000000080008f0                MX_TIM3_Init
 .text.MX_TIM4_Init
                0x000000000800095c       0x6c build/tim.o
                0x000000000800095c                MX_TIM4_Init
 .text.HAL_TIM_PWM_MspInit
                0x00000000080009c8       0x2c build/tim.o
                0x00000000080009c8                HAL_TIM_PWM_MspInit
 .text.HAL_TIM_Base_MspInit
                0x00000000080009f4       0xa0 build/tim.o
                0x00000000080009f4                HAL_TIM_Base_MspInit
 .text.HAL_TIM_MspPostInit
                0x0000000008000a94       0x64 build/tim.o
                0x0000000008000a94                HAL_TIM_MspPostInit
 .text.MX_TIM1_Init
                0x0000000008000af8       0xe4 build/tim.o
                0x0000000008000af8                MX_TIM1_Init
 .text.MX_USART3_UART_Init
                0x0000000008000bdc       0x34 build/usart.o
                0x0000000008000bdc                MX_USART3_UART_Init
 .text.HAL_UART_MspInit
                0x0000000008000c10       0x88 build/usart.o
                0x0000000008000c10                HAL_UART_MspInit
 .text.NMI_Handler
                0x0000000008000c98        0x2 build/stm32f1xx_it.o
                0x0000000008000c98                NMI_Handler
 .text.HardFault_Handler
                0x0000000008000c9a        0x2 build/stm32f1xx_it.o
                0x0000000008000c9a                HardFault_Handler
 .text.MemManage_Handler
                0x0000000008000c9c        0x2 build/stm32f1xx_it.o
                0x0000000008000c9c                MemManage_Handler
 .text.BusFault_Handler
                0x0000000008000c9e        0x2 build/stm32f1xx_it.o
                0x0000000008000c9e                BusFault_Handler
 .text.UsageFault_Handler
                0x0000000008000ca0        0x2 build/stm32f1xx_it.o
                0x0000000008000ca0                UsageFault_Handler
 .text.SVC_Handler
                0x0000000008000ca2        0x2 build/stm32f1xx_it.o
                0x0000000008000ca2                SVC_Handler
 .text.DebugMon_Handler
                0x0000000008000ca4        0x2 build/stm32f1xx_it.o
                0x0000000008000ca4                DebugMon_Handler
 .text.PendSV_Handler
                0x0000000008000ca6        0x2 build/stm32f1xx_it.o
                0x0000000008000ca6                PendSV_Handler
 .text.SysTick_Handler
                0x0000000008000ca8        0x8 build/stm32f1xx_it.o
                0x0000000008000ca8                SysTick_Handler
 .text.EXTI9_5_IRQHandler
                0x0000000008000cb0        0xa build/stm32f1xx_it.o
                0x0000000008000cb0                EXTI9_5_IRQHandler
 *fill*         0x0000000008000cba        0x2 
 .text.TIM2_IRQHandler
                0x0000000008000cbc       0x10 build/stm32f1xx_it.o
                0x0000000008000cbc                TIM2_IRQHandler
 .text.TIM3_IRQHandler
                0x0000000008000ccc       0x10 build/stm32f1xx_it.o
                0x0000000008000ccc                TIM3_IRQHandler
 .text.TIM4_IRQHandler
                0x0000000008000cdc       0x10 build/stm32f1xx_it.o
                0x0000000008000cdc                TIM4_IRQHandler
 .text.USART3_IRQHandler
                0x0000000008000cec       0x10 build/stm32f1xx_it.o
                0x0000000008000cec                USART3_IRQHandler
 .text.EXTI15_10_IRQHandler
                0x0000000008000cfc       0x1c build/stm32f1xx_it.o
                0x0000000008000cfc                EXTI15_10_IRQHandler
 .text.HAL_MspInit
                0x0000000008000d18       0x44 build/stm32f1xx_hal_msp.o
                0x0000000008000d18                HAL_MspInit
 .text.SPI_WaitFlagStateUntilTimeout
                0x0000000008000d5c       0xd0 build/stm32f1xx_hal_spi.o
 .text.SPI_EndRxTxTransaction
                0x0000000008000e2c       0x24 build/stm32f1xx_hal_spi.o
 .text.HAL_SPI_Init
                0x0000000008000e50       0xb6 build/stm32f1xx_hal_spi.o
                0x0000000008000e50                HAL_SPI_Init
 .text.HAL_SPI_TransmitReceive
                0x0000000008000f06      0x238 build/stm32f1xx_hal_spi.o
                0x0000000008000f06                HAL_SPI_TransmitReceive
 *fill*         0x000000000800113e        0x2 
 .text.HAL_InitTick
                0x0000000008001140       0x4c build/stm32f1xx_hal.o
                0x0000000008001140                HAL_InitTick
 .text.HAL_Init
                0x000000000800118c       0x24 build/stm32f1xx_hal.o
                0x000000000800118c                HAL_Init
 .text.HAL_IncTick
                0x00000000080011b0       0x18 build/stm32f1xx_hal.o
                0x00000000080011b0                HAL_IncTick
 .text.HAL_GetTick
                0x00000000080011c8        0xc build/stm32f1xx_hal.o
                0x00000000080011c8                HAL_GetTick
 .text.HAL_Delay
                0x00000000080011d4       0x28 build/stm32f1xx_hal.o
                0x00000000080011d4                HAL_Delay
 .text.RCC_Delay
                0x00000000080011fc       0x2c build/stm32f1xx_hal_rcc.o
 .text.HAL_RCC_OscConfig
                0x0000000008001228      0x410 build/stm32f1xx_hal_rcc.o
                0x0000000008001228                HAL_RCC_OscConfig
 .text.HAL_RCC_GetSysClockFreq
                0x0000000008001638       0x78 build/stm32f1xx_hal_rcc.o
                0x0000000008001638                HAL_RCC_GetSysClockFreq
 .text.HAL_RCC_ClockConfig
                0x00000000080016b0      0x16c build/stm32f1xx_hal_rcc.o
                0x00000000080016b0                HAL_RCC_ClockConfig
 .text.HAL_RCC_GetHCLKFreq
                0x000000000800181c        0xc build/stm32f1xx_hal_rcc.o
                0x000000000800181c                HAL_RCC_GetHCLKFreq
 .text.HAL_RCC_GetPCLK1Freq
                0x0000000008001828       0x20 build/stm32f1xx_hal_rcc.o
                0x0000000008001828                HAL_RCC_GetPCLK1Freq
 .text.HAL_RCC_GetPCLK2Freq
                0x0000000008001848       0x20 build/stm32f1xx_hal_rcc.o
                0x0000000008001848                HAL_RCC_GetPCLK2Freq
 .text.HAL_GPIO_Init
                0x0000000008001868      0x220 build/stm32f1xx_hal_gpio.o
                0x0000000008001868                HAL_GPIO_Init
 .text.HAL_GPIO_WritePin
                0x0000000008001a88        0xc build/stm32f1xx_hal_gpio.o
                0x0000000008001a88                HAL_GPIO_WritePin
 .text.HAL_GPIO_TogglePin
                0x0000000008001a94       0x12 build/stm32f1xx_hal_gpio.o
                0x0000000008001a94                HAL_GPIO_TogglePin
 .text.HAL_GPIO_EXTI_Callback
                0x0000000008001aa6        0x2 build/stm32f1xx_hal_gpio.o
                0x0000000008001aa6                HAL_GPIO_EXTI_Callback
 .text.HAL_GPIO_EXTI_IRQHandler
                0x0000000008001aa8       0x1c build/stm32f1xx_hal_gpio.o
                0x0000000008001aa8                HAL_GPIO_EXTI_IRQHandler
 .text.HAL_DMA_Abort_IT
                0x0000000008001ac4       0x98 build/stm32f1xx_hal_dma.o
                0x0000000008001ac4                HAL_DMA_Abort_IT
 .text.HAL_NVIC_SetPriorityGrouping
                0x0000000008001b5c       0x24 build/stm32f1xx_hal_cortex.o
                0x0000000008001b5c                HAL_NVIC_SetPriorityGrouping
 .text.HAL_NVIC_SetPriority
                0x0000000008001b80       0x68 build/stm32f1xx_hal_cortex.o
                0x0000000008001b80                HAL_NVIC_SetPriority
 .text.HAL_NVIC_EnableIRQ
                0x0000000008001be8       0x1c build/stm32f1xx_hal_cortex.o
                0x0000000008001be8                HAL_NVIC_EnableIRQ
 .text.HAL_SYSTICK_Config
                0x0000000008001c04       0x2c build/stm32f1xx_hal_cortex.o
                0x0000000008001c04                HAL_SYSTICK_Config
 .text.TIM_OC1_SetConfig
                0x0000000008001c30       0x5c build/stm32f1xx_hal_tim.o
 .text.TIM_OC3_SetConfig
                0x0000000008001c8c       0x64 build/stm32f1xx_hal_tim.o
 .text.TIM_OC4_SetConfig
                0x0000000008001cf0       0x48 build/stm32f1xx_hal_tim.o
 .text.TIM_TI1_ConfigInputStage
                0x0000000008001d38       0x24 build/stm32f1xx_hal_tim.o
 .text.TIM_TI2_ConfigInputStage
                0x0000000008001d5c       0x26 build/stm32f1xx_hal_tim.o
 .text.TIM_ITRx_SetConfig
                0x0000000008001d82       0x10 build/stm32f1xx_hal_tim.o
 *fill*         0x0000000008001d92        0x2 
 .text.HAL_TIM_Base_Start_IT
                0x0000000008001d94       0x68 build/stm32f1xx_hal_tim.o
                0x0000000008001d94                HAL_TIM_Base_Start_IT
 .text.HAL_TIM_Base_Stop_IT
                0x0000000008001dfc       0x32 build/stm32f1xx_hal_tim.o
                0x0000000008001dfc                HAL_TIM_Base_Stop_IT
 .text.HAL_TIM_OnePulse_MspInit
                0x0000000008001e2e        0x2 build/stm32f1xx_hal_tim.o
                0x0000000008001e2e                HAL_TIM_OnePulse_MspInit
 .text.HAL_TIM_OC_DelayElapsedCallback
                0x0000000008001e30        0x2 build/stm32f1xx_hal_tim.o
                0x0000000008001e30                HAL_TIM_OC_DelayElapsedCallback
 .text.HAL_TIM_IC_CaptureCallback
                0x0000000008001e32        0x2 build/stm32f1xx_hal_tim.o
                0x0000000008001e32                HAL_TIM_IC_CaptureCallback
 .text.HAL_TIM_PWM_PulseFinishedCallback
                0x0000000008001e34        0x2 build/stm32f1xx_hal_tim.o
                0x0000000008001e34                HAL_TIM_PWM_PulseFinishedCallback
 .text.HAL_TIM_TriggerCallback
                0x0000000008001e36        0x2 build/stm32f1xx_hal_tim.o
                0x0000000008001e36                HAL_TIM_TriggerCallback
 .text.HAL_TIM_IRQHandler
                0x0000000008001e38      0x17a build/stm32f1xx_hal_tim.o
                0x0000000008001e38                HAL_TIM_IRQHandler
 *fill*         0x0000000008001fb2        0x2 
 .text.TIM_Base_SetConfig
                0x0000000008001fb4       0x74 build/stm32f1xx_hal_tim.o
                0x0000000008001fb4                TIM_Base_SetConfig
 .text.HAL_TIM_Base_Init
                0x0000000008002028       0x58 build/stm32f1xx_hal_tim.o
                0x0000000008002028                HAL_TIM_Base_Init
 .text.HAL_TIM_PWM_Init
                0x0000000008002080       0x58 build/stm32f1xx_hal_tim.o
                0x0000000008002080                HAL_TIM_PWM_Init
 .text.HAL_TIM_OnePulse_Init
                0x00000000080020d8       0x5c build/stm32f1xx_hal_tim.o
                0x00000000080020d8                HAL_TIM_OnePulse_Init
 .text.TIM_OC2_SetConfig
                0x0000000008002134       0x64 build/stm32f1xx_hal_tim.o
                0x0000000008002134                TIM_OC2_SetConfig
 .text.HAL_TIM_PWM_ConfigChannel
                0x0000000008002198       0xd0 build/stm32f1xx_hal_tim.o
                0x0000000008002198                HAL_TIM_PWM_ConfigChannel
 .text.TIM_ETR_SetConfig
                0x0000000008002268       0x16 build/stm32f1xx_hal_tim.o
                0x0000000008002268                TIM_ETR_SetConfig
 .text.HAL_TIM_ConfigClockSource
                0x000000000800227e       0xda build/stm32f1xx_hal_tim.o
                0x000000000800227e                HAL_TIM_ConfigClockSource
 .text.TIM_CCxNChannelCmd
                0x0000000008002358       0x22 build/stm32f1xx_hal_tim_ex.o
 *fill*         0x000000000800237a        0x2 
 .text.HAL_TIMEx_PWMN_Start
                0x000000000800237c       0xd4 build/stm32f1xx_hal_tim_ex.o
                0x000000000800237c                HAL_TIMEx_PWMN_Start
 .text.HAL_TIMEx_PWMN_Stop
                0x0000000008002450       0x76 build/stm32f1xx_hal_tim_ex.o
                0x0000000008002450                HAL_TIMEx_PWMN_Stop
 *fill*         0x00000000080024c6        0x2 
 .text.HAL_TIMEx_MasterConfigSynchronization
                0x00000000080024c8       0x68 build/stm32f1xx_hal_tim_ex.o
                0x00000000080024c8                HAL_TIMEx_MasterConfigSynchronization
 .text.HAL_TIMEx_ConfigBreakDeadTime
                0x0000000008002530       0x52 build/stm32f1xx_hal_tim_ex.o
                0x0000000008002530                HAL_TIMEx_ConfigBreakDeadTime
 .text.HAL_TIMEx_CommutCallback
                0x0000000008002582        0x2 build/stm32f1xx_hal_tim_ex.o
                0x0000000008002582                HAL_TIMEx_CommutCallback
 .text.HAL_TIMEx_BreakCallback
                0x0000000008002584        0x2 build/stm32f1xx_hal_tim_ex.o
                0x0000000008002584                HAL_TIMEx_BreakCallback
 .text.UART_EndRxTransfer
                0x0000000008002586       0x1c build/stm32f1xx_hal_uart.o
 .text.UART_Transmit_IT
                0x00000000080025a2       0x60 build/stm32f1xx_hal_uart.o
 *fill*         0x0000000008002602        0x2 
 .text.UART_SetConfig
                0x0000000008002604       0x90 build/stm32f1xx_hal_uart.o
 .text.HAL_UART_Init
                0x0000000008002694       0x5e build/stm32f1xx_hal_uart.o
                0x0000000008002694                HAL_UART_Init
 .text.HAL_UART_Transmit_IT
                0x00000000080026f2       0x48 build/stm32f1xx_hal_uart.o
                0x00000000080026f2                HAL_UART_Transmit_IT
 .text.HAL_UART_Receive_IT
                0x000000000800273a       0x5c build/stm32f1xx_hal_uart.o
                0x000000000800273a                HAL_UART_Receive_IT
 .text.UART_EndTransmit_IT
                0x0000000008002796       0x1a build/stm32f1xx_hal_uart.o
 .text.UART_Receive_IT
                0x00000000080027b0       0x94 build/stm32f1xx_hal_uart.o
 .text.HAL_UART_ErrorCallback
                0x0000000008002844        0x2 build/stm32f1xx_hal_uart.o
                0x0000000008002844                HAL_UART_ErrorCallback
 *fill*         0x0000000008002846        0x2 
 .text.HAL_UART_IRQHandler
                0x0000000008002848      0x128 build/stm32f1xx_hal_uart.o
                0x0000000008002848                HAL_UART_IRQHandler
 .text.UART_DMAAbortOnError
                0x0000000008002970       0x10 build/stm32f1xx_hal_uart.o
 .text.HAL_UART_AbortTransmitCpltCallback
                0x0000000008002980        0x2 build/stm32f1xx_hal_uart.o
                0x0000000008002980                HAL_UART_AbortTransmitCpltCallback
 *fill*         0x0000000008002982        0x2 
 .text.HAL_UART_AbortTransmit_IT
                0x0000000008002984       0x60 build/stm32f1xx_hal_uart.o
                0x0000000008002984                HAL_UART_AbortTransmit_IT
 .text.UART_DMATxOnlyAbortCallback
                0x00000000080029e4       0x14 build/stm32f1xx_hal_uart.o
 .text.HAL_UART_AbortReceiveCpltCallback
                0x00000000080029f8        0x2 build/stm32f1xx_hal_uart.o
                0x00000000080029f8                HAL_UART_AbortReceiveCpltCallback
 *fill*         0x00000000080029fa        0x2 
 .text.HAL_UART_AbortReceive_IT
                0x00000000080029fc       0x68 build/stm32f1xx_hal_uart.o
                0x00000000080029fc                HAL_UART_AbortReceive_IT
 .text.UART_DMARxOnlyAbortCallback
                0x0000000008002a64       0x14 build/stm32f1xx_hal_uart.o
 .text.SystemInit
                0x0000000008002a78        0x2 build/system_stm32f1xx.o
                0x0000000008002a78                SystemInit
 .text.eMBFuncReadCoils
                0x0000000008002a7a       0x74 build/mbfunccoils.o
                0x0000000008002a7a                eMBFuncReadCoils
 .text.eMBFuncWriteCoil
                0x0000000008002aee       0x60 build/mbfunccoils.o
                0x0000000008002aee                eMBFuncWriteCoil
 .text.eMBFuncWriteMultipleCoils
                0x0000000008002b4e       0x64 build/mbfunccoils.o
                0x0000000008002b4e                eMBFuncWriteMultipleCoils
 .text.eMBFuncReadDiscreteInputs
                0x0000000008002bb2       0x72 build/mbfuncdisc.o
                0x0000000008002bb2                eMBFuncReadDiscreteInputs
 .text.eMBFuncWriteHoldingRegister
                0x0000000008002c24       0x2c build/mbfuncholding.o
                0x0000000008002c24                eMBFuncWriteHoldingRegister
 .text.eMBFuncWriteMultipleHoldingRegister
                0x0000000008002c50       0x52 build/mbfuncholding.o
                0x0000000008002c50                eMBFuncWriteMultipleHoldingRegister
 .text.eMBFuncReadHoldingRegister
                0x0000000008002ca2       0x64 build/mbfuncholding.o
                0x0000000008002ca2                eMBFuncReadHoldingRegister
 .text.eMBFuncReadWriteMultipleHoldingRegister
                0x0000000008002d06       0xa4 build/mbfuncholding.o
                0x0000000008002d06                eMBFuncReadWriteMultipleHoldingRegister
 .text.eMBFuncReadInputRegister
                0x0000000008002daa       0x64 build/mbfuncinput.o
                0x0000000008002daa                eMBFuncReadInputRegister
 *fill*         0x0000000008002e0e        0x2 
 .text.eMBFuncReportSlaveID
                0x0000000008002e10       0x24 build/mbfuncother.o
                0x0000000008002e10                eMBFuncReportSlaveID
 .text.xMBUtilGetBits
                0x0000000008002e34       0x26 build/mbutils.o
                0x0000000008002e34                xMBUtilGetBits
 .text.prveMBError2Exception
                0x0000000008002e5a       0x18 build/mbutils.o
                0x0000000008002e5a                prveMBError2Exception
 *fill*         0x0000000008002e72        0x2 
 .text.xMBPortEventInit
                0x0000000008002e74       0x10 build/portevent.o
                0x0000000008002e74                xMBPortEventInit
 .text.xMBPortEventPost
                0x0000000008002e84       0x18 build/portevent.o
                0x0000000008002e84                xMBPortEventPost
 .text.xMBPortEventGet
                0x0000000008002e9c       0x20 build/portevent.o
                0x0000000008002e9c                xMBPortEventGet
 .text.xMBPortSerialInit
                0x0000000008002ebc        0xc build/portserial.o
                0x0000000008002ebc                xMBPortSerialInit
 .text.vMBPortSerialEnable
                0x0000000008002ec8       0x3c build/portserial.o
                0x0000000008002ec8                vMBPortSerialEnable
 .text.xMBPortSerialPutBytes
                0x0000000008002f04       0x18 build/portserial.o
                0x0000000008002f04                xMBPortSerialPutBytes
 .text.xMBPortSerialGetByte
                0x0000000008002f1c       0x10 build/portserial.o
                0x0000000008002f1c                xMBPortSerialGetByte
 .text.HAL_UART_RxCpltCallback
                0x0000000008002f2c       0x30 build/portserial.o
                0x0000000008002f2c                HAL_UART_RxCpltCallback
 .text.HAL_UART_TxCpltCallback
                0x0000000008002f5c       0x20 build/portserial.o
                0x0000000008002f5c                HAL_UART_TxCpltCallback
 .text.xMBPortTimersInit
                0x0000000008002f7c       0x14 build/porttimer.o
                0x0000000008002f7c                xMBPortTimersInit
 .text.vMBPortTimersEnable
                0x0000000008002f90       0x1c build/porttimer.o
                0x0000000008002f90                vMBPortTimersEnable
 .text.vMBPortTimersDisable
                0x0000000008002fac       0x10 build/porttimer.o
                0x0000000008002fac                vMBPortTimersDisable
 .text.HAL_TIM_PeriodElapsedCallback
                0x0000000008002fbc       0x38 build/porttimer.o
                0x0000000008002fbc                HAL_TIM_PeriodElapsedCallback
 .text.__critical_enter
                0x0000000008002ff4       0x10 build/portcritical.o
                0x0000000008002ff4                __critical_enter
 .text.__critical_exit
                0x0000000008003004       0x14 build/portcritical.o
                0x0000000008003004                __critical_exit
 .text.usMBCRC16
                0x0000000008003018       0x30 build/mbcrc.o
                0x0000000008003018                usMBCRC16
 .text.eMBRTUInit
                0x0000000008003048       0x50 build/mbrtu.o
                0x0000000008003048                eMBRTUInit
 .text.eMBRTUStart
                0x0000000008003098       0x20 build/mbrtu.o
                0x0000000008003098                eMBRTUStart
 .text.eMBRTUStop
                0x00000000080030b8       0x18 build/mbrtu.o
                0x00000000080030b8                eMBRTUStop
 .text.eMBRTUReceive
                0x00000000080030d0       0x54 build/mbrtu.o
                0x00000000080030d0                eMBRTUReceive
 .text.eMBRTUSend
                0x0000000008003124       0x94 build/mbrtu.o
                0x0000000008003124                eMBRTUSend
 .text.xMBRTUReceiveFSM
                0x00000000080031b8       0x8c build/mbrtu.o
                0x00000000080031b8                xMBRTUReceiveFSM
 .text.xMBRTUTransmitFSM
                0x0000000008003244       0x60 build/mbrtu.o
                0x0000000008003244                xMBRTUTransmitFSM
 .text.xMBRTUTimerT35Expired
                0x00000000080032a4       0x38 build/mbrtu.o
                0x00000000080032a4                xMBRTUTimerT35Expired
 .text.eMBInit  0x00000000080032dc       0xb4 build/mb.o
                0x00000000080032dc                eMBInit
 .text.eMBEnable
                0x0000000008003390       0x24 build/mb.o
                0x0000000008003390                eMBEnable
 .text.eMBPoll  0x00000000080033b4      0x100 build/mb.o
                0x00000000080033b4                eMBPoll
 .text.eMBRegInputCB
                0x00000000080034b4       0x48 build/user_mb_app.o
                0x00000000080034b4                eMBRegInputCB
 .text.eMBRegHoldingCB
                0x00000000080034fc       0x7c build/user_mb_app.o
                0x00000000080034fc                eMBRegHoldingCB
 .text.eMBRegCoilsCB
                0x0000000008003578        0x4 build/user_mb_app.o
                0x0000000008003578                eMBRegCoilsCB
 .text.eMBRegDiscreteCB
                0x000000000800357c       0x74 build/user_mb_app.o
                0x000000000800357c                eMBRegDiscreteCB
 .text.dataReception
                0x00000000080035f0       0x38 build/FunctionsTxRx.o
                0x00000000080035f0                dataReception
 .text.dataTransfer
                0x0000000008003628       0x2c build/FunctionsTxRx.o
                0x0000000008003628                dataTransfer
 .text.WaitingMode
                0x0000000008003654       0x4c build/mode.o
                0x0000000008003654                WaitingMode
 .text.StaticMeasurementMode_VD
                0x00000000080036a0       0x40 build/mode.o
                0x00000000080036a0                StaticMeasurementMode_VD
 .text.modeVD_pulse
                0x00000000080036e0       0x80 build/mode.o
                0x00000000080036e0                modeVD_pulse
 .text.StaticMeasurementMode_VZ
                0x0000000008003760       0x40 build/mode.o
                0x0000000008003760                StaticMeasurementMode_VZ
 .text.modeVZ_pulse
                0x00000000080037a0       0x80 build/mode.o
                0x00000000080037a0                modeVZ_pulse
 .text.diagnostic
                0x0000000008003820       0x58 build/mode.o
                0x0000000008003820                diagnostic
 .text.setConfigADC
                0x0000000008003878       0x60 build/measuring_vd_vz.o
                0x0000000008003878                setConfigADC
 .text.dataTransferADC
                0x00000000080038d8       0x2c build/measuring_vd_vz.o
                0x00000000080038d8                dataTransferADC
 .text.measuringVD
                0x0000000008003904       0x80 build/measuring_vd_vz.o
                0x0000000008003904                measuringVD
 .text.measuringVZ
                0x0000000008003984       0x8c build/measuring_vd_vz.o
                0x0000000008003984                measuringVZ
 .text.Reset_Handler
                0x0000000008003a10       0x48 build/startup_stm32f103xb.o
                0x0000000008003a10                Reset_Handler
 .text.Default_Handler
                0x0000000008003a58        0x2 build/startup_stm32f103xb.o
                0x0000000008003a58                RTC_Alarm_IRQHandler
                0x0000000008003a58                EXTI2_IRQHandler
                0x0000000008003a58                TIM1_CC_IRQHandler
                0x0000000008003a58                PVD_IRQHandler
                0x0000000008003a58                EXTI3_IRQHandler
                0x0000000008003a58                EXTI0_IRQHandler
                0x0000000008003a58                I2C2_EV_IRQHandler
                0x0000000008003a58                ADC1_2_IRQHandler
                0x0000000008003a58                SPI1_IRQHandler
                0x0000000008003a58                TAMPER_IRQHandler
                0x0000000008003a58                DMA1_Channel4_IRQHandler
                0x0000000008003a58                RTC_IRQHandler
                0x0000000008003a58                DMA1_Channel7_IRQHandler
                0x0000000008003a58                CAN1_RX1_IRQHandler
                0x0000000008003a58                I2C1_EV_IRQHandler
                0x0000000008003a58                DMA1_Channel6_IRQHandler
                0x0000000008003a58                RCC_IRQHandler
                0x0000000008003a58                TIM1_TRG_COM_IRQHandler
                0x0000000008003a58                DMA1_Channel1_IRQHandler
                0x0000000008003a58                Default_Handler
                0x0000000008003a58                SPI2_IRQHandler
                0x0000000008003a58                DMA1_Channel5_IRQHandler
                0x0000000008003a58                EXTI4_IRQHandler
                0x0000000008003a58                USB_LP_CAN1_RX0_IRQHandler
                0x0000000008003a58                USB_HP_CAN1_TX_IRQHandler
                0x0000000008003a58                DMA1_Channel3_IRQHandler
                0x0000000008003a58                TIM1_UP_IRQHandler
                0x0000000008003a58                WWDG_IRQHandler
                0x0000000008003a58                TIM1_BRK_IRQHandler
                0x0000000008003a58                EXTI1_IRQHandler
                0x0000000008003a58                USART2_IRQHandler
                0x0000000008003a58                I2C2_ER_IRQHandler
                0x0000000008003a58                DMA1_Channel2_IRQHandler
                0x0000000008003a58                CAN1_SCE_IRQHandler
                0x0000000008003a58                FLASH_IRQHandler
                0x0000000008003a58                USART1_IRQHandler
                0x0000000008003a58                I2C1_ER_IRQHandler
                0x0000000008003a58                USBWakeUp_IRQHandler
 *fill*         0x0000000008003a5a        0x2 
 .text.__libc_init_array
                0x0000000008003a5c       0x48 c:/vscodeproject/software/arm_gcc/bin/../lib/gcc/arm-none-eabi/9.2.1/../../../../arm-none-eabi/lib/thumb/v7-m/nofp\libc_nano.a(lib_a-init.o)
                0x0000000008003a5c                __libc_init_array
 .text.memcpy   0x0000000008003aa4       0x1c c:/vscodeproject/software/arm_gcc/bin/../lib/gcc/arm-none-eabi/9.2.1/../../../../arm-none-eabi/lib/thumb/v7-m/nofp\libc_nano.a(lib_a-memcpy-stub.o)
                0x0000000008003aa4                memcpy
 .text.memset   0x0000000008003ac0       0x10 c:/vscodeproject/software/arm_gcc/bin/../lib/gcc/arm-none-eabi/9.2.1/../../../../arm-none-eabi/lib/thumb/v7-m/nofp\libc_nano.a(lib_a-memset.o)
                0x0000000008003ac0                memset
 *(.glue_7)
 .glue_7        0x0000000008003ad0        0x0 linker stubs
 *(.glue_7t)
 .glue_7t       0x0000000008003ad0        0x0 linker stubs
 *(.eh_frame)
 .eh_frame      0x0000000008003ad0        0x0 c:/vscodeproject/software/arm_gcc/bin/../lib/gcc/arm-none-eabi/9.2.1/thumb/v7-m/nofp/crtbegin.o
 *(.init)
 .init          0x0000000008003ad0        0x4 c:/vscodeproject/software/arm_gcc/bin/../lib/gcc/arm-none-eabi/9.2.1/thumb/v7-m/nofp/crti.o
                0x0000000008003ad0                _init
 .init          0x0000000008003ad4        0x8 c:/vscodeproject/software/arm_gcc/bin/../lib/gcc/arm-none-eabi/9.2.1/thumb/v7-m/nofp/crtn.o
 *(.fini)
 .fini          0x0000000008003adc        0x4 c:/vscodeproject/software/arm_gcc/bin/../lib/gcc/arm-none-eabi/9.2.1/thumb/v7-m/nofp/crti.o
                0x0000000008003adc                _fini
 .fini          0x0000000008003ae0        0x8 c:/vscodeproject/software/arm_gcc/bin/../lib/gcc/arm-none-eabi/9.2.1/thumb/v7-m/nofp/crtn.o
                0x0000000008003ae8                . = ALIGN (0x4)
                0x0000000008003ae8                _etext = .

.vfp11_veneer   0x0000000008003ae8        0x0
 .vfp11_veneer  0x0000000008003ae8        0x0 linker stubs

.v4_bx          0x0000000008003ae8        0x0
 .v4_bx         0x0000000008003ae8        0x0 linker stubs

.iplt           0x0000000008003ae8        0x0
 .iplt          0x0000000008003ae8        0x0 c:/vscodeproject/software/arm_gcc/bin/../lib/gcc/arm-none-eabi/9.2.1/thumb/v7-m/nofp/crtbegin.o

.rodata         0x0000000008003ae8      0x22c
                0x0000000008003ae8                . = ALIGN (0x4)
 *(.rodata)
 *(.rodata*)
 .rodata.HAL_RCC_GetSysClockFreq.str1.4
                0x0000000008003ae8       0x11 build/stm32f1xx_hal_rcc.o
 *fill*         0x0000000008003af9        0x3 
 .rodata.AHBPrescTable
                0x0000000008003afc       0x10 build/system_stm32f1xx.o
                0x0000000008003afc                AHBPrescTable
 .rodata.APBPrescTable
                0x0000000008003b0c        0x8 build/system_stm32f1xx.o
                0x0000000008003b0c                APBPrescTable
 .rodata.aucCRCHi
                0x0000000008003b14      0x100 build/mbcrc.o
 .rodata.aucCRCLo
                0x0000000008003c14      0x100 build/mbcrc.o
                0x0000000008003d14                . = ALIGN (0x4)

.rel.dyn        0x0000000008003d14        0x0
 .rel.iplt      0x0000000008003d14        0x0 c:/vscodeproject/software/arm_gcc/bin/../lib/gcc/arm-none-eabi/9.2.1/thumb/v7-m/nofp/crtbegin.o

.ARM.extab
 *(.ARM.extab* .gnu.linkonce.armextab.*)

.ARM            0x0000000008003d14        0x0
                0x0000000008003d14                __exidx_start = .
 *(.ARM.exidx*)
                0x0000000008003d14                __exidx_end = .

.preinit_array  0x0000000008003d14        0x0
                0x0000000008003d14                PROVIDE (__preinit_array_start = .)
 *(.preinit_array*)
                0x0000000008003d14                PROVIDE (__preinit_array_end = .)

.init_array     0x0000000008003d14        0x4
                0x0000000008003d14                PROVIDE (__init_array_start = .)
 *(SORT_BY_NAME(.init_array.*))
 *(.init_array*)
 .init_array    0x0000000008003d14        0x4 c:/vscodeproject/software/arm_gcc/bin/../lib/gcc/arm-none-eabi/9.2.1/thumb/v7-m/nofp/crtbegin.o
                0x0000000008003d18                PROVIDE (__init_array_end = .)

.fini_array     0x0000000008003d18        0x4
                [!provide]                        PROVIDE (__fini_array_start = .)
 *(SORT_BY_NAME(.fini_array.*))
 *(.fini_array*)
 .fini_array    0x0000000008003d18        0x4 c:/vscodeproject/software/arm_gcc/bin/../lib/gcc/arm-none-eabi/9.2.1/thumb/v7-m/nofp/crtbegin.o
                [!provide]                        PROVIDE (__fini_array_end = .)
                0x0000000008003d1c                _sidata = LOADADDR (.data)

.data           0x0000000020000000       0xb0 load address 0x0000000008003d1c
                0x0000000020000000                . = ALIGN (0x4)
                0x0000000020000000                _sdata = .
 *(.data)
 *(.data*)
 .data.uwTickFreq
                0x0000000020000000        0x1 build/stm32f1xx_hal.o
                0x0000000020000000                uwTickFreq
 *fill*         0x0000000020000001        0x3 
 .data.uwTickPrio
                0x0000000020000004        0x4 build/stm32f1xx_hal.o
                0x0000000020000004                uwTickPrio
 .data.SystemCoreClock
                0x0000000020000008        0x4 build/system_stm32f1xx.o
                0x0000000020000008                SystemCoreClock
 .data.eMBState
                0x000000002000000c        0x1 build/mb.o
 *fill*         0x000000002000000d        0x3 
 .data.xFuncHandlers
                0x0000000020000010       0x80 build/mb.o
 .data.AD7682_IN0
                0x0000000020000090        0x2 build/measuring_vd_vz.o
                0x0000000020000090                AD7682_IN0
 .data.AD7682_IN1
                0x0000000020000092        0x2 build/measuring_vd_vz.o
                0x0000000020000092                AD7682_IN1
 .data.AD7682_IN2
                0x0000000020000094        0x2 build/measuring_vd_vz.o
                0x0000000020000094                AD7682_IN2
 .data.AD7682_IN3
                0x0000000020000096        0x2 build/measuring_vd_vz.o
                0x0000000020000096                AD7682_IN3
 .data.IDOUT    0x0000000020000098        0x4 build/measuring_vd_vz.o
                0x0000000020000098                IDOUT
 .data.IZOUT    0x000000002000009c        0x4 build/measuring_vd_vz.o
                0x000000002000009c                IZOUT
 .data.Resistor
                0x00000000200000a0        0x4 build/measuring_vd_vz.o
                0x00000000200000a0                Resistor
 .data.UDOUT    0x00000000200000a4        0x4 build/measuring_vd_vz.o
                0x00000000200000a4                UDOUT
 .data.UZOUT    0x00000000200000a8        0x4 build/measuring_vd_vz.o
                0x00000000200000a8                UZOUT
 .data.deltaADC
                0x00000000200000ac        0x4 build/measuring_vd_vz.o
                0x00000000200000ac                deltaADC
                0x00000000200000b0                . = ALIGN (0x4)
                0x00000000200000b0                _edata = .

.igot.plt       0x00000000200000b0        0x0 load address 0x0000000008003dcc
 .igot.plt      0x00000000200000b0        0x0 c:/vscodeproject/software/arm_gcc/bin/../lib/gcc/arm-none-eabi/9.2.1/thumb/v7-m/nofp/crtbegin.o
                0x00000000200000b0                . = ALIGN (0x4)

.bss            0x00000000200000b0      0x404 load address 0x0000000008003dcc
                0x00000000200000b0                _sbss = .
                0x00000000200000b0                __bss_start__ = _sbss
 *(.bss)
 *(.bss*)
 .bss.completed.8911
                0x00000000200000b0        0x1 c:/vscodeproject/software/arm_gcc/bin/../lib/gcc/arm-none-eabi/9.2.1/thumb/v7-m/nofp/crtbegin.o
 *fill*         0x00000000200000b1        0x3 
 .bss.object.8916
                0x00000000200000b4       0x18 c:/vscodeproject/software/arm_gcc/bin/../lib/gcc/arm-none-eabi/9.2.1/thumb/v7-m/nofp/crtbegin.o
 .bss.RecordFlash
                0x00000000200000cc        0x4 build/main.o
                0x00000000200000cc                RecordFlash
 .bss.add1      0x00000000200000d0        0x4 build/main.o
                0x00000000200000d0                add1
 .bss.ucMBSlaveID
                0x00000000200000d4       0x20 build/mbfuncother.o
 .bss.usMBSlaveIDLen
                0x00000000200000f4        0x2 build/mbfuncother.o
 .bss.eQueuedEvent
                0x00000000200000f6        0x1 build/portevent.o
 .bss.xEventInQueue
                0x00000000200000f7        0x1 build/portevent.o
 .bss.singlechar
                0x00000000200000f8        0x1 build/portserial.o
 *fill*         0x00000000200000f9        0x1 
 .bss.counter   0x00000000200000fa        0x2 build/porttimer.o
                0x00000000200000fa                counter
 .bss.timeout   0x00000000200000fc        0x2 build/porttimer.o
 *fill*         0x00000000200000fe        0x2 
 .bss.lock_count
                0x0000000020000100        0x4 build/portcritical.o
 .bss.eRcvState
                0x0000000020000104        0x1 build/mbrtu.o
 .bss.eSndState
                0x0000000020000105        0x1 build/mbrtu.o
 *fill*         0x0000000020000106        0x2 
 .bss.pucSndBufferCur
                0x0000000020000108        0x4 build/mbrtu.o
 .bss.usRcvBufferPos
                0x000000002000010c        0x2 build/mbrtu.o
 .bss.usSndBufferCount
                0x000000002000010e        0x2 build/mbrtu.o
 .bss.eException.7486
                0x0000000020000110        0x1 build/mb.o
 *fill*         0x0000000020000111        0x3 
 .bss.peMBFrameReceiveCur
                0x0000000020000114        0x4 build/mb.o
 .bss.peMBFrameSendCur
                0x0000000020000118        0x4 build/mb.o
 .bss.pvMBFrameCloseCur
                0x000000002000011c        0x4 build/mb.o
 .bss.pvMBFrameStartCur
                0x0000000020000120        0x4 build/mb.o
 .bss.pvMBFrameStopCur
                0x0000000020000124        0x4 build/mb.o
 .bss.ucFunctionCode.7484
                0x0000000020000128        0x1 build/mb.o
 .bss.ucMBAddress
                0x0000000020000129        0x1 build/mb.o
 *fill*         0x000000002000012a        0x2 
 .bss.ucMBFrame.7482
                0x000000002000012c        0x4 build/mb.o
 .bss.ucRcvAddress.7483
                0x0000000020000130        0x1 build/mb.o
 *fill*         0x0000000020000131        0x1 
 .bss.usLength.7485
                0x0000000020000132        0x2 build/mb.o
 .bss.usSDiscInStart
                0x0000000020000134        0x2 build/user_mb_app.o
                0x0000000020000134                usSDiscInStart
 .bss.usSRegHoldStart
                0x0000000020000136        0x2 build/user_mb_app.o
                0x0000000020000136                usSRegHoldStart
 .bss.usSRegInStart
                0x0000000020000138        0x2 build/user_mb_app.o
                0x0000000020000138                usSRegInStart
 .bss.RegisterValueTwo
                0x000000002000013a        0x2 build/FunctionsTxRx.o
                0x000000002000013a                RegisterValueTwo
 .bss.result    0x000000002000013c        0x4 build/FunctionsTxRx.o
                0x000000002000013c                result
 .bss.tmpe      0x0000000020000140        0x4 build/FunctionsTxRx.o
                0x0000000020000140                tmpe
 .bss.tmp       0x0000000020000144        0x4 build/measuring_vd_vz.o
                0x0000000020000144                tmp
 *(COMMON)
 COMMON         0x0000000020000148       0x24 build/main.o
                0x0000000020000148                eventVD
                0x000000002000014c                id30max
                0x0000000020000150                eventDiagnostic
                0x0000000020000154                id30min
                0x0000000020000158                operatingMode
                0x000000002000015c                eventVZ
                0x0000000020000160                iz30max
                0x0000000020000164                iz30min
                0x0000000020000168                Start
 COMMON         0x000000002000016c       0x58 build/spi.o
                0x000000002000016c                hspi2
 COMMON         0x00000000200001c4      0x120 build/tim.o
                0x00000000200001c4                htim4
                0x000000002000020c                htim3
                0x0000000020000254                htim1
                0x000000002000029c                htim2
 COMMON         0x00000000200002e4       0x40 build/usart.o
                0x00000000200002e4                huart3
 COMMON         0x0000000020000324        0x4 build/stm32f1xx_hal.o
                0x0000000020000324                uwTick
 COMMON         0x0000000020000328        0x4 build/portserial.o
                0x0000000020000328                uart
 COMMON         0x000000002000032c        0x5 build/porttimer.o
                0x000000002000032c                tim
                0x0000000020000330                var
 *fill*         0x0000000020000331        0x3 
 COMMON         0x0000000020000334      0x100 build/mbrtu.o
                0x0000000020000334                ucRTUBuf
 COMMON         0x0000000020000434       0x14 build/mb.o
                0x0000000020000434                pxMBFrameCBTransmitterEmpty
                0x0000000020000438                pxMBPortCBTimerExpired
                0x000000002000043c                pxMBFrameCBByteReceived
                0x0000000020000440                pxMBFrameCBTransmitFSMCur
                0x0000000020000444                pxMBFrameCBReceiveFSMCur
 COMMON         0x0000000020000448       0x54 build/user_mb_app.o
                0x0000000020000448                ucSDiscInBuf
                0x000000002000044c                usSRegHoldBuf
                0x0000000020000474                usSRegInBuf
 COMMON         0x000000002000049c        0x8 build/FunctionsTxRx.o
                0x000000002000049c                RegisterValueOne
                0x000000002000049e                out
                0x00000000200004a0                value
 COMMON         0x00000000200004a4       0x10 build/measuring_vd_vz.o
                0x00000000200004a4                currentADC_vz
                0x00000000200004a8                currentADC_vd
                0x00000000200004ac                voltageADC_vd
                0x00000000200004b0                voltageADC_vz
                0x00000000200004b4                . = ALIGN (0x4)
                0x00000000200004b4                _ebss = .
                0x00000000200004b4                __bss_end__ = _ebss

._user_heap_stack
                0x00000000200004b4      0x604 load address 0x0000000008003dcc
                0x00000000200004b8                . = ALIGN (0x8)
 *fill*         0x00000000200004b4        0x4 
                [!provide]                        PROVIDE (end = .)
                [!provide]                        PROVIDE (_end = .)
                0x00000000200006b8                . = (. + _Min_Heap_Size)
 *fill*         0x00000000200004b8      0x200 
                0x0000000020000ab8                . = (. + _Min_Stack_Size)
 *fill*         0x00000000200006b8      0x400 
                0x0000000020000ab8                . = ALIGN (0x8)

/DISCARD/
 libc.a(*)
 libm.a(*)
 libgcc.a(*)

.ARM.attributes
                0x0000000000000000       0x29
 *(.ARM.attributes)
 .ARM.attributes
                0x0000000000000000       0x1d c:/vscodeproject/software/arm_gcc/bin/../lib/gcc/arm-none-eabi/9.2.1/thumb/v7-m/nofp/crti.o
 .ARM.attributes
                0x000000000000001d       0x2d c:/vscodeproject/software/arm_gcc/bin/../lib/gcc/arm-none-eabi/9.2.1/thumb/v7-m/nofp/crtbegin.o
 .ARM.attributes
                0x000000000000004a       0x2d build/main.o
 .ARM.attributes
                0x0000000000000077       0x2d build/gpio.o
 .ARM.attributes
                0x00000000000000a4       0x2d build/spi.o
 .ARM.attributes
                0x00000000000000d1       0x2d build/tim.o
 .ARM.attributes
                0x00000000000000fe       0x2d build/usart.o
 .ARM.attributes
                0x000000000000012b       0x2d build/stm32f1xx_it.o
 .ARM.attributes
                0x0000000000000158       0x2d build/stm32f1xx_hal_msp.o
 .ARM.attributes
                0x0000000000000185       0x2d build/stm32f1xx_hal_spi.o
 .ARM.attributes
                0x00000000000001b2       0x2d build/stm32f1xx_hal.o
 .ARM.attributes
                0x00000000000001df       0x2d build/stm32f1xx_hal_rcc.o
 .ARM.attributes
                0x000000000000020c       0x2d build/stm32f1xx_hal_gpio.o
 .ARM.attributes
                0x0000000000000239       0x2d build/stm32f1xx_hal_dma.o
 .ARM.attributes
                0x0000000000000266       0x2d build/stm32f1xx_hal_cortex.o
 .ARM.attributes
                0x0000000000000293       0x2d build/stm32f1xx_hal_tim.o
 .ARM.attributes
                0x00000000000002c0       0x2d build/stm32f1xx_hal_tim_ex.o
 .ARM.attributes
                0x00000000000002ed       0x2d build/stm32f1xx_hal_uart.o
 .ARM.attributes
                0x000000000000031a       0x2d build/system_stm32f1xx.o
 .ARM.attributes
                0x0000000000000347       0x2d build/mbfunccoils.o
 .ARM.attributes
                0x0000000000000374       0x2d build/mbfuncdisc.o
 .ARM.attributes
                0x00000000000003a1       0x2d build/mbfuncholding.o
 .ARM.attributes
                0x00000000000003ce       0x2d build/mbfuncinput.o
 .ARM.attributes
                0x00000000000003fb       0x2d build/mbfuncother.o
 .ARM.attributes
                0x0000000000000428       0x2d build/mbutils.o
 .ARM.attributes
                0x0000000000000455       0x2d build/portevent.o
 .ARM.attributes
                0x0000000000000482       0x2d build/portserial.o
 .ARM.attributes
                0x00000000000004af       0x2d build/porttimer.o
 .ARM.attributes
                0x00000000000004dc       0x2d build/portcritical.o
 .ARM.attributes
                0x0000000000000509       0x2d build/mbcrc.o
 .ARM.attributes
                0x0000000000000536       0x2d build/mbrtu.o
 .ARM.attributes
                0x0000000000000563       0x2d build/mb.o
 .ARM.attributes
                0x0000000000000590       0x2d build/user_mb_app.o
 .ARM.attributes
                0x00000000000005bd       0x2d build/FunctionsTxRx.o
 .ARM.attributes
                0x00000000000005ea       0x2d build/mode.o
 .ARM.attributes
                0x0000000000000617       0x2d build/measuring_vd_vz.o
 .ARM.attributes
                0x0000000000000644       0x21 build/startup_stm32f103xb.o
 .ARM.attributes
                0x0000000000000665       0x2d c:/vscodeproject/software/arm_gcc/bin/../lib/gcc/arm-none-eabi/9.2.1/../../../../arm-none-eabi/lib/thumb/v7-m/nofp\libc_nano.a(lib_a-init.o)
 .ARM.attributes
                0x0000000000000692       0x2d c:/vscodeproject/software/arm_gcc/bin/../lib/gcc/arm-none-eabi/9.2.1/../../../../arm-none-eabi/lib/thumb/v7-m/nofp\libc_nano.a(lib_a-memcpy-stub.o)
 .ARM.attributes
                0x00000000000006bf       0x2d c:/vscodeproject/software/arm_gcc/bin/../lib/gcc/arm-none-eabi/9.2.1/../../../../arm-none-eabi/lib/thumb/v7-m/nofp\libc_nano.a(lib_a-memset.o)
 .ARM.attributes
                0x00000000000006ec       0x1d c:/vscodeproject/software/arm_gcc/bin/../lib/gcc/arm-none-eabi/9.2.1/thumb/v7-m/nofp\libgcc.a(_arm_mulsf3.o)
 .ARM.attributes
                0x0000000000000709       0x1d c:/vscodeproject/software/arm_gcc/bin/../lib/gcc/arm-none-eabi/9.2.1/thumb/v7-m/nofp\libgcc.a(_arm_addsubsf3.o)
 .ARM.attributes
                0x0000000000000726       0x1d c:/vscodeproject/software/arm_gcc/bin/../lib/gcc/arm-none-eabi/9.2.1/thumb/v7-m/nofp/crtn.o
OUTPUT(build/Generator_PWR.elf elf32-littlearm)

.debug_info     0x0000000000000000    0x346e8
 .debug_info    0x0000000000000000     0x1e4d build/main.o
 .debug_info    0x0000000000001e4d     0x1b64 build/gpio.o
 .debug_info    0x00000000000039b1     0x19a9 build/spi.o
 .debug_info    0x000000000000535a     0x2265 build/tim.o
 .debug_info    0x00000000000075bf     0x1b65 build/usart.o
 .debug_info    0x0000000000009124     0x189e build/stm32f1xx_it.o
 .debug_info    0x000000000000a9c2     0x1819 build/stm32f1xx_hal_msp.o
 .debug_info    0x000000000000c1db     0x1fa2 build/stm32f1xx_hal_spi.o
 .debug_info    0x000000000000e17d      0x8e4 build/stm32f1xx_hal.o
 .debug_info    0x000000000000ea61      0xb67 build/stm32f1xx_hal_rcc.o
 .debug_info    0x000000000000f5c8      0x7d1 build/stm32f1xx_hal_gpio.o
 .debug_info    0x000000000000fd99      0x9b5 build/stm32f1xx_hal_dma.o
 .debug_info    0x000000000001074e      0xef7 build/stm32f1xx_hal_cortex.o
 .debug_info    0x0000000000011645     0x3ea5 build/stm32f1xx_hal_tim.o
 .debug_info    0x00000000000154ea     0x1c1a build/stm32f1xx_hal_tim_ex.o
 .debug_info    0x0000000000017104     0x1a8f build/stm32f1xx_hal_uart.o
 .debug_info    0x0000000000018b93      0x2f7 build/system_stm32f1xx.o
 .debug_info    0x0000000000018e8a     0x1a81 build/mbfunccoils.o
 .debug_info    0x000000000001a90b     0x18b2 build/mbfuncdisc.o
 .debug_info    0x000000000001c1bd     0x1b66 build/mbfuncholding.o
 .debug_info    0x000000000001dd23     0x18a4 build/mbfuncinput.o
 .debug_info    0x000000000001f5c7     0x1914 build/mbfuncother.o
 .debug_info    0x0000000000020edb     0x1968 build/mbutils.o
 .debug_info    0x0000000000022843     0x17d2 build/portevent.o
 .debug_info    0x0000000000024015     0x19c5 build/portserial.o
 .debug_info    0x00000000000259da     0x184f build/porttimer.o
 .debug_info    0x0000000000027229     0x16fb build/portcritical.o
 .debug_info    0x0000000000028924     0x1755 build/mbcrc.o
 .debug_info    0x000000000002a079     0x1d5d build/mbrtu.o
 .debug_info    0x000000000002bdd6     0x1d65 build/mb.o
 .debug_info    0x000000000002db3b     0x1b14 build/user_mb_app.o
 .debug_info    0x000000000002f64f     0x1788 build/FunctionsTxRx.o
 .debug_info    0x0000000000030dd7     0x1d26 build/mode.o
 .debug_info    0x0000000000032afd     0x1bc9 build/measuring_vd_vz.o
 .debug_info    0x00000000000346c6       0x22 build/startup_stm32f103xb.o

.debug_abbrev   0x0000000000000000     0x57da
 .debug_abbrev  0x0000000000000000      0x2e2 build/main.o
 .debug_abbrev  0x00000000000002e2      0x269 build/gpio.o
 .debug_abbrev  0x000000000000054b      0x28e build/spi.o
 .debug_abbrev  0x00000000000007d9      0x334 build/tim.o
 .debug_abbrev  0x0000000000000b0d      0x297 build/usart.o
 .debug_abbrev  0x0000000000000da4      0x285 build/stm32f1xx_it.o
 .debug_abbrev  0x0000000000001029      0x22f build/stm32f1xx_hal_msp.o
 .debug_abbrev  0x0000000000001258      0x2be build/stm32f1xx_hal_spi.o
 .debug_abbrev  0x0000000000001516      0x21c build/stm32f1xx_hal.o
 .debug_abbrev  0x0000000000001732      0x2ad build/stm32f1xx_hal_rcc.o
 .debug_abbrev  0x00000000000019df      0x24f build/stm32f1xx_hal_gpio.o
 .debug_abbrev  0x0000000000001c2e      0x283 build/stm32f1xx_hal_dma.o
 .debug_abbrev  0x0000000000001eb1      0x37f build/stm32f1xx_hal_cortex.o
 .debug_abbrev  0x0000000000002230      0x2c3 build/stm32f1xx_hal_tim.o
 .debug_abbrev  0x00000000000024f3      0x2ab build/stm32f1xx_hal_tim_ex.o
 .debug_abbrev  0x000000000000279e      0x2ea build/stm32f1xx_hal_uart.o
 .debug_abbrev  0x0000000000002a88      0x153 build/system_stm32f1xx.o
 .debug_abbrev  0x0000000000002bdb      0x288 build/mbfunccoils.o
 .debug_abbrev  0x0000000000002e63      0x277 build/mbfuncdisc.o
 .debug_abbrev  0x00000000000030da      0x282 build/mbfuncholding.o
 .debug_abbrev  0x000000000000335c      0x277 build/mbfuncinput.o
 .debug_abbrev  0x00000000000035d3      0x265 build/mbfuncother.o
 .debug_abbrev  0x0000000000003838      0x274 build/mbutils.o
 .debug_abbrev  0x0000000000003aac      0x258 build/portevent.o
 .debug_abbrev  0x0000000000003d04      0x2e5 build/portserial.o
 .debug_abbrev  0x0000000000003fe9      0x2bb build/porttimer.o
 .debug_abbrev  0x00000000000042a4      0x230 build/portcritical.o
 .debug_abbrev  0x00000000000044d4      0x233 build/mbcrc.o
 .debug_abbrev  0x0000000000004707      0x2f1 build/mbrtu.o
 .debug_abbrev  0x00000000000049f8      0x324 build/mb.o
 .debug_abbrev  0x0000000000004d1c      0x2ba build/user_mb_app.o
 .debug_abbrev  0x0000000000004fd6      0x264 build/FunctionsTxRx.o
 .debug_abbrev  0x000000000000523a      0x28f build/mode.o
 .debug_abbrev  0x00000000000054c9      0x2ff build/measuring_vd_vz.o
 .debug_abbrev  0x00000000000057c8       0x12 build/startup_stm32f103xb.o

.debug_loc      0x0000000000000000    0x10ac4
 .debug_loc     0x0000000000000000       0x72 build/main.o
 .debug_loc     0x0000000000000072       0x38 build/gpio.o
 .debug_loc     0x00000000000000aa      0x108 build/spi.o
 .debug_loc     0x00000000000001b2      0x355 build/tim.o
 .debug_loc     0x0000000000000507      0x108 build/usart.o
 .debug_loc     0x000000000000060f       0xe0 build/stm32f1xx_it.o
 .debug_loc     0x00000000000006ef       0x41 build/stm32f1xx_hal_msp.o
 .debug_loc     0x0000000000000730     0x2452 build/stm32f1xx_hal_spi.o
 .debug_loc     0x0000000000002b82      0x1e1 build/stm32f1xx_hal.o
 .debug_loc     0x0000000000002d63      0x77e build/stm32f1xx_hal_rcc.o
 .debug_loc     0x00000000000034e1      0x548 build/stm32f1xx_hal_gpio.o
 .debug_loc     0x0000000000003a29      0x901 build/stm32f1xx_hal_dma.o
 .debug_loc     0x000000000000432a      0x7af build/stm32f1xx_hal_cortex.o
 .debug_loc     0x0000000000004ad9     0x5314 build/stm32f1xx_hal_tim.o
 .debug_loc     0x0000000000009ded     0x1f01 build/stm32f1xx_hal_tim_ex.o
 .debug_loc     0x000000000000bcee     0x1e05 build/stm32f1xx_hal_uart.o
 .debug_loc     0x000000000000daf3       0xff build/system_stm32f1xx.o
 .debug_loc     0x000000000000dbf2      0x6d6 build/mbfunccoils.o
 .debug_loc     0x000000000000e2c8      0x289 build/mbfuncdisc.o
 .debug_loc     0x000000000000e551      0x809 build/mbfuncholding.o
 .debug_loc     0x000000000000ed5a      0x1d8 build/mbfuncinput.o
 .debug_loc     0x000000000000ef32      0x220 build/mbfuncother.o
 .debug_loc     0x000000000000f152      0x37a build/mbutils.o
 .debug_loc     0x000000000000f4cc       0x89 build/portevent.o
 .debug_loc     0x000000000000f555      0x2a5 build/portserial.o
 .debug_loc     0x000000000000f7fa       0xc8 build/porttimer.o
 .debug_loc     0x000000000000f8c2      0x103 build/mbcrc.o
 .debug_loc     0x000000000000f9c5      0x496 build/mbrtu.o
 .debug_loc     0x000000000000fe5b      0x459 build/mb.o
 .debug_loc     0x00000000000102b4      0x54e build/user_mb_app.o
 .debug_loc     0x0000000000010802       0x84 build/FunctionsTxRx.o
 .debug_loc     0x0000000000010886       0xe3 build/mode.o
 .debug_loc     0x0000000000010969      0x15b build/measuring_vd_vz.o

.debug_aranges  0x0000000000000000     0x1150
 .debug_aranges
                0x0000000000000000       0x30 build/main.o
 .debug_aranges
                0x0000000000000030       0x20 build/gpio.o
 .debug_aranges
                0x0000000000000050       0x30 build/spi.o
 .debug_aranges
                0x0000000000000080       0x60 build/tim.o
 .debug_aranges
                0x00000000000000e0       0x30 build/usart.o
 .debug_aranges
                0x0000000000000110       0x90 build/stm32f1xx_it.o
 .debug_aranges
                0x00000000000001a0       0x20 build/stm32f1xx_hal_msp.o
 .debug_aranges
                0x00000000000001c0      0x1d0 build/stm32f1xx_hal_spi.o
 .debug_aranges
                0x0000000000000390       0xe0 build/stm32f1xx_hal.o
 .debug_aranges
                0x0000000000000470       0x90 build/stm32f1xx_hal_rcc.o
 .debug_aranges
                0x0000000000000500       0x58 build/stm32f1xx_hal_gpio.o
 .debug_aranges
                0x0000000000000558       0x80 build/stm32f1xx_hal_dma.o
 .debug_aranges
                0x00000000000005d8       0x90 build/stm32f1xx_hal_cortex.o
 .debug_aranges
                0x0000000000000668      0x3d0 build/stm32f1xx_hal_tim.o
 .debug_aranges
                0x0000000000000a38      0x168 build/stm32f1xx_hal_tim_ex.o
 .debug_aranges
                0x0000000000000ba0      0x1d0 build/stm32f1xx_hal_uart.o
 .debug_aranges
                0x0000000000000d70       0x28 build/system_stm32f1xx.o
 .debug_aranges
                0x0000000000000d98       0x30 build/mbfunccoils.o
 .debug_aranges
                0x0000000000000dc8       0x20 build/mbfuncdisc.o
 .debug_aranges
                0x0000000000000de8       0x38 build/mbfuncholding.o
 .debug_aranges
                0x0000000000000e20       0x20 build/mbfuncinput.o
 .debug_aranges
                0x0000000000000e40       0x28 build/mbfuncother.o
 .debug_aranges
                0x0000000000000e68       0x30 build/mbutils.o
 .debug_aranges
                0x0000000000000e98       0x30 build/portevent.o
 .debug_aranges
                0x0000000000000ec8       0x58 build/portserial.o
 .debug_aranges
                0x0000000000000f20       0x38 build/porttimer.o
 .debug_aranges
                0x0000000000000f58       0x28 build/portcritical.o
 .debug_aranges
                0x0000000000000f80       0x20 build/mbcrc.o
 .debug_aranges
                0x0000000000000fa0       0x58 build/mbrtu.o
 .debug_aranges
                0x0000000000000ff8       0x48 build/mb.o
 .debug_aranges
                0x0000000000001040       0x38 build/user_mb_app.o
 .debug_aranges
                0x0000000000001078       0x28 build/FunctionsTxRx.o
 .debug_aranges
                0x00000000000010a0       0x48 build/mode.o
 .debug_aranges
                0x00000000000010e8       0x40 build/measuring_vd_vz.o
 .debug_aranges
                0x0000000000001128       0x28 build/startup_stm32f103xb.o

.debug_ranges   0x0000000000000000      0xfa8
 .debug_ranges  0x0000000000000000       0x20 build/main.o
 .debug_ranges  0x0000000000000020       0x10 build/gpio.o
 .debug_ranges  0x0000000000000030       0x20 build/spi.o
 .debug_ranges  0x0000000000000050       0x50 build/tim.o
 .debug_ranges  0x00000000000000a0       0x20 build/usart.o
 .debug_ranges  0x00000000000000c0       0x80 build/stm32f1xx_it.o
 .debug_ranges  0x0000000000000140       0x10 build/stm32f1xx_hal_msp.o
 .debug_ranges  0x0000000000000150      0x1c0 build/stm32f1xx_hal_spi.o
 .debug_ranges  0x0000000000000310       0xd0 build/stm32f1xx_hal.o
 .debug_ranges  0x00000000000003e0       0xa0 build/stm32f1xx_hal_rcc.o
 .debug_ranges  0x0000000000000480       0x48 build/stm32f1xx_hal_gpio.o
 .debug_ranges  0x00000000000004c8       0x70 build/stm32f1xx_hal_dma.o
 .debug_ranges  0x0000000000000538       0xe0 build/stm32f1xx_hal_cortex.o
 .debug_ranges  0x0000000000000618      0x3c0 build/stm32f1xx_hal_tim.o
 .debug_ranges  0x00000000000009d8      0x158 build/stm32f1xx_hal_tim_ex.o
 .debug_ranges  0x0000000000000b30      0x1c0 build/stm32f1xx_hal_uart.o
 .debug_ranges  0x0000000000000cf0       0x18 build/system_stm32f1xx.o
 .debug_ranges  0x0000000000000d08       0x20 build/mbfunccoils.o
 .debug_ranges  0x0000000000000d28       0x10 build/mbfuncdisc.o
 .debug_ranges  0x0000000000000d38       0x28 build/mbfuncholding.o
 .debug_ranges  0x0000000000000d60       0x10 build/mbfuncinput.o
 .debug_ranges  0x0000000000000d70       0x18 build/mbfuncother.o
 .debug_ranges  0x0000000000000d88       0x20 build/mbutils.o
 .debug_ranges  0x0000000000000da8       0x20 build/portevent.o
 .debug_ranges  0x0000000000000dc8       0x48 build/portserial.o
 .debug_ranges  0x0000000000000e10       0x28 build/porttimer.o
 .debug_ranges  0x0000000000000e38       0x18 build/portcritical.o
 .debug_ranges  0x0000000000000e50       0x10 build/mbcrc.o
 .debug_ranges  0x0000000000000e60       0x48 build/mbrtu.o
 .debug_ranges  0x0000000000000ea8       0x38 build/mb.o
 .debug_ranges  0x0000000000000ee0       0x28 build/user_mb_app.o
 .debug_ranges  0x0000000000000f08       0x18 build/FunctionsTxRx.o
 .debug_ranges  0x0000000000000f20       0x38 build/mode.o
 .debug_ranges  0x0000000000000f58       0x30 build/measuring_vd_vz.o
 .debug_ranges  0x0000000000000f88       0x20 build/startup_stm32f103xb.o

.debug_line     0x0000000000000000    0x13615
 .debug_line    0x0000000000000000      0x501 build/main.o
 .debug_line    0x0000000000000501      0x388 build/gpio.o
 .debug_line    0x0000000000000889      0x3c5 build/spi.o
 .debug_line    0x0000000000000c4e      0x74e build/tim.o
 .debug_line    0x000000000000139c      0x3c6 build/usart.o
 .debug_line    0x0000000000001762      0x43c build/stm32f1xx_it.o
 .debug_line    0x0000000000001b9e      0x2b0 build/stm32f1xx_hal_msp.o
 .debug_line    0x0000000000001e4e     0x242b build/stm32f1xx_hal_spi.o
 .debug_line    0x0000000000004279      0x4f0 build/stm32f1xx_hal.o
 .debug_line    0x0000000000004769      0xc11 build/stm32f1xx_hal_rcc.o
 .debug_line    0x000000000000537a      0x5f2 build/stm32f1xx_hal_gpio.o
 .debug_line    0x000000000000596c      0xa65 build/stm32f1xx_hal_dma.o
 .debug_line    0x00000000000063d1      0x646 build/stm32f1xx_hal_cortex.o
 .debug_line    0x0000000000006a17     0x4681 build/stm32f1xx_hal_tim.o
 .debug_line    0x000000000000b098     0x1c70 build/stm32f1xx_hal_tim_ex.o
 .debug_line    0x000000000000cd08     0x1bb2 build/stm32f1xx_hal_uart.o
 .debug_line    0x000000000000e8ba      0x25b build/system_stm32f1xx.o
 .debug_line    0x000000000000eb15      0x5b3 build/mbfunccoils.o
 .debug_line    0x000000000000f0c8      0x41b build/mbfuncdisc.o
 .debug_line    0x000000000000f4e3      0x651 build/mbfuncholding.o
 .debug_line    0x000000000000fb34      0x3ff build/mbfuncinput.o
 .debug_line    0x000000000000ff33      0x3f9 build/mbfuncother.o
 .debug_line    0x000000000001032c      0x43f build/mbutils.o
 .debug_line    0x000000000001076b      0x34c build/portevent.o
 .debug_line    0x0000000000010ab7      0x3fd build/portserial.o
 .debug_line    0x0000000000010eb4      0x35e build/porttimer.o
 .debug_line    0x0000000000011212      0x308 build/portcritical.o
 .debug_line    0x000000000001151a      0x304 build/mbcrc.o
 .debug_line    0x000000000001181e      0x5c4 build/mbrtu.o
 .debug_line    0x0000000000011de2      0x6d0 build/mb.o
 .debug_line    0x00000000000124b2      0x51a build/user_mb_app.o
 .debug_line    0x00000000000129cc      0x303 build/FunctionsTxRx.o
 .debug_line    0x0000000000012ccf      0x464 build/mode.o
 .debug_line    0x0000000000013133      0x470 build/measuring_vd_vz.o
 .debug_line    0x00000000000135a3       0x72 build/startup_stm32f103xb.o

.debug_str      0x0000000000000000     0x50f1
 .debug_str     0x0000000000000000     0x1161 build/main.o
                                       0x128b (size before relaxing)
 .debug_str     0x0000000000001161      0x383 build/gpio.o
                                       0x122f (size before relaxing)
 .debug_str     0x00000000000014e4       0x53 build/spi.o
                                        0xf80 (size before relaxing)
 .debug_str     0x0000000000001537      0x335 build/tim.o
                                       0x15a2 (size before relaxing)
 .debug_str     0x000000000000186c       0x49 build/usart.o
                                       0x129e (size before relaxing)
 .debug_str     0x00000000000018b5      0x159 build/stm32f1xx_it.o
                                        0xfae (size before relaxing)
 .debug_str     0x0000000000001a0e       0x24 build/stm32f1xx_hal_msp.o
                                        0xeed (size before relaxing)
 .debug_str     0x0000000000001a32      0x57e build/stm32f1xx_hal_spi.o
                                        0xc0f (size before relaxing)
 .debug_str     0x0000000000001fb0      0x258 build/stm32f1xx_hal.o
                                        0x864 (size before relaxing)
 .debug_str     0x0000000000002208      0x1e6 build/stm32f1xx_hal_rcc.o
                                        0x6b3 (size before relaxing)
 .debug_str     0x00000000000023ee       0xfe build/stm32f1xx_hal_gpio.o
                                        0x4d1 (size before relaxing)
 .debug_str     0x00000000000024ec      0x207 build/stm32f1xx_hal_dma.o
                                        0x6ce (size before relaxing)
 .debug_str     0x00000000000026f3      0x391 build/stm32f1xx_hal_cortex.o
                                        0x980 (size before relaxing)
 .debug_str     0x0000000000002a84      0xd78 build/stm32f1xx_hal_tim.o
                                       0x1709 (size before relaxing)
 .debug_str     0x00000000000037fc      0x498 build/stm32f1xx_hal_tim_ex.o
                                        0xf33 (size before relaxing)
 .debug_str     0x0000000000003c94      0x4ff build/stm32f1xx_hal_uart.o
                                        0xc61 (size before relaxing)
 .debug_str     0x0000000000004193       0x4a build/system_stm32f1xx.o
                                        0x2e2 (size before relaxing)
 .debug_str     0x00000000000041dd      0x289 build/mbfunccoils.o
                                       0x118b (size before relaxing)
 .debug_str     0x0000000000004466       0x63 build/mbfuncdisc.o
                                       0x1126 (size before relaxing)
 .debug_str     0x00000000000044c9      0x130 build/mbfuncholding.o
                                       0x1203 (size before relaxing)
 .debug_str     0x00000000000045f9       0x52 build/mbfuncinput.o
                                       0x1117 (size before relaxing)
 .debug_str     0x000000000000464b       0xb4 build/mbfuncother.o
                                       0x113b (size before relaxing)
 .debug_str     0x00000000000046ff       0xa7 build/mbutils.o
                                       0x112e (size before relaxing)
 .debug_str     0x00000000000047a6       0xc1 build/portevent.o
                                        0xfca (size before relaxing)
 .debug_str     0x0000000000004867       0xe4 build/portserial.o
                                       0x1096 (size before relaxing)
 .debug_str     0x000000000000494b       0x7a build/porttimer.o
                                        0xff9 (size before relaxing)
 .debug_str     0x00000000000049c5       0x60 build/portcritical.o
                                        0xec3 (size before relaxing)
 .debug_str     0x0000000000004a25       0x42 build/mbcrc.o
                                        0xec3 (size before relaxing)
 .debug_str     0x0000000000004a67      0x1a5 build/mbrtu.o
                                       0x1260 (size before relaxing)
 .debug_str     0x0000000000004c0c      0x1c1 build/mb.o
                                       0x1365 (size before relaxing)
 .debug_str     0x0000000000004dcd      0x198 build/user_mb_app.o
                                       0x1196 (size before relaxing)
 .debug_str     0x0000000000004f65       0x53 build/FunctionsTxRx.o
                                        0xef0 (size before relaxing)
 .debug_str     0x0000000000004fb8       0x33 build/mode.o
                                       0x10a8 (size before relaxing)
 .debug_str     0x0000000000004feb       0xe2 build/measuring_vd_vz.o
                                       0x1083 (size before relaxing)
 .debug_str     0x00000000000050cd       0x24 build/startup_stm32f103xb.o
                                         0x44 (size before relaxing)

.comment        0x0000000000000000       0x66
 .comment       0x0000000000000000       0x66 build/main.o
                                         0x67 (size before relaxing)
 .comment       0x0000000000000066       0x67 build/gpio.o
 .comment       0x0000000000000066       0x67 build/spi.o
 .comment       0x0000000000000066       0x67 build/tim.o
 .comment       0x0000000000000066       0x67 build/usart.o
 .comment       0x0000000000000066       0x67 build/stm32f1xx_it.o
 .comment       0x0000000000000066       0x67 build/stm32f1xx_hal_msp.o
 .comment       0x0000000000000066       0x67 build/stm32f1xx_hal_spi.o
 .comment       0x0000000000000066       0x67 build/stm32f1xx_hal.o
 .comment       0x0000000000000066       0x67 build/stm32f1xx_hal_rcc.o
 .comment       0x0000000000000066       0x67 build/stm32f1xx_hal_gpio.o
 .comment       0x0000000000000066       0x67 build/stm32f1xx_hal_dma.o
 .comment       0x0000000000000066       0x67 build/stm32f1xx_hal_cortex.o
 .comment       0x0000000000000066       0x67 build/stm32f1xx_hal_tim.o
 .comment       0x0000000000000066       0x67 build/stm32f1xx_hal_tim_ex.o
 .comment       0x0000000000000066       0x67 build/stm32f1xx_hal_uart.o
 .comment       0x0000000000000066       0x67 build/system_stm32f1xx.o
 .comment       0x0000000000000066       0x67 build/mbfunccoils.o
 .comment       0x0000000000000066       0x67 build/mbfuncdisc.o
 .comment       0x0000000000000066       0x67 build/mbfuncholding.o
 .comment       0x0000000000000066       0x67 build/mbfuncinput.o
 .comment       0x0000000000000066       0x67 build/mbfuncother.o
 .comment       0x0000000000000066       0x67 build/mbutils.o
 .comment       0x0000000000000066       0x67 build/portevent.o
 .comment       0x0000000000000066       0x67 build/portserial.o
 .comment       0x0000000000000066       0x67 build/porttimer.o
 .comment       0x0000000000000066       0x67 build/portcritical.o
 .comment       0x0000000000000066       0x67 build/mbcrc.o
 .comment       0x0000000000000066       0x67 build/mbrtu.o
 .comment       0x0000000000000066       0x67 build/mb.o
 .comment       0x0000000000000066       0x67 build/user_mb_app.o
 .comment       0x0000000000000066       0x67 build/FunctionsTxRx.o
 .comment       0x0000000000000066       0x67 build/mode.o
 .comment       0x0000000000000066       0x67 build/measuring_vd_vz.o

.debug_frame    0x0000000000000000     0x3174
 .debug_frame   0x0000000000000000       0x5c build/main.o
 .debug_frame   0x000000000000005c       0x3c build/gpio.o
 .debug_frame   0x0000000000000098       0x6c build/spi.o
 .debug_frame   0x0000000000000104      0x118 build/tim.o
 .debug_frame   0x000000000000021c       0x70 build/usart.o
 .debug_frame   0x000000000000028c      0x154 build/stm32f1xx_it.o
 .debug_frame   0x00000000000003e0       0x28 build/stm32f1xx_hal_msp.o
 .debug_frame   0x0000000000000408      0x63c build/stm32f1xx_hal_spi.o
 .debug_frame   0x0000000000000a44      0x1e0 build/stm32f1xx_hal.o
 .debug_frame   0x0000000000000c24      0x1bc build/stm32f1xx_hal_rcc.o
 .debug_frame   0x0000000000000de0      0x104 build/stm32f1xx_hal_gpio.o
 .debug_frame   0x0000000000000ee4      0x168 build/stm32f1xx_hal_dma.o
 .debug_frame   0x000000000000104c      0x13c build/stm32f1xx_hal_cortex.o
 .debug_frame   0x0000000000001188      0xc80 build/stm32f1xx_hal_tim.o
 .debug_frame   0x0000000000001e08      0x498 build/stm32f1xx_hal_tim_ex.o
 .debug_frame   0x00000000000022a0      0x570 build/stm32f1xx_hal_uart.o
 .debug_frame   0x0000000000002810       0x30 build/system_stm32f1xx.o
 .debug_frame   0x0000000000002840       0x94 build/mbfunccoils.o
 .debug_frame   0x00000000000028d4       0x30 build/mbfuncdisc.o
 .debug_frame   0x0000000000002904       0x94 build/mbfuncholding.o
 .debug_frame   0x0000000000002998       0x30 build/mbfuncinput.o
 .debug_frame   0x00000000000029c8       0x5c build/mbfuncother.o
 .debug_frame   0x0000000000002a24       0x64 build/mbutils.o
 .debug_frame   0x0000000000002a88       0x40 build/portevent.o
 .debug_frame   0x0000000000002ac8       0xd8 build/portserial.o
 .debug_frame   0x0000000000002ba0       0x74 build/porttimer.o
 .debug_frame   0x0000000000002c14       0x30 build/portcritical.o
 .debug_frame   0x0000000000002c44       0x30 build/mbcrc.o
 .debug_frame   0x0000000000002c74      0x10c build/mbrtu.o
 .debug_frame   0x0000000000002d80       0xd0 build/mb.o
 .debug_frame   0x0000000000002e50       0x94 build/user_mb_app.o
 .debug_frame   0x0000000000002ee4       0x38 build/FunctionsTxRx.o
 .debug_frame   0x0000000000002f1c       0xc4 build/mode.o
 .debug_frame   0x0000000000002fe0       0xb0 build/measuring_vd_vz.o
 .debug_frame   0x0000000000003090       0x2c c:/vscodeproject/software/arm_gcc/bin/../lib/gcc/arm-none-eabi/9.2.1/../../../../arm-none-eabi/lib/thumb/v7-m/nofp\libc_nano.a(lib_a-init.o)
 .debug_frame   0x00000000000030bc       0x28 c:/vscodeproject/software/arm_gcc/bin/../lib/gcc/arm-none-eabi/9.2.1/../../../../arm-none-eabi/lib/thumb/v7-m/nofp\libc_nano.a(lib_a-memcpy-stub.o)
 .debug_frame   0x00000000000030e4       0x20 c:/vscodeproject/software/arm_gcc/bin/../lib/gcc/arm-none-eabi/9.2.1/../../../../arm-none-eabi/lib/thumb/v7-m/nofp\libc_nano.a(lib_a-memset.o)
 .debug_frame   0x0000000000003104       0x24 c:/vscodeproject/software/arm_gcc/bin/../lib/gcc/arm-none-eabi/9.2.1/thumb/v7-m/nofp\libgcc.a(_arm_mulsf3.o)
 .debug_frame   0x0000000000003128       0x4c c:/vscodeproject/software/arm_gcc/bin/../lib/gcc/arm-none-eabi/9.2.1/thumb/v7-m/nofp\libgcc.a(_arm_addsubsf3.o)

Cross Reference Table

Symbol                                            File
AD7682_IN0                                        build/measuring_vd_vz.o
AD7682_IN1                                        build/measuring_vd_vz.o
AD7682_IN2                                        build/measuring_vd_vz.o
AD7682_IN3                                        build/measuring_vd_vz.o
ADC1_2_IRQHandler                                 build/startup_stm32f103xb.o
AHBPrescTable                                     build/system_stm32f1xx.o
                                                  build/stm32f1xx_hal_rcc.o
APBPrescTable                                     build/system_stm32f1xx.o
                                                  build/stm32f1xx_hal_rcc.o
BusFault_Handler                                  build/stm32f1xx_it.o
CAN1_RX1_IRQHandler                               build/startup_stm32f103xb.o
CAN1_SCE_IRQHandler                               build/startup_stm32f103xb.o
CFG                                               build/measuring_vd_vz.o
DMA1_Channel1_IRQHandler                          build/startup_stm32f103xb.o
DMA1_Channel2_IRQHandler                          build/startup_stm32f103xb.o
DMA1_Channel3_IRQHandler                          build/startup_stm32f103xb.o
DMA1_Channel4_IRQHandler                          build/startup_stm32f103xb.o
DMA1_Channel5_IRQHandler                          build/startup_stm32f103xb.o
DMA1_Channel6_IRQHandler                          build/startup_stm32f103xb.o
DMA1_Channel7_IRQHandler                          build/startup_stm32f103xb.o
DebugMon_Handler                                  build/stm32f1xx_it.o
Default_Handler                                   build/startup_stm32f103xb.o
EXTI0_IRQHandler                                  build/startup_stm32f103xb.o
EXTI15_10_IRQHandler                              build/stm32f1xx_it.o
EXTI1_IRQHandler                                  build/startup_stm32f103xb.o
EXTI2_IRQHandler                                  build/startup_stm32f103xb.o
EXTI3_IRQHandler                                  build/startup_stm32f103xb.o
EXTI4_IRQHandler                                  build/startup_stm32f103xb.o
EXTI9_5_IRQHandler                                build/stm32f1xx_it.o
Error_Handler                                     build/main.o
                                                  build/usart.o
                                                  build/tim.o
                                                  build/spi.o
FLASH_IRQHandler                                  build/startup_stm32f103xb.o
FLASH_PageErase                                   build/stm32f1xx_hal_flash_ex.o
                                                  build/stm32f1xx_hal_flash.o
FLASH_WaitForLastOperation                        build/stm32f1xx_hal_flash.o
                                                  build/stm32f1xx_hal_flash_ex.o
HAL_DBGMCU_DisableDBGSleepMode                    build/stm32f1xx_hal.o
HAL_DBGMCU_DisableDBGStandbyMode                  build/stm32f1xx_hal.o
HAL_DBGMCU_DisableDBGStopMode                     build/stm32f1xx_hal.o
HAL_DBGMCU_EnableDBGSleepMode                     build/stm32f1xx_hal.o
HAL_DBGMCU_EnableDBGStandbyMode                   build/stm32f1xx_hal.o
HAL_DBGMCU_EnableDBGStopMode                      build/stm32f1xx_hal.o
HAL_DMA_Abort                                     build/stm32f1xx_hal_dma.o
                                                  build/stm32f1xx_hal_uart.o
                                                  build/stm32f1xx_hal_spi.o
HAL_DMA_Abort_IT                                  build/stm32f1xx_hal_dma.o
                                                  build/stm32f1xx_hal_uart.o
                                                  build/stm32f1xx_hal_tim_ex.o
                                                  build/stm32f1xx_hal_tim.o
                                                  build/stm32f1xx_hal_spi.o
HAL_DMA_DeInit                                    build/stm32f1xx_hal_dma.o
HAL_DMA_GetError                                  build/stm32f1xx_hal_dma.o
                                                  build/stm32f1xx_hal_uart.o
HAL_DMA_GetState                                  build/stm32f1xx_hal_dma.o
HAL_DMA_IRQHandler                                build/stm32f1xx_hal_dma.o
HAL_DMA_Init                                      build/stm32f1xx_hal_dma.o
HAL_DMA_PollForTransfer                           build/stm32f1xx_hal_dma.o
HAL_DMA_RegisterCallback                          build/stm32f1xx_hal_dma.o
HAL_DMA_Start                                     build/stm32f1xx_hal_dma.o
HAL_DMA_Start_IT                                  build/stm32f1xx_hal_dma.o
                                                  build/stm32f1xx_hal_uart.o
                                                  build/stm32f1xx_hal_tim_ex.o
                                                  build/stm32f1xx_hal_tim.o
                                                  build/stm32f1xx_hal_spi.o
HAL_DMA_UnRegisterCallback                        build/stm32f1xx_hal_dma.o
HAL_DeInit                                        build/stm32f1xx_hal.o
HAL_Delay                                         build/stm32f1xx_hal.o
                                                  build/measuring_vd_vz.o
                                                  build/mode.o
                                                  build/main.o
HAL_EXTI_ClearConfigLine                          build/stm32f1xx_hal_exti.o
HAL_EXTI_ClearPending                             build/stm32f1xx_hal_exti.o
HAL_EXTI_GenerateSWI                              build/stm32f1xx_hal_exti.o
HAL_EXTI_GetConfigLine                            build/stm32f1xx_hal_exti.o
HAL_EXTI_GetHandle                                build/stm32f1xx_hal_exti.o
HAL_EXTI_GetPending                               build/stm32f1xx_hal_exti.o
HAL_EXTI_IRQHandler                               build/stm32f1xx_hal_exti.o
HAL_EXTI_RegisterCallback                         build/stm32f1xx_hal_exti.o
HAL_EXTI_SetConfigLine                            build/stm32f1xx_hal_exti.o
HAL_FLASHEx_Erase                                 build/stm32f1xx_hal_flash_ex.o
HAL_FLASHEx_Erase_IT                              build/stm32f1xx_hal_flash_ex.o
HAL_FLASHEx_OBErase                               build/stm32f1xx_hal_flash_ex.o
HAL_FLASHEx_OBGetConfig                           build/stm32f1xx_hal_flash_ex.o
HAL_FLASHEx_OBGetUserData                         build/stm32f1xx_hal_flash_ex.o
HAL_FLASHEx_OBProgram                             build/stm32f1xx_hal_flash_ex.o
HAL_FLASH_EndOfOperationCallback                  build/stm32f1xx_hal_flash.o
HAL_FLASH_GetError                                build/stm32f1xx_hal_flash.o
HAL_FLASH_IRQHandler                              build/stm32f1xx_hal_flash.o
HAL_FLASH_Lock                                    build/stm32f1xx_hal_flash.o
HAL_FLASH_OB_Launch                               build/stm32f1xx_hal_flash.o
HAL_FLASH_OB_Lock                                 build/stm32f1xx_hal_flash.o
HAL_FLASH_OB_Unlock                               build/stm32f1xx_hal_flash.o
HAL_FLASH_OperationErrorCallback                  build/stm32f1xx_hal_flash.o
HAL_FLASH_Program                                 build/stm32f1xx_hal_flash.o
HAL_FLASH_Program_IT                              build/stm32f1xx_hal_flash.o
HAL_FLASH_Unlock                                  build/stm32f1xx_hal_flash.o
HAL_GPIOEx_ConfigEventout                         build/stm32f1xx_hal_gpio_ex.o
HAL_GPIOEx_DisableEventout                        build/stm32f1xx_hal_gpio_ex.o
HAL_GPIOEx_EnableEventout                         build/stm32f1xx_hal_gpio_ex.o
HAL_GPIO_DeInit                                   build/stm32f1xx_hal_gpio.o
                                                  build/usart.o
                                                  build/spi.o
HAL_GPIO_EXTI_Callback                            build/stm32f1xx_hal_gpio.o
HAL_GPIO_EXTI_IRQHandler                          build/stm32f1xx_hal_gpio.o
                                                  build/stm32f1xx_it.o
HAL_GPIO_Init                                     build/stm32f1xx_hal_gpio.o
                                                  build/stm32f1xx_hal_rcc.o
                                                  build/usart.o
                                                  build/tim.o
                                                  build/spi.o
                                                  build/gpio.o
HAL_GPIO_LockPin                                  build/stm32f1xx_hal_gpio.o
HAL_GPIO_ReadPin                                  build/stm32f1xx_hal_gpio.o
HAL_GPIO_TogglePin                                build/stm32f1xx_hal_gpio.o
                                                  build/mode.o
HAL_GPIO_WritePin                                 build/stm32f1xx_hal_gpio.o
                                                  build/measuring_vd_vz.o
                                                  build/mode.o
                                                  build/gpio.o
                                                  build/main.o
HAL_GetDEVID                                      build/stm32f1xx_hal.o
HAL_GetHalVersion                                 build/stm32f1xx_hal.o
HAL_GetREVID                                      build/stm32f1xx_hal.o
HAL_GetTick                                       build/stm32f1xx_hal.o
                                                  build/stm32f1xx_hal_uart.o
                                                  build/stm32f1xx_hal_flash.o
                                                  build/stm32f1xx_hal_dma.o
                                                  build/stm32f1xx_hal_rcc_ex.o
                                                  build/stm32f1xx_hal_rcc.o
                                                  build/stm32f1xx_hal_spi.o
HAL_GetTickFreq                                   build/stm32f1xx_hal.o
HAL_GetTickPrio                                   build/stm32f1xx_hal.o
HAL_GetUIDw0                                      build/stm32f1xx_hal.o
HAL_GetUIDw1                                      build/stm32f1xx_hal.o
HAL_GetUIDw2                                      build/stm32f1xx_hal.o
HAL_HalfDuplex_EnableReceiver                     build/stm32f1xx_hal_uart.o
HAL_HalfDuplex_EnableTransmitter                  build/stm32f1xx_hal_uart.o
HAL_HalfDuplex_Init                               build/stm32f1xx_hal_uart.o
HAL_IncTick                                       build/stm32f1xx_hal.o
                                                  build/stm32f1xx_it.o
HAL_Init                                          build/stm32f1xx_hal.o
                                                  build/main.o
HAL_InitTick                                      build/stm32f1xx_hal.o
                                                  build/stm32f1xx_hal_rcc.o
HAL_LIN_Init                                      build/stm32f1xx_hal_uart.o
HAL_LIN_SendBreak                                 build/stm32f1xx_hal_uart.o
HAL_MspDeInit                                     build/stm32f1xx_hal.o
HAL_MspInit                                       build/stm32f1xx_hal_msp.o
HAL_MultiProcessor_EnterMuteMode                  build/stm32f1xx_hal_uart.o
HAL_MultiProcessor_ExitMuteMode                   build/stm32f1xx_hal_uart.o
HAL_MultiProcessor_Init                           build/stm32f1xx_hal_uart.o
HAL_NVIC_ClearPendingIRQ                          build/stm32f1xx_hal_cortex.o
HAL_NVIC_DisableIRQ                               build/stm32f1xx_hal_cortex.o
                                                  build/usart.o
                                                  build/tim.o
HAL_NVIC_EnableIRQ                                build/stm32f1xx_hal_cortex.o
                                                  build/usart.o
                                                  build/tim.o
                                                  build/gpio.o
HAL_NVIC_GetActive                                build/stm32f1xx_hal_cortex.o
HAL_NVIC_GetPendingIRQ                            build/stm32f1xx_hal_cortex.o
HAL_NVIC_GetPriority                              build/stm32f1xx_hal_cortex.o
HAL_NVIC_GetPriorityGrouping                      build/stm32f1xx_hal_cortex.o
HAL_NVIC_SetPendingIRQ                            build/stm32f1xx_hal_cortex.o
HAL_NVIC_SetPriority                              build/stm32f1xx_hal_cortex.o
                                                  build/stm32f1xx_hal.o
                                                  build/usart.o
                                                  build/tim.o
                                                  build/gpio.o
HAL_NVIC_SetPriorityGrouping                      build/stm32f1xx_hal_cortex.o
                                                  build/stm32f1xx_hal.o
HAL_NVIC_SystemReset                              build/stm32f1xx_hal_cortex.o
                                                  build/stm32f1xx_hal_flash.o
HAL_PWR_ConfigPVD                                 build/stm32f1xx_hal_pwr.o
HAL_PWR_DeInit                                    build/stm32f1xx_hal_pwr.o
HAL_PWR_DisableBkUpAccess                         build/stm32f1xx_hal_pwr.o
HAL_PWR_DisablePVD                                build/stm32f1xx_hal_pwr.o
HAL_PWR_DisableSEVOnPend                          build/stm32f1xx_hal_pwr.o
HAL_PWR_DisableSleepOnExit                        build/stm32f1xx_hal_pwr.o
HAL_PWR_DisableWakeUpPin                          build/stm32f1xx_hal_pwr.o
HAL_PWR_EnableBkUpAccess                          build/stm32f1xx_hal_pwr.o
HAL_PWR_EnablePVD                                 build/stm32f1xx_hal_pwr.o
HAL_PWR_EnableSEVOnPend                           build/stm32f1xx_hal_pwr.o
HAL_PWR_EnableSleepOnExit                         build/stm32f1xx_hal_pwr.o
HAL_PWR_EnableWakeUpPin                           build/stm32f1xx_hal_pwr.o
HAL_PWR_EnterSLEEPMode                            build/stm32f1xx_hal_pwr.o
HAL_PWR_EnterSTANDBYMode                          build/stm32f1xx_hal_pwr.o
HAL_PWR_EnterSTOPMode                             build/stm32f1xx_hal_pwr.o
HAL_PWR_PVDCallback                               build/stm32f1xx_hal_pwr.o
HAL_PWR_PVD_IRQHandler                            build/stm32f1xx_hal_pwr.o
HAL_RCCEx_GetPeriphCLKConfig                      build/stm32f1xx_hal_rcc_ex.o
HAL_RCCEx_GetPeriphCLKFreq                        build/stm32f1xx_hal_rcc_ex.o
HAL_RCCEx_PeriphCLKConfig                         build/stm32f1xx_hal_rcc_ex.o
HAL_RCC_CSSCallback                               build/stm32f1xx_hal_rcc.o
HAL_RCC_ClockConfig                               build/stm32f1xx_hal_rcc.o
                                                  build/main.o
HAL_RCC_DeInit                                    build/stm32f1xx_hal_rcc.o
HAL_RCC_DisableCSS                                build/stm32f1xx_hal_rcc.o
HAL_RCC_EnableCSS                                 build/stm32f1xx_hal_rcc.o
HAL_RCC_GetClockConfig                            build/stm32f1xx_hal_rcc.o
HAL_RCC_GetHCLKFreq                               build/stm32f1xx_hal_rcc.o
HAL_RCC_GetOscConfig                              build/stm32f1xx_hal_rcc.o
HAL_RCC_GetPCLK1Freq                              build/stm32f1xx_hal_rcc.o
                                                  build/stm32f1xx_hal_uart.o
HAL_RCC_GetPCLK2Freq                              build/stm32f1xx_hal_rcc.o
                                                  build/stm32f1xx_hal_uart.o
                                                  build/stm32f1xx_hal_rcc_ex.o
HAL_RCC_GetSysClockFreq                           build/stm32f1xx_hal_rcc.o
HAL_RCC_MCOConfig                                 build/stm32f1xx_hal_rcc.o
HAL_RCC_NMI_IRQHandler                            build/stm32f1xx_hal_rcc.o
HAL_RCC_OscConfig                                 build/stm32f1xx_hal_rcc.o
                                                  build/main.o
HAL_ResumeTick                                    build/stm32f1xx_hal.o
HAL_SPI_Abort                                     build/stm32f1xx_hal_spi.o
HAL_SPI_AbortCpltCallback                         build/stm32f1xx_hal_spi.o
HAL_SPI_Abort_IT                                  build/stm32f1xx_hal_spi.o
HAL_SPI_DMAPause                                  build/stm32f1xx_hal_spi.o
HAL_SPI_DMAResume                                 build/stm32f1xx_hal_spi.o
HAL_SPI_DMAStop                                   build/stm32f1xx_hal_spi.o
HAL_SPI_DeInit                                    build/stm32f1xx_hal_spi.o