Archive member included to satisfy reference by file (symbol)

c:/vscodeproject/software/arm_gcc/bin/../lib/gcc/arm-none-eabi/9.2.1/../../../../arm-none-eabi/lib/thumb/v7-m/nofp\libc_nano.a(lib_a-exit.o)
                              c:/vscodeproject/software/arm_gcc/bin/../lib/gcc/arm-none-eabi/9.2.1/../../../../arm-none-eabi/lib/thumb/v7-m/nofp/crt0.o (exit)
c:/vscodeproject/software/arm_gcc/bin/../lib/gcc/arm-none-eabi/9.2.1/../../../../arm-none-eabi/lib/thumb/v7-m/nofp\libc_nano.a(lib_a-impure.o)
                              c:/vscodeproject/software/arm_gcc/bin/../lib/gcc/arm-none-eabi/9.2.1/../../../../arm-none-eabi/lib/thumb/v7-m/nofp\libc_nano.a(lib_a-exit.o) (_global_impure_ptr)
c:/vscodeproject/software/arm_gcc/bin/../lib/gcc/arm-none-eabi/9.2.1/../../../../arm-none-eabi/lib/thumb/v7-m/nofp\libc_nano.a(lib_a-init.o)
                              c:/vscodeproject/software/arm_gcc/bin/../lib/gcc/arm-none-eabi/9.2.1/../../../../arm-none-eabi/lib/thumb/v7-m/nofp/crt0.o (__libc_init_array)
c:/vscodeproject/software/arm_gcc/bin/../lib/gcc/arm-none-eabi/9.2.1/../../../../arm-none-eabi/lib/thumb/v7-m/nofp\libc_nano.a(lib_a-memcpy-stub.o)
                              build/mbfuncother.o (memcpy)
c:/vscodeproject/software/arm_gcc/bin/../lib/gcc/arm-none-eabi/9.2.1/../../../../arm-none-eabi/lib/thumb/v7-m/nofp\libc_nano.a(lib_a-memset.o)
                              c:/vscodeproject/software/arm_gcc/bin/../lib/gcc/arm-none-eabi/9.2.1/../../../../arm-none-eabi/lib/thumb/v7-m/nofp/crt0.o (memset)
c:/vscodeproject/software/arm_gcc/bin/../lib/gcc/arm-none-eabi/9.2.1/../../../../arm-none-eabi/lib/thumb/v7-m/nofp\libnosys.a(_exit.o)
                              c:/vscodeproject/software/arm_gcc/bin/../lib/gcc/arm-none-eabi/9.2.1/../../../../arm-none-eabi/lib/thumb/v7-m/nofp\libc_nano.a(lib_a-exit.o) (_exit)
c:/vscodeproject/software/arm_gcc/bin/../lib/gcc/arm-none-eabi/9.2.1/thumb/v7-m/nofp\libgcc.a(_arm_mulsf3.o)
                              build/measuring_vd_vz.o (__aeabi_fmul)
c:/vscodeproject/software/arm_gcc/bin/../lib/gcc/arm-none-eabi/9.2.1/thumb/v7-m/nofp\libgcc.a(_arm_addsubsf3.o)
                              build/measuring_vd_vz.o (__aeabi_ui2f)

Allocating common symbols
Common symbol       size              file

pxMBFrameCBTransmitterEmpty
                    0x4               build/mb.o
tim                 0x4               build/porttimer.o
RegisterValueOne    0x2               build/FunctionsTxRx.o
currentADC_vz       0x4               build/measuring_vd_vz.o
hspi2               0x58              build/spi.o
pxMBPortCBTimerExpired
                    0x4               build/mb.o
htim4               0x48              build/tim.o
MassifADC           0x20              build/measuring_vd_vz.o
huart3              0x40              build/usart.o
eventVD             0x4               build/main.o
id30max             0x4               build/main.o
out                 0x2               build/FunctionsTxRx.o
uwTick              0x4               build/stm32f1xx_hal.o
pFlash              0x20              build/stm32f1xx_hal_flash.o
eventDiagnostic     0x4               build/main.o
ucRTUBuf            0x100             build/mbrtu.o
htim3               0x48              build/tim.o
currentADC_vd       0x4               build/measuring_vd_vz.o
pxMBFrameCBByteReceived
                    0x4               build/mb.o
id30min             0x4               build/main.o
operatingMode       0x4               build/main.o
pxMBFrameCBTransmitFSMCur
                    0x4               build/mb.o
voltageADC_vd       0x4               build/measuring_vd_vz.o
ucSDiscInBuf        0x1               build/user_mb_app.o
htim1               0x48              build/tim.o
usSRegHoldBuf       0x28              build/user_mb_app.o
usSRegInBuf         0x28              build/user_mb_app.o
eventVZ             0x4               build/main.o
pxMBFrameCBReceiveFSMCur
                    0x4               build/mb.o
voltageADC_vz       0x4               build/measuring_vd_vz.o
var                 0x1               build/porttimer.o
AverageADC          0x4               build/measuring_vd_vz.o
htim2               0x48              build/tim.o
iz30max             0x4               build/main.o
uart                0x4               build/portserial.o
iz30min             0x4               build/main.o
Start               0x4               build/main.o
value               0x4               build/FunctionsTxRx.o

Discarded input sections

 .text          0x0000000000000000        0x0 c:/vscodeproject/software/arm_gcc/bin/../lib/gcc/arm-none-eabi/9.2.1/thumb/v7-m/nofp/crti.o
 .data          0x0000000000000000        0x0 c:/vscodeproject/software/arm_gcc/bin/../lib/gcc/arm-none-eabi/9.2.1/thumb/v7-m/nofp/crti.o
 .bss           0x0000000000000000        0x0 c:/vscodeproject/software/arm_gcc/bin/../lib/gcc/arm-none-eabi/9.2.1/thumb/v7-m/nofp/crti.o
[...]
Memory Configuration

Name             Origin             Length             Attributes
RAM              0x0000000020000000 0x0000000000005000 xrw
FLASH            0x0000000008000000 0x0000000000010000 xr
*default*        0x0000000000000000 0xffffffffffffffff

Linker script and memory map

LOAD c:/vscodeproject/software/arm_gcc/bin/../lib/gcc/arm-none-eabi/9.2.1/thumb/v7-m/nofp/crti.o
LOAD c:/vscodeproject/software/arm_gcc/bin/../lib/gcc/arm-none-eabi/9.2.1/thumb/v7-m/nofp/crtbegin.o
LOAD c:/vscodeproject/software/arm_gcc/bin/../lib/gcc/arm-none-eabi/9.2.1/../../../../arm-none-eabi/lib/thumb/v7-m/nofp/crt0.o
LOAD build/main.o
LOAD build/gpio.o
LOAD build/spi.o
LOAD build/tim.o
LOAD build/usart.o
LOAD build/stm32f1xx_it.o
LOAD build/stm32f1xx_hal_msp.o
LOAD build/stm32f1xx_hal_gpio_ex.o
LOAD build/stm32f1xx_hal_spi.o
LOAD build/stm32f1xx_hal.o
LOAD build/stm32f1xx_hal_rcc.o
LOAD build/stm32f1xx_hal_rcc_ex.o
LOAD build/stm32f1xx_hal_gpio.o
LOAD build/stm32f1xx_hal_dma.o
LOAD build/stm32f1xx_hal_cortex.o
LOAD build/stm32f1xx_hal_pwr.o
LOAD build/stm32f1xx_hal_flash.o
LOAD build/stm32f1xx_hal_flash_ex.o
LOAD build/stm32f1xx_hal_exti.o
LOAD build/stm32f1xx_hal_tim.o
LOAD build/stm32f1xx_hal_tim_ex.o
LOAD build/stm32f1xx_hal_uart.o
LOAD build/system_stm32f1xx.o
LOAD build/mbascii.o
LOAD build/mbfunccoils.o
LOAD build/mbfunccoils_m.o
LOAD build/mbfuncdiag.o
LOAD build/mbfuncdisc.o
LOAD build/mbfuncdisc_m.o
LOAD build/mbfuncholding.o
LOAD build/mbfuncholding_m.o
LOAD build/mbfuncinput.o
LOAD build/mbfuncinput_m.o
LOAD build/mbfuncother.o
LOAD build/mbutils.o
LOAD build/portevent.o
LOAD build/portevent_m.o
LOAD build/portserial.o
LOAD build/portserial_m.o
LOAD build/porttimer.o
LOAD build/porttimer_m.o
LOAD build/portcritical.o
LOAD build/mbcrc.o
LOAD build/mbrtu.o
LOAD build/mbrtu_m.o
LOAD build/mbtcp.o
LOAD build/mb.o
LOAD build/mb_m.o
LOAD build/user_mb_app.o
LOAD build/user_mb_app_m.o
LOAD build/FunctionsTxRx.o
LOAD build/mode.o
LOAD build/measuring_vd_vz.o
LOAD build/Flash.o
LOAD build/startup_stm32f103xb.o
LOAD c:/vscodeproject/software/arm_gcc/bin/../lib/gcc/arm-none-eabi/9.2.1/../../../../arm-none-eabi/lib/thumb/v7-m/nofp\libc_nano.a
LOAD c:/vscodeproject/software/arm_gcc/bin/../lib/gcc/arm-none-eabi/9.2.1/../../../../arm-none-eabi/lib/thumb/v7-m/nofp\libm.a
LOAD c:/vscodeproject/software/arm_gcc/bin/../lib/gcc/arm-none-eabi/9.2.1/../../../../arm-none-eabi/lib/thumb/v7-m/nofp\libnosys.a
START GROUP
LOAD c:/vscodeproject/software/arm_gcc/bin/../lib/gcc/arm-none-eabi/9.2.1/thumb/v7-m/nofp\libgcc.a
LOAD c:/vscodeproject/software/arm_gcc/bin/../lib/gcc/arm-none-eabi/9.2.1/../../../../arm-none-eabi/lib/thumb/v7-m/nofp\libc_nano.a
END GROUP
START GROUP
LOAD c:/vscodeproject/software/arm_gcc/bin/../lib/gcc/arm-none-eabi/9.2.1/thumb/v7-m/nofp\libgcc.a
LOAD c:/vscodeproject/software/arm_gcc/bin/../lib/gcc/arm-none-eabi/9.2.1/../../../../arm-none-eabi/lib/thumb/v7-m/nofp\libc_nano.a
END GROUP
LOAD c:/vscodeproject/software/arm_gcc/bin/../lib/gcc/arm-none-eabi/9.2.1/thumb/v7-m/nofp/crtend.o
LOAD c:/vscodeproject/software/arm_gcc/bin/../lib/gcc/arm-none-eabi/9.2.1/thumb/v7-m/nofp/crtn.o
                0x0000000020005000                _estack = 0x20005000
                0x0000000000000200                _Min_Heap_Size = 0x200
                0x0000000000000400                _Min_Stack_Size = 0x400

.isr_vector     0x0000000008000000      0x10c
                0x0000000008000000                . = ALIGN (0x4)
 *(.isr_vector)
 .isr_vector    0x0000000008000000      0x10c build/startup_stm32f103xb.o
                0x0000000008000000                g_pfnVectors
                0x000000000800010c                . = ALIGN (0x4)

.text           0x000000000800010c     0x3a84
                0x000000000800010c                . = ALIGN (0x4)
 *(.text)
 .text          0x000000000800010c      0x168 c:/vscodeproject/software/arm_gcc/bin/../lib/gcc/arm-none-eabi/9.2.1/thumb/v7-m/nofp\libgcc.a(_arm_mulsf3.o)
                0x000000000800010c                __aeabi_fmul
                0x000000000800010c                __mulsf3
 .text          0x0000000008000274      0x21c c:/vscodeproject/software/arm_gcc/bin/../lib/gcc/arm-none-eabi/9.2.1/thumb/v7-m/nofp\libgcc.a(_arm_addsubsf3.o)
                0x0000000008000274                __aeabi_frsub
                0x000000000800027c                __subsf3
                0x000000000800027c                __aeabi_fsub
                0x0000000008000280                __aeabi_fadd
                0x0000000008000280                __addsf3
                0x00000000080003e0                __aeabi_ui2f
                0x00000000080003e0                __floatunsisf
                0x00000000080003e8                __aeabi_i2f
                0x00000000080003e8                __floatsisf
                0x0000000008000404                __aeabi_ul2f
                0x0000000008000404                __floatundisf
                0x0000000008000414                __aeabi_l2f
                0x0000000008000414                __floatdisf
 *(.text*)
 .text.__do_global_dtors_aux
                0x0000000008000490       0x24 c:/vscodeproject/software/arm_gcc/bin/../lib/gcc/arm-none-eabi/9.2.1/thumb/v7-m/nofp/crtbegin.o
 .text.frame_dummy
                0x00000000080004b4       0x1c c:/vscodeproject/software/arm_gcc/bin/../lib/gcc/arm-none-eabi/9.2.1/thumb/v7-m/nofp/crtbegin.o
 .text.Error_Handler
                0x00000000080004d0        0x4 build/main.o
                0x00000000080004d0                Error_Handler
 .text.SystemClock_Config
                0x00000000080004d4       0x62 build/main.o
                0x00000000080004d4                SystemClock_Config
 *fill*         0x0000000008000536        0x2 
 .text.main     0x0000000008000538      0x180 build/main.o
                0x0000000008000538                main
 .text.MX_GPIO_Init
                0x00000000080006b8      0x10c build/gpio.o
                0x00000000080006b8                MX_GPIO_Init
 .text.MX_SPI2_Init
                0x00000000080007c4       0x48 build/spi.o
                0x00000000080007c4                MX_SPI2_Init
 .text.HAL_SPI_MspInit
                0x000000000800080c       0x78 build/spi.o
                0x000000000800080c                HAL_SPI_MspInit
 .text.MX_TIM2_Init
                0x0000000008000884       0x6c build/tim.o
                0x0000000008000884                MX_TIM2_Init
 .text.MX_TIM3_Init
                0x00000000080008f0       0x6c build/tim.o
                0x00000000080008f0                MX_TIM3_Init
 .text.MX_TIM4_Init
                0x000000000800095c       0x6c build/tim.o
                0x000000000800095c                MX_TIM4_Init
 .text.HAL_TIM_PWM_MspInit
                0x00000000080009c8       0x2c build/tim.o
                0x00000000080009c8                HAL_TIM_PWM_MspInit
 .text.HAL_TIM_Base_MspInit
                0x00000000080009f4       0xa0 build/tim.o
                0x00000000080009f4                HAL_TIM_Base_MspInit
 .text.HAL_TIM_MspPostInit
                0x0000000008000a94       0x64 build/tim.o
                0x0000000008000a94                HAL_TIM_MspPostInit
 .text.MX_TIM1_Init
                0x0000000008000af8       0xe4 build/tim.o
                0x0000000008000af8                MX_TIM1_Init
 .text.MX_USART3_UART_Init
                0x0000000008000bdc       0x34 build/usart.o
                0x0000000008000bdc                MX_USART3_UART_Init
 .text.HAL_UART_MspInit
                0x0000000008000c10       0x88 build/usart.o
                0x0000000008000c10                HAL_UART_MspInit
 .text.NMI_Handler
                0x0000000008000c98        0x2 build/stm32f1xx_it.o
                0x0000000008000c98                NMI_Handler
 .text.HardFault_Handler
                0x0000000008000c9a        0x2 build/stm32f1xx_it.o
                0x0000000008000c9a                HardFault_Handler
 .text.MemManage_Handler
                0x0000000008000c9c        0x2 build/stm32f1xx_it.o
                0x0000000008000c9c                MemManage_Handler
 .text.BusFault_Handler
                0x0000000008000c9e        0x2 build/stm32f1xx_it.o
                0x0000000008000c9e                BusFault_Handler
 .text.UsageFault_Handler
                0x0000000008000ca0        0x2 build/stm32f1xx_it.o
                0x0000000008000ca0                UsageFault_Handler
 .text.SVC_Handler
                0x0000000008000ca2        0x2 build/stm32f1xx_it.o
                0x0000000008000ca2                SVC_Handler
 .text.DebugMon_Handler
                0x0000000008000ca4        0x2 build/stm32f1xx_it.o
                0x0000000008000ca4                DebugMon_Handler
 .text.PendSV_Handler
                0x0000000008000ca6        0x2 build/stm32f1xx_it.o
                0x0000000008000ca6                PendSV_Handler
 .text.SysTick_Handler
                0x0000000008000ca8        0x8 build/stm32f1xx_it.o
                0x0000000008000ca8                SysTick_Handler
 .text.EXTI0_IRQHandler
                0x0000000008000cb0        0xa build/stm32f1xx_it.o
                0x0000000008000cb0                EXTI0_IRQHandler
 *fill*         0x0000000008000cba        0x2 
 .text.EXTI1_IRQHandler
                0x0000000008000cbc       0x18 build/stm32f1xx_it.o
                0x0000000008000cbc                EXTI1_IRQHandler
 .text.EXTI2_IRQHandler
                0x0000000008000cd4       0x18 build/stm32f1xx_it.o
                0x0000000008000cd4                EXTI2_IRQHandler
 .text.EXTI3_IRQHandler
                0x0000000008000cec        0xa build/stm32f1xx_it.o
                0x0000000008000cec                EXTI3_IRQHandler
 *fill*         0x0000000008000cf6        0x2 
 .text.TIM2_IRQHandler
                0x0000000008000cf8       0x30 build/stm32f1xx_it.o
                0x0000000008000cf8                TIM2_IRQHandler
 .text.TIM3_IRQHandler
                0x0000000008000d28       0x1c build/stm32f1xx_it.o
                0x0000000008000d28                TIM3_IRQHandler
 .text.TIM4_IRQHandler
                0x0000000008000d44       0x10 build/stm32f1xx_it.o
                0x0000000008000d44                TIM4_IRQHandler
 .text.USART3_IRQHandler
                0x0000000008000d54       0x10 build/stm32f1xx_it.o
                0x0000000008000d54                USART3_IRQHandler
 .text.HAL_MspInit
                0x0000000008000d64       0x44 build/stm32f1xx_hal_msp.o
                0x0000000008000d64                HAL_MspInit
 .text.SPI_WaitFlagStateUntilTimeout
                0x0000000008000da8       0xd0 build/stm32f1xx_hal_spi.o
 .text.SPI_EndRxTxTransaction
                0x0000000008000e78       0x24 build/stm32f1xx_hal_spi.o
 .text.HAL_SPI_Init
                0x0000000008000e9c       0xb6 build/stm32f1xx_hal_spi.o
                0x0000000008000e9c                HAL_SPI_Init
 .text.HAL_SPI_TransmitReceive
                0x0000000008000f52      0x238 build/stm32f1xx_hal_spi.o
                0x0000000008000f52                HAL_SPI_TransmitReceive
 *fill*         0x000000000800118a        0x2 
 .text.HAL_InitTick
                0x000000000800118c       0x4c build/stm32f1xx_hal.o
                0x000000000800118c                HAL_InitTick
 .text.HAL_Init
                0x00000000080011d8       0x24 build/stm32f1xx_hal.o
                0x00000000080011d8                HAL_Init
 .text.HAL_IncTick
                0x00000000080011fc       0x18 build/stm32f1xx_hal.o
                0x00000000080011fc                HAL_IncTick
 .text.HAL_GetTick
                0x0000000008001214        0xc build/stm32f1xx_hal.o
                0x0000000008001214                HAL_GetTick
 .text.HAL_Delay
                0x0000000008001220       0x28 build/stm32f1xx_hal.o
                0x0000000008001220                HAL_Delay
 .text.RCC_Delay
                0x0000000008001248       0x2c build/stm32f1xx_hal_rcc.o
 .text.HAL_RCC_OscConfig
                0x0000000008001274      0x410 build/stm32f1xx_hal_rcc.o
                0x0000000008001274                HAL_RCC_OscConfig
 .text.HAL_RCC_GetSysClockFreq
                0x0000000008001684       0x78 build/stm32f1xx_hal_rcc.o
                0x0000000008001684                HAL_RCC_GetSysClockFreq
 .text.HAL_RCC_ClockConfig
                0x00000000080016fc      0x16c build/stm32f1xx_hal_rcc.o
                0x00000000080016fc                HAL_RCC_ClockConfig
 .text.HAL_RCC_GetHCLKFreq
                0x0000000008001868        0xc build/stm32f1xx_hal_rcc.o
                0x0000000008001868                HAL_RCC_GetHCLKFreq
 .text.HAL_RCC_GetPCLK1Freq
                0x0000000008001874       0x20 build/stm32f1xx_hal_rcc.o
                0x0000000008001874                HAL_RCC_GetPCLK1Freq
 .text.HAL_RCC_GetPCLK2Freq
                0x0000000008001894       0x20 build/stm32f1xx_hal_rcc.o
                0x0000000008001894                HAL_RCC_GetPCLK2Freq
 .text.HAL_GPIO_Init
                0x00000000080018b4      0x220 build/stm32f1xx_hal_gpio.o
                0x00000000080018b4                HAL_GPIO_Init
 .text.HAL_GPIO_WritePin
                0x0000000008001ad4        0xc build/stm32f1xx_hal_gpio.o
                0x0000000008001ad4                HAL_GPIO_WritePin
 .text.HAL_GPIO_TogglePin
                0x0000000008001ae0       0x12 build/stm32f1xx_hal_gpio.o
                0x0000000008001ae0                HAL_GPIO_TogglePin
 .text.HAL_GPIO_EXTI_Callback
                0x0000000008001af2        0x2 build/stm32f1xx_hal_gpio.o
                0x0000000008001af2                HAL_GPIO_EXTI_Callback
 .text.HAL_GPIO_EXTI_IRQHandler
                0x0000000008001af4       0x1c build/stm32f1xx_hal_gpio.o
                0x0000000008001af4                HAL_GPIO_EXTI_IRQHandler
 .text.HAL_DMA_Abort_IT
                0x0000000008001b10       0x98 build/stm32f1xx_hal_dma.o
                0x0000000008001b10                HAL_DMA_Abort_IT
 .text.HAL_NVIC_SetPriorityGrouping
                0x0000000008001ba8       0x24 build/stm32f1xx_hal_cortex.o
                0x0000000008001ba8                HAL_NVIC_SetPriorityGrouping
 .text.HAL_NVIC_SetPriority
                0x0000000008001bcc       0x68 build/stm32f1xx_hal_cortex.o
                0x0000000008001bcc                HAL_NVIC_SetPriority
 .text.HAL_NVIC_EnableIRQ
                0x0000000008001c34       0x1c build/stm32f1xx_hal_cortex.o
                0x0000000008001c34                HAL_NVIC_EnableIRQ
 .text.HAL_SYSTICK_Config
                0x0000000008001c50       0x2c build/stm32f1xx_hal_cortex.o
                0x0000000008001c50                HAL_SYSTICK_Config
 .text.TIM_OC1_SetConfig
                0x0000000008001c7c       0x5c build/stm32f1xx_hal_tim.o
 .text.TIM_OC3_SetConfig
                0x0000000008001cd8       0x64 build/stm32f1xx_hal_tim.o
 .text.TIM_OC4_SetConfig
                0x0000000008001d3c       0x48 build/stm32f1xx_hal_tim.o
 .text.TIM_TI1_ConfigInputStage
                0x0000000008001d84       0x24 build/stm32f1xx_hal_tim.o
 .text.TIM_TI2_ConfigInputStage
                0x0000000008001da8       0x26 build/stm32f1xx_hal_tim.o
 .text.TIM_ITRx_SetConfig
                0x0000000008001dce       0x10 build/stm32f1xx_hal_tim.o
 *fill*         0x0000000008001dde        0x2 
 .text.HAL_TIM_Base_Start_IT
                0x0000000008001de0       0x68 build/stm32f1xx_hal_tim.o
                0x0000000008001de0                HAL_TIM_Base_Start_IT
 .text.HAL_TIM_Base_Stop_IT
                0x0000000008001e48       0x32 build/stm32f1xx_hal_tim.o
                0x0000000008001e48                HAL_TIM_Base_Stop_IT
 .text.HAL_TIM_OnePulse_MspInit
                0x0000000008001e7a        0x2 build/stm32f1xx_hal_tim.o
                0x0000000008001e7a                HAL_TIM_OnePulse_MspInit
 .text.HAL_TIM_OC_DelayElapsedCallback
                0x0000000008001e7c        0x2 build/stm32f1xx_hal_tim.o
                0x0000000008001e7c                HAL_TIM_OC_DelayElapsedCallback
 .text.HAL_TIM_IC_CaptureCallback
                0x0000000008001e7e        0x2 build/stm32f1xx_hal_tim.o
                0x0000000008001e7e                HAL_TIM_IC_CaptureCallback
 .text.HAL_TIM_PWM_PulseFinishedCallback
                0x0000000008001e80        0x2 build/stm32f1xx_hal_tim.o
                0x0000000008001e80                HAL_TIM_PWM_PulseFinishedCallback
 .text.HAL_TIM_TriggerCallback
                0x0000000008001e82        0x2 build/stm32f1xx_hal_tim.o
                0x0000000008001e82                HAL_TIM_TriggerCallback
 .text.HAL_TIM_IRQHandler
                0x0000000008001e84      0x17a build/stm32f1xx_hal_tim.o
                0x0000000008001e84                HAL_TIM_IRQHandler
 *fill*         0x0000000008001ffe        0x2 
 .text.TIM_Base_SetConfig
                0x0000000008002000       0x74 build/stm32f1xx_hal_tim.o
                0x0000000008002000                TIM_Base_SetConfig
 .text.HAL_TIM_Base_Init
                0x0000000008002074       0x58 build/stm32f1xx_hal_tim.o
                0x0000000008002074                HAL_TIM_Base_Init
 .text.HAL_TIM_PWM_Init
                0x00000000080020cc       0x58 build/stm32f1xx_hal_tim.o
                0x00000000080020cc                HAL_TIM_PWM_Init
 .text.HAL_TIM_OnePulse_Init
                0x0000000008002124       0x5c build/stm32f1xx_hal_tim.o
                0x0000000008002124                HAL_TIM_OnePulse_Init
 .text.TIM_OC2_SetConfig
                0x0000000008002180       0x64 build/stm32f1xx_hal_tim.o
                0x0000000008002180                TIM_OC2_SetConfig
 .text.HAL_TIM_PWM_ConfigChannel
                0x00000000080021e4       0xd0 build/stm32f1xx_hal_tim.o
                0x00000000080021e4                HAL_TIM_PWM_ConfigChannel
 .text.TIM_ETR_SetConfig
                0x00000000080022b4       0x16 build/stm32f1xx_hal_tim.o
                0x00000000080022b4                TIM_ETR_SetConfig
 .text.HAL_TIM_ConfigClockSource
                0x00000000080022ca       0xda build/stm32f1xx_hal_tim.o
                0x00000000080022ca                HAL_TIM_ConfigClockSource
 .text.TIM_CCxNChannelCmd
                0x00000000080023a4       0x22 build/stm32f1xx_hal_tim_ex.o
 *fill*         0x00000000080023c6        0x2 
 .text.HAL_TIMEx_PWMN_Start
                0x00000000080023c8       0xd4 build/stm32f1xx_hal_tim_ex.o
                0x00000000080023c8                HAL_TIMEx_PWMN_Start
 .text.HAL_TIMEx_PWMN_Stop
                0x000000000800249c       0x76 build/stm32f1xx_hal_tim_ex.o
                0x000000000800249c                HAL_TIMEx_PWMN_Stop
 *fill*         0x0000000008002512        0x2 
 .text.HAL_TIMEx_MasterConfigSynchronization
                0x0000000008002514       0x68 build/stm32f1xx_hal_tim_ex.o
                0x0000000008002514                HAL_TIMEx_MasterConfigSynchronization
 .text.HAL_TIMEx_ConfigBreakDeadTime
                0x000000000800257c       0x52 build/stm32f1xx_hal_tim_ex.o
                0x000000000800257c                HAL_TIMEx_ConfigBreakDeadTime
 .text.HAL_TIMEx_CommutCallback
                0x00000000080025ce        0x2 build/stm32f1xx_hal_tim_ex.o
                0x00000000080025ce                HAL_TIMEx_CommutCallback
 .text.HAL_TIMEx_BreakCallback
                0x00000000080025d0        0x2 build/stm32f1xx_hal_tim_ex.o
                0x00000000080025d0                HAL_TIMEx_BreakCallback
 .text.UART_EndRxTransfer
                0x00000000080025d2       0x1c build/stm32f1xx_hal_uart.o
 .text.UART_Transmit_IT
                0x00000000080025ee       0x60 build/stm32f1xx_hal_uart.o
 *fill*         0x000000000800264e        0x2 
 .text.UART_SetConfig
                0x0000000008002650       0x90 build/stm32f1xx_hal_uart.o
 .text.HAL_UART_Init
                0x00000000080026e0       0x5e build/stm32f1xx_hal_uart.o
                0x00000000080026e0                HAL_UART_Init
 .text.HAL_UART_Transmit_IT
                0x000000000800273e       0x48 build/stm32f1xx_hal_uart.o
                0x000000000800273e                HAL_UART_Transmit_IT
 .text.HAL_UART_Receive_IT
                0x0000000008002786       0x5c build/stm32f1xx_hal_uart.o
                0x0000000008002786                HAL_UART_Receive_IT
 .text.UART_EndTransmit_IT
                0x00000000080027e2       0x1a build/stm32f1xx_hal_uart.o
 .text.UART_Receive_IT
                0x00000000080027fc       0x94 build/stm32f1xx_hal_uart.o
 .text.HAL_UART_ErrorCallback
                0x0000000008002890        0x2 build/stm32f1xx_hal_uart.o
                0x0000000008002890                HAL_UART_ErrorCallback
 *fill*         0x0000000008002892        0x2 
 .text.HAL_UART_IRQHandler
                0x0000000008002894      0x128 build/stm32f1xx_hal_uart.o
                0x0000000008002894                HAL_UART_IRQHandler
 .text.UART_DMAAbortOnError
                0x00000000080029bc       0x10 build/stm32f1xx_hal_uart.o
 .text.HAL_UART_AbortTransmitCpltCallback
                0x00000000080029cc        0x2 build/stm32f1xx_hal_uart.o
                0x00000000080029cc                HAL_UART_AbortTransmitCpltCallback
 *fill*         0x00000000080029ce        0x2 
 .text.HAL_UART_AbortTransmit_IT
                0x00000000080029d0       0x60 build/stm32f1xx_hal_uart.o
                0x00000000080029d0                HAL_UART_AbortTransmit_IT
 .text.UART_DMATxOnlyAbortCallback
                0x0000000008002a30       0x14 build/stm32f1xx_hal_uart.o
 .text.HAL_UART_AbortReceiveCpltCallback
                0x0000000008002a44        0x2 build/stm32f1xx_hal_uart.o
                0x0000000008002a44                HAL_UART_AbortReceiveCpltCallback
 *fill*         0x0000000008002a46        0x2 
 .text.HAL_UART_AbortReceive_IT
                0x0000000008002a48       0x68 build/stm32f1xx_hal_uart.o
                0x0000000008002a48                HAL_UART_AbortReceive_IT
 .text.UART_DMARxOnlyAbortCallback
                0x0000000008002ab0       0x14 build/stm32f1xx_hal_uart.o
 .text.SystemInit
                0x0000000008002ac4        0x2 build/system_stm32f1xx.o
                0x0000000008002ac4                SystemInit
 .text.eMBFuncReadCoils
                0x0000000008002ac6       0x74 build/mbfunccoils.o
                0x0000000008002ac6                eMBFuncReadCoils
 .text.eMBFuncWriteCoil
                0x0000000008002b3a       0x60 build/mbfunccoils.o
                0x0000000008002b3a                eMBFuncWriteCoil
 .text.eMBFuncWriteMultipleCoils
                0x0000000008002b9a       0x64 build/mbfunccoils.o
                0x0000000008002b9a                eMBFuncWriteMultipleCoils
 .text.eMBFuncReadDiscreteInputs
                0x0000000008002bfe       0x72 build/mbfuncdisc.o
                0x0000000008002bfe                eMBFuncReadDiscreteInputs
 .text.eMBFuncWriteHoldingRegister
                0x0000000008002c70       0x2c build/mbfuncholding.o
                0x0000000008002c70                eMBFuncWriteHoldingRegister
 .text.eMBFuncWriteMultipleHoldingRegister
                0x0000000008002c9c       0x52 build/mbfuncholding.o
                0x0000000008002c9c                eMBFuncWriteMultipleHoldingRegister
 .text.eMBFuncReadHoldingRegister
                0x0000000008002cee       0x64 build/mbfuncholding.o
                0x0000000008002cee                eMBFuncReadHoldingRegister
 .text.eMBFuncReadWriteMultipleHoldingRegister
                0x0000000008002d52       0xa4 build/mbfuncholding.o
                0x0000000008002d52                eMBFuncReadWriteMultipleHoldingRegister
 .text.eMBFuncReadInputRegister
                0x0000000008002df6       0x64 build/mbfuncinput.o
                0x0000000008002df6                eMBFuncReadInputRegister
 *fill*         0x0000000008002e5a        0x2 
 .text.eMBFuncReportSlaveID
                0x0000000008002e5c       0x24 build/mbfuncother.o
                0x0000000008002e5c                eMBFuncReportSlaveID
 .text.xMBUtilGetBits
                0x0000000008002e80       0x26 build/mbutils.o
                0x0000000008002e80                xMBUtilGetBits
 .text.prveMBError2Exception
                0x0000000008002ea6       0x18 build/mbutils.o
                0x0000000008002ea6                prveMBError2Exception
 *fill*         0x0000000008002ebe        0x2 
 .text.xMBPortEventInit
                0x0000000008002ec0       0x10 build/portevent.o
                0x0000000008002ec0                xMBPortEventInit
 .text.xMBPortEventPost
                0x0000000008002ed0       0x18 build/portevent.o
                0x0000000008002ed0                xMBPortEventPost
 .text.xMBPortEventGet
                0x0000000008002ee8       0x20 build/portevent.o
                0x0000000008002ee8                xMBPortEventGet
 .text.xMBPortSerialInit
                0x0000000008002f08        0xc build/portserial.o
                0x0000000008002f08                xMBPortSerialInit
 .text.vMBPortSerialEnable
                0x0000000008002f14       0x3c build/portserial.o
                0x0000000008002f14                vMBPortSerialEnable
 .text.xMBPortSerialPutBytes
                0x0000000008002f50       0x18 build/portserial.o
                0x0000000008002f50                xMBPortSerialPutBytes
 .text.xMBPortSerialGetByte
                0x0000000008002f68       0x10 build/portserial.o
                0x0000000008002f68                xMBPortSerialGetByte
 .text.HAL_UART_RxCpltCallback
                0x0000000008002f78       0x30 build/portserial.o
                0x0000000008002f78                HAL_UART_RxCpltCallback
 .text.HAL_UART_TxCpltCallback
                0x0000000008002fa8       0x20 build/portserial.o
                0x0000000008002fa8                HAL_UART_TxCpltCallback
 .text.xMBPortTimersInit
                0x0000000008002fc8       0x14 build/porttimer.o
                0x0000000008002fc8                xMBPortTimersInit
 .text.vMBPortTimersEnable
                0x0000000008002fdc       0x1c build/porttimer.o
                0x0000000008002fdc                vMBPortTimersEnable
 .text.vMBPortTimersDisable
                0x0000000008002ff8       0x10 build/porttimer.o
                0x0000000008002ff8                vMBPortTimersDisable
 .text.HAL_TIM_PeriodElapsedCallback
                0x0000000008003008       0x38 build/porttimer.o
                0x0000000008003008                HAL_TIM_PeriodElapsedCallback
 .text.__critical_enter
                0x0000000008003040       0x10 build/portcritical.o
                0x0000000008003040                __critical_enter
 .text.__critical_exit
                0x0000000008003050       0x14 build/portcritical.o
                0x0000000008003050                __critical_exit
 .text.usMBCRC16
                0x0000000008003064       0x30 build/mbcrc.o
                0x0000000008003064                usMBCRC16
 .text.eMBRTUInit
                0x0000000008003094       0x50 build/mbrtu.o
                0x0000000008003094                eMBRTUInit
 .text.eMBRTUStart
                0x00000000080030e4       0x20 build/mbrtu.o
                0x00000000080030e4                eMBRTUStart
 .text.eMBRTUStop
                0x0000000008003104       0x18 build/mbrtu.o
                0x0000000008003104                eMBRTUStop
 .text.eMBRTUReceive
                0x000000000800311c       0x54 build/mbrtu.o
                0x000000000800311c                eMBRTUReceive
 .text.eMBRTUSend
                0x0000000008003170       0x94 build/mbrtu.o
                0x0000000008003170                eMBRTUSend
 .text.xMBRTUReceiveFSM
                0x0000000008003204       0x8c build/mbrtu.o
                0x0000000008003204                xMBRTUReceiveFSM
 .text.xMBRTUTransmitFSM
                0x0000000008003290       0x60 build/mbrtu.o
                0x0000000008003290                xMBRTUTransmitFSM
 .text.xMBRTUTimerT35Expired
                0x00000000080032f0       0x38 build/mbrtu.o
                0x00000000080032f0                xMBRTUTimerT35Expired
 .text.eMBInit  0x0000000008003328       0xb4 build/mb.o
                0x0000000008003328                eMBInit
 .text.eMBEnable
                0x00000000080033dc       0x24 build/mb.o
                0x00000000080033dc                eMBEnable
 .text.eMBPoll  0x0000000008003400      0x100 build/mb.o
                0x0000000008003400                eMBPoll
 .text.eMBRegInputCB
                0x0000000008003500       0x48 build/user_mb_app.o
                0x0000000008003500                eMBRegInputCB
 .text.eMBRegHoldingCB
                0x0000000008003548       0x7c build/user_mb_app.o
                0x0000000008003548                eMBRegHoldingCB
 .text.eMBRegCoilsCB
                0x00000000080035c4        0x4 build/user_mb_app.o
                0x00000000080035c4                eMBRegCoilsCB
 .text.eMBRegDiscreteCB
                0x00000000080035c8       0x74 build/user_mb_app.o
                0x00000000080035c8                eMBRegDiscreteCB
 .text.dataReception
                0x000000000800363c       0x38 build/FunctionsTxRx.o
                0x000000000800363c                dataReception
 .text.dataTransfer
                0x0000000008003674       0x2c build/FunctionsTxRx.o
                0x0000000008003674                dataTransfer
 .text.WaitingMode
                0x00000000080036a0       0x4c build/mode.o
                0x00000000080036a0                WaitingMode
 .text.StaticMeasurementMode_VD
                0x00000000080036ec       0x40 build/mode.o
                0x00000000080036ec                StaticMeasurementMode_VD
 .text.PulseMeasurementMode_VD
                0x000000000800372c       0x84 build/mode.o
                0x000000000800372c                PulseMeasurementMode_VD
 .text.StaticMeasurementMode_VZ
                0x00000000080037b0       0x40 build/mode.o
                0x00000000080037b0                StaticMeasurementMode_VZ
 .text.PulseMeasurementMode_VZ
                0x00000000080037f0       0x80 build/mode.o
                0x00000000080037f0                PulseMeasurementMode_VZ
 .text.diagnostic
                0x0000000008003870       0x58 build/mode.o
                0x0000000008003870                diagnostic
 .text.AverageCalculationADC
                0x00000000080038c8       0x4c build/measuring_vd_vz.o
                0x00000000080038c8                AverageCalculationADC
 .text.setConfigADC
                0x0000000008003914       0x6c build/measuring_vd_vz.o
                0x0000000008003914                setConfigADC
 .text.dataTransferADC
                0x0000000008003980       0x2c build/measuring_vd_vz.o
                0x0000000008003980                dataTransferADC
 .text.measuringVD
                0x00000000080039ac       0x80 build/measuring_vd_vz.o
                0x00000000080039ac                measuringVD
 .text.measuringVZ
                0x0000000008003a2c       0x8c build/measuring_vd_vz.o
                0x0000000008003a2c                measuringVZ
 .text.Reset_Handler
                0x0000000008003ab8       0x48 build/startup_stm32f103xb.o
                0x0000000008003ab8                Reset_Handler
 .text.Default_Handler
                0x0000000008003b00        0x2 build/startup_stm32f103xb.o
                0x0000000008003b00                RTC_Alarm_IRQHandler
                0x0000000008003b00                TIM1_CC_IRQHandler
                0x0000000008003b00                PVD_IRQHandler
                0x0000000008003b00                I2C2_EV_IRQHandler
                0x0000000008003b00                ADC1_2_IRQHandler
                0x0000000008003b00                SPI1_IRQHandler
                0x0000000008003b00                TAMPER_IRQHandler
                0x0000000008003b00                DMA1_Channel4_IRQHandler
                0x0000000008003b00                RTC_IRQHandler
                0x0000000008003b00                DMA1_Channel7_IRQHandler
                0x0000000008003b00                CAN1_RX1_IRQHandler
                0x0000000008003b00                I2C1_EV_IRQHandler
                0x0000000008003b00                DMA1_Channel6_IRQHandler
                0x0000000008003b00                RCC_IRQHandler
                0x0000000008003b00                TIM1_TRG_COM_IRQHandler
                0x0000000008003b00                DMA1_Channel1_IRQHandler
                0x0000000008003b00                Default_Handler
                0x0000000008003b00                EXTI15_10_IRQHandler
                0x0000000008003b00                EXTI9_5_IRQHandler
                0x0000000008003b00                SPI2_IRQHandler
                0x0000000008003b00                DMA1_Channel5_IRQHandler
                0x0000000008003b00                EXTI4_IRQHandler
                0x0000000008003b00                USB_LP_CAN1_RX0_IRQHandler
                0x0000000008003b00                USB_HP_CAN1_TX_IRQHandler
                0x0000000008003b00                DMA1_Channel3_IRQHandler
                0x0000000008003b00                TIM1_UP_IRQHandler
                0x0000000008003b00                WWDG_IRQHandler
                0x0000000008003b00                TIM1_BRK_IRQHandler
                0x0000000008003b00                USART2_IRQHandler
                0x0000000008003b00                I2C2_ER_IRQHandler
                0x0000000008003b00                DMA1_Channel2_IRQHandler
                0x0000000008003b00                CAN1_SCE_IRQHandler
                0x0000000008003b00                FLASH_IRQHandler
                0x0000000008003b00                USART1_IRQHandler
                0x0000000008003b00                I2C1_ER_IRQHandler
                0x0000000008003b00                USBWakeUp_IRQHandler
 *fill*         0x0000000008003b02        0x2 
 .text.__libc_init_array
                0x0000000008003b04       0x48 c:/vscodeproject/software/arm_gcc/bin/../lib/gcc/arm-none-eabi/9.2.1/../../../../arm-none-eabi/lib/thumb/v7-m/nofp\libc_nano.a(lib_a-init.o)
                0x0000000008003b04                __libc_init_array
 .text.memcpy   0x0000000008003b4c       0x1c c:/vscodeproject/software/arm_gcc/bin/../lib/gcc/arm-none-eabi/9.2.1/../../../../arm-none-eabi/lib/thumb/v7-m/nofp\libc_nano.a(lib_a-memcpy-stub.o)
                0x0000000008003b4c                memcpy
 .text.memset   0x0000000008003b68       0x10 c:/vscodeproject/software/arm_gcc/bin/../lib/gcc/arm-none-eabi/9.2.1/../../../../arm-none-eabi/lib/thumb/v7-m/nofp\libc_nano.a(lib_a-memset.o)
                0x0000000008003b68                memset
 *(.glue_7)
 .glue_7        0x0000000008003b78        0x0 linker stubs
 *(.glue_7t)
 .glue_7t       0x0000000008003b78        0x0 linker stubs
 *(.eh_frame)
 .eh_frame      0x0000000008003b78        0x0 c:/vscodeproject/software/arm_gcc/bin/../lib/gcc/arm-none-eabi/9.2.1/thumb/v7-m/nofp/crtbegin.o
 *(.init)
 .init          0x0000000008003b78        0x4 c:/vscodeproject/software/arm_gcc/bin/../lib/gcc/arm-none-eabi/9.2.1/thumb/v7-m/nofp/crti.o
                0x0000000008003b78                _init
 .init          0x0000000008003b7c        0x8 c:/vscodeproject/software/arm_gcc/bin/../lib/gcc/arm-none-eabi/9.2.1/thumb/v7-m/nofp/crtn.o
 *(.fini)
 .fini          0x0000000008003b84        0x4 c:/vscodeproject/software/arm_gcc/bin/../lib/gcc/arm-none-eabi/9.2.1/thumb/v7-m/nofp/crti.o
                0x0000000008003b84                _fini
 .fini          0x0000000008003b88        0x8 c:/vscodeproject/software/arm_gcc/bin/../lib/gcc/arm-none-eabi/9.2.1/thumb/v7-m/nofp/crtn.o
                0x0000000008003b90                . = ALIGN (0x4)
                0x0000000008003b90                _etext = .

.vfp11_veneer   0x0000000008003b90        0x0
 .vfp11_veneer  0x0000000008003b90        0x0 linker stubs

.v4_bx          0x0000000008003b90        0x0
 .v4_bx         0x0000000008003b90        0x0 linker stubs

.iplt           0x0000000008003b90        0x0
 .iplt          0x0000000008003b90        0x0 c:/vscodeproject/software/arm_gcc/bin/../lib/gcc/arm-none-eabi/9.2.1/thumb/v7-m/nofp/crtbegin.o

.rodata         0x0000000008003b90      0x22c
                0x0000000008003b90                . = ALIGN (0x4)
 *(.rodata)
 *(.rodata*)
 .rodata.HAL_RCC_GetSysClockFreq.str1.4
                0x0000000008003b90       0x11 build/stm32f1xx_hal_rcc.o
 *fill*         0x0000000008003ba1        0x3 
 .rodata.AHBPrescTable
                0x0000000008003ba4       0x10 build/system_stm32f1xx.o
                0x0000000008003ba4                AHBPrescTable
 .rodata.APBPrescTable
                0x0000000008003bb4        0x8 build/system_stm32f1xx.o
                0x0000000008003bb4                APBPrescTable
 .rodata.aucCRCHi
                0x0000000008003bbc      0x100 build/mbcrc.o
 .rodata.aucCRCLo
                0x0000000008003cbc      0x100 build/mbcrc.o
                0x0000000008003dbc                . = ALIGN (0x4)

.rel.dyn        0x0000000008003dbc        0x0
 .rel.iplt      0x0000000008003dbc        0x0 c:/vscodeproject/software/arm_gcc/bin/../lib/gcc/arm-none-eabi/9.2.1/thumb/v7-m/nofp/crtbegin.o

.ARM.extab
 *(.ARM.extab* .gnu.linkonce.armextab.*)

.ARM            0x0000000008003dbc        0x0
                0x0000000008003dbc                __exidx_start = .
 *(.ARM.exidx*)
                0x0000000008003dbc                __exidx_end = .

.preinit_array  0x0000000008003dbc        0x0
                0x0000000008003dbc                PROVIDE (__preinit_array_start = .)
 *(.preinit_array*)
                0x0000000008003dbc                PROVIDE (__preinit_array_end = .)

.init_array     0x0000000008003dbc        0x4
                0x0000000008003dbc                PROVIDE (__init_array_start = .)
 *(SORT_BY_NAME(.init_array.*))
 *(.init_array*)
 .init_array    0x0000000008003dbc        0x4 c:/vscodeproject/software/arm_gcc/bin/../lib/gcc/arm-none-eabi/9.2.1/thumb/v7-m/nofp/crtbegin.o
                0x0000000008003dc0                PROVIDE (__init_array_end = .)

.fini_array     0x0000000008003dc0        0x4
                [!provide]                        PROVIDE (__fini_array_start = .)
 *(SORT_BY_NAME(.fini_array.*))
 *(.fini_array*)
 .fini_array    0x0000000008003dc0        0x4 c:/vscodeproject/software/arm_gcc/bin/../lib/gcc/arm-none-eabi/9.2.1/thumb/v7-m/nofp/crtbegin.o
                [!provide]                        PROVIDE (__fini_array_end = .)
                0x0000000008003dc4                _sidata = LOADADDR (.data)

.data           0x0000000020000000       0xb0 load address 0x0000000008003dc4
                0x0000000020000000                . = ALIGN (0x4)
                0x0000000020000000                _sdata = .
 *(.data)
 *(.data*)
 .data.uwTickFreq
                0x0000000020000000        0x1 build/stm32f1xx_hal.o
                0x0000000020000000                uwTickFreq
 *fill*         0x0000000020000001        0x3 
 .data.uwTickPrio
                0x0000000020000004        0x4 build/stm32f1xx_hal.o
                0x0000000020000004                uwTickPrio
 .data.SystemCoreClock
                0x0000000020000008        0x4 build/system_stm32f1xx.o
                0x0000000020000008                SystemCoreClock
 .data.eMBState
                0x000000002000000c        0x1 build/mb.o
 *fill*         0x000000002000000d        0x3 
 .data.xFuncHandlers
                0x0000000020000010       0x80 build/mb.o
 .data.AD7682_IN0
                0x0000000020000090        0x2 build/measuring_vd_vz.o
                0x0000000020000090                AD7682_IN0
 .data.AD7682_IN1
                0x0000000020000092        0x2 build/measuring_vd_vz.o
                0x0000000020000092                AD7682_IN1
 .data.AD7682_IN2
                0x0000000020000094        0x2 build/measuring_vd_vz.o
                0x0000000020000094                AD7682_IN2
 .data.AD7682_IN3
                0x0000000020000096        0x2 build/measuring_vd_vz.o
                0x0000000020000096                AD7682_IN3
 .data.IDOUT    0x0000000020000098        0x4 build/measuring_vd_vz.o
                0x0000000020000098                IDOUT
 .data.IZOUT    0x000000002000009c        0x4 build/measuring_vd_vz.o
                0x000000002000009c                IZOUT
 .data.Resistor
                0x00000000200000a0        0x4 build/measuring_vd_vz.o
                0x00000000200000a0                Resistor
 .data.UDOUT    0x00000000200000a4        0x4 build/measuring_vd_vz.o
                0x00000000200000a4                UDOUT
 .data.UZOUT    0x00000000200000a8        0x4 build/measuring_vd_vz.o
                0x00000000200000a8                UZOUT
 .data.deltaADC
                0x00000000200000ac        0x4 build/measuring_vd_vz.o
                0x00000000200000ac                deltaADC
                0x00000000200000b0                . = ALIGN (0x4)
                0x00000000200000b0                _edata = .

.igot.plt       0x00000000200000b0        0x0 load address 0x0000000008003e74
 .igot.plt      0x00000000200000b0        0x0 c:/vscodeproject/software/arm_gcc/bin/../lib/gcc/arm-none-eabi/9.2.1/thumb/v7-m/nofp/crtbegin.o
                0x00000000200000b0                . = ALIGN (0x4)

.bss            0x00000000200000b0      0x428 load address 0x0000000008003e74
                0x00000000200000b0                _sbss = .
                0x00000000200000b0                __bss_start__ = _sbss
 *(.bss)
 *(.bss*)
 .bss.completed.8911
                0x00000000200000b0        0x1 c:/vscodeproject/software/arm_gcc/bin/../lib/gcc/arm-none-eabi/9.2.1/thumb/v7-m/nofp/crtbegin.o
 *fill*         0x00000000200000b1        0x3 
 .bss.object.8916
                0x00000000200000b4       0x18 c:/vscodeproject/software/arm_gcc/bin/../lib/gcc/arm-none-eabi/9.2.1/thumb/v7-m/nofp/crtbegin.o
 .bss.RecordFlash
                0x00000000200000cc        0x4 build/main.o
                0x00000000200000cc                RecordFlash
 .bss.add1      0x00000000200000d0        0x4 build/main.o
                0x00000000200000d0                add1
 .bss.ucMBSlaveID
                0x00000000200000d4       0x20 build/mbfuncother.o
 .bss.usMBSlaveIDLen
                0x00000000200000f4        0x2 build/mbfuncother.o
 .bss.eQueuedEvent
                0x00000000200000f6        0x1 build/portevent.o
 .bss.xEventInQueue
                0x00000000200000f7        0x1 build/portevent.o
 .bss.singlechar
                0x00000000200000f8        0x1 build/portserial.o
 *fill*         0x00000000200000f9        0x1 
 .bss.counter   0x00000000200000fa        0x2 build/porttimer.o
                0x00000000200000fa                counter
 .bss.timeout   0x00000000200000fc        0x2 build/porttimer.o
 *fill*         0x00000000200000fe        0x2 
 .bss.lock_count
                0x0000000020000100        0x4 build/portcritical.o
 .bss.eRcvState
                0x0000000020000104        0x1 build/mbrtu.o
 .bss.eSndState
                0x0000000020000105        0x1 build/mbrtu.o
 *fill*         0x0000000020000106        0x2 
 .bss.pucSndBufferCur
                0x0000000020000108        0x4 build/mbrtu.o
 .bss.usRcvBufferPos
                0x000000002000010c        0x2 build/mbrtu.o
 .bss.usSndBufferCount
                0x000000002000010e        0x2 build/mbrtu.o
 .bss.eException.7486
                0x0000000020000110        0x1 build/mb.o
 *fill*         0x0000000020000111        0x3 
 .bss.peMBFrameReceiveCur
                0x0000000020000114        0x4 build/mb.o
 .bss.peMBFrameSendCur
                0x0000000020000118        0x4 build/mb.o
 .bss.pvMBFrameCloseCur
                0x000000002000011c        0x4 build/mb.o
 .bss.pvMBFrameStartCur
                0x0000000020000120        0x4 build/mb.o
 .bss.pvMBFrameStopCur
                0x0000000020000124        0x4 build/mb.o
 .bss.ucFunctionCode.7484
                0x0000000020000128        0x1 build/mb.o
 .bss.ucMBAddress
                0x0000000020000129        0x1 build/mb.o
 *fill*         0x000000002000012a        0x2 
 .bss.ucMBFrame.7482
                0x000000002000012c        0x4 build/mb.o
 .bss.ucRcvAddress.7483
                0x0000000020000130        0x1 build/mb.o
 *fill*         0x0000000020000131        0x1 
 .bss.usLength.7485
                0x0000000020000132        0x2 build/mb.o
 .bss.usSDiscInStart
                0x0000000020000134        0x2 build/user_mb_app.o
                0x0000000020000134                usSDiscInStart
 .bss.usSRegHoldStart
                0x0000000020000136        0x2 build/user_mb_app.o
                0x0000000020000136                usSRegHoldStart
 .bss.usSRegInStart
                0x0000000020000138        0x2 build/user_mb_app.o
                0x0000000020000138                usSRegInStart
 .bss.RegisterValueTwo
                0x000000002000013a        0x2 build/FunctionsTxRx.o
                0x000000002000013a                RegisterValueTwo
 .bss.result    0x000000002000013c        0x4 build/FunctionsTxRx.o
                0x000000002000013c                result
 .bss.tmpe      0x0000000020000140        0x4 build/FunctionsTxRx.o
                0x0000000020000140                tmpe
 .bss.tmp       0x0000000020000144        0x4 build/measuring_vd_vz.o
                0x0000000020000144                tmp
 *(COMMON)
 COMMON         0x0000000020000148       0x24 build/main.o
                0x0000000020000148                eventVD
                0x000000002000014c                id30max
                0x0000000020000150                eventDiagnostic
                0x0000000020000154                id30min
                0x0000000020000158                operatingMode
                0x000000002000015c                eventVZ
                0x0000000020000160                iz30max
                0x0000000020000164                iz30min
                0x0000000020000168                Start
 COMMON         0x000000002000016c       0x58 build/spi.o
                0x000000002000016c                hspi2
 COMMON         0x00000000200001c4      0x120 build/tim.o
                0x00000000200001c4                htim4
                0x000000002000020c                htim3
                0x0000000020000254                htim1
                0x000000002000029c                htim2
 COMMON         0x00000000200002e4       0x40 build/usart.o
                0x00000000200002e4                huart3
 COMMON         0x0000000020000324        0x4 build/stm32f1xx_hal.o
                0x0000000020000324                uwTick
 COMMON         0x0000000020000328        0x4 build/portserial.o
                0x0000000020000328                uart
 COMMON         0x000000002000032c        0x5 build/porttimer.o
                0x000000002000032c                tim
                0x0000000020000330                var
 *fill*         0x0000000020000331        0x3 
 COMMON         0x0000000020000334      0x100 build/mbrtu.o
                0x0000000020000334                ucRTUBuf
 COMMON         0x0000000020000434       0x14 build/mb.o
                0x0000000020000434                pxMBFrameCBTransmitterEmpty
                0x0000000020000438                pxMBPortCBTimerExpired
                0x000000002000043c                pxMBFrameCBByteReceived
                0x0000000020000440                pxMBFrameCBTransmitFSMCur
                0x0000000020000444                pxMBFrameCBReceiveFSMCur
 COMMON         0x0000000020000448       0x54 build/user_mb_app.o
                0x0000000020000448                ucSDiscInBuf
                0x000000002000044c                usSRegHoldBuf
                0x0000000020000474                usSRegInBuf
 COMMON         0x000000002000049c        0x8 build/FunctionsTxRx.o
                0x000000002000049c                RegisterValueOne
                0x000000002000049e                out
                0x00000000200004a0                value
 COMMON         0x00000000200004a4       0x34 build/measuring_vd_vz.o
                0x00000000200004a4                currentADC_vz
                0x00000000200004a8                MassifADC
                0x00000000200004c8                currentADC_vd
                0x00000000200004cc                voltageADC_vd
                0x00000000200004d0                voltageADC_vz
                0x00000000200004d4                AverageADC
                0x00000000200004d8                . = ALIGN (0x4)
                0x00000000200004d8                _ebss = .
                0x00000000200004d8                __bss_end__ = _ebss

._user_heap_stack
                0x00000000200004d8      0x600 load address 0x0000000008003e74
                0x00000000200004d8                . = ALIGN (0x8)
                [!provide]                        PROVIDE (end = .)
                [!provide]                        PROVIDE (_end = .)
                0x00000000200006d8                . = (. + _Min_Heap_Size)
 *fill*         0x00000000200004d8      0x200 
                0x0000000020000ad8                . = (. + _Min_Stack_Size)
 *fill*         0x00000000200006d8      0x400 
                0x0000000020000ad8                . = ALIGN (0x8)

/DISCARD/
 libc.a(*)
 libm.a(*)
 libgcc.a(*)

.ARM.attributes
                0x0000000000000000       0x29
 *(.ARM.attributes)
 .ARM.attributes
                0x0000000000000000       0x1d c:/vscodeproject/software/arm_gcc/bin/../lib/gcc/arm-none-eabi/9.2.1/thumb/v7-m/nofp/crti.o
 .ARM.attributes
                0x000000000000001d       0x2d c:/vscodeproject/software/arm_gcc/bin/../lib/gcc/arm-none-eabi/9.2.1/thumb/v7-m/nofp/crtbegin.o
 .ARM.attributes
                0x000000000000004a       0x2d build/main.o
 .ARM.attributes
                0x0000000000000077       0x2d build/gpio.o
 .ARM.attributes
                0x00000000000000a4       0x2d build/spi.o
 .ARM.attributes
                0x00000000000000d1       0x2d build/tim.o
 .ARM.attributes
                0x00000000000000fe       0x2d build/usart.o
 .ARM.attributes
                0x000000000000012b       0x2d build/stm32f1xx_it.o
 .ARM.attributes
                0x0000000000000158       0x2d build/stm32f1xx_hal_msp.o
 .ARM.attributes
                0x0000000000000185       0x2d build/stm32f1xx_hal_spi.o
 .ARM.attributes
                0x00000000000001b2       0x2d build/stm32f1xx_hal.o
 .ARM.attributes
                0x00000000000001df       0x2d build/stm32f1xx_hal_rcc.o
 .ARM.attributes
                0x000000000000020c       0x2d build/stm32f1xx_hal_gpio.o
 .ARM.attributes
                0x0000000000000239       0x2d build/stm32f1xx_hal_dma.o
 .ARM.attributes
                0x0000000000000266       0x2d build/stm32f1xx_hal_cortex.o
 .ARM.attributes
                0x0000000000000293       0x2d build/stm32f1xx_hal_tim.o
 .ARM.attributes
                0x00000000000002c0       0x2d build/stm32f1xx_hal_tim_ex.o
 .ARM.attributes
                0x00000000000002ed       0x2d build/stm32f1xx_hal_uart.o
 .ARM.attributes
                0x000000000000031a       0x2d build/system_stm32f1xx.o
 .ARM.attributes
                0x0000000000000347       0x2d build/mbfunccoils.o
 .ARM.attributes
                0x0000000000000374       0x2d build/mbfuncdisc.o
 .ARM.attributes
                0x00000000000003a1       0x2d build/mbfuncholding.o
 .ARM.attributes
                0x00000000000003ce       0x2d build/mbfuncinput.o
 .ARM.attributes
                0x00000000000003fb       0x2d build/mbfuncother.o
 .ARM.attributes
                0x0000000000000428       0x2d build/mbutils.o
 .ARM.attributes
                0x0000000000000455       0x2d build/portevent.o
 .ARM.attributes
                0x0000000000000482       0x2d build/portserial.o
 .ARM.attributes
                0x00000000000004af       0x2d build/porttimer.o
 .ARM.attributes
                0x00000000000004dc       0x2d build/portcritical.o
 .ARM.attributes
                0x0000000000000509       0x2d build/mbcrc.o
 .ARM.attributes
                0x0000000000000536       0x2d build/mbrtu.o
 .ARM.attributes
                0x0000000000000563       0x2d build/mb.o
 .ARM.attributes
                0x0000000000000590       0x2d build/user_mb_app.o
 .ARM.attributes
                0x00000000000005bd       0x2d build/FunctionsTxRx.o
 .ARM.attributes
                0x00000000000005ea       0x2d build/mode.o
 .ARM.attributes
                0x0000000000000617       0x2d build/measuring_vd_vz.o
 .ARM.attributes
                0x0000000000000644       0x21 build/startup_stm32f103xb.o
 .ARM.attributes
                0x0000000000000665       0x2d c:/vscodeproject/software/arm_gcc/bin/../lib/gcc/arm-none-eabi/9.2.1/../../../../arm-none-eabi/lib/thumb/v7-m/nofp\libc_nano.a(lib_a-init.o)
 .ARM.attributes
                0x0000000000000692       0x2d c:/vscodeproject/software/arm_gcc/bin/../lib/gcc/arm-none-eabi/9.2.1/../../../../arm-none-eabi/lib/thumb/v7-m/nofp\libc_nano.a(lib_a-memcpy-stub.o)
 .ARM.attributes
                0x00000000000006bf       0x2d c:/vscodeproject/software/arm_gcc/bin/../lib/gcc/arm-none-eabi/9.2.1/../../../../arm-none-eabi/lib/thumb/v7-m/nofp\libc_nano.a(lib_a-memset.o)
 .ARM.attributes
                0x00000000000006ec       0x1d c:/vscodeproject/software/arm_gcc/bin/../lib/gcc/arm-none-eabi/9.2.1/thumb/v7-m/nofp\libgcc.a(_arm_mulsf3.o)
 .ARM.attributes
                0x0000000000000709       0x1d c:/vscodeproject/software/arm_gcc/bin/../lib/gcc/arm-none-eabi/9.2.1/thumb/v7-m/nofp\libgcc.a(_arm_addsubsf3.o)
 .ARM.attributes
                0x0000000000000726       0x1d c:/vscodeproject/software/arm_gcc/bin/../lib/gcc/arm-none-eabi/9.2.1/thumb/v7-m/nofp/crtn.o
OUTPUT(build/Generator_PWR.elf elf32-littlearm)

.debug_info     0x0000000000000000    0x34960
 .debug_info    0x0000000000000000     0x1e4d build/main.o
 .debug_info    0x0000000000001e4d     0x1b92 build/gpio.o
 .debug_info    0x00000000000039df     0x19a9 build/spi.o
 .debug_info    0x0000000000005388     0x2265 build/tim.o
 .debug_info    0x00000000000075ed     0x1b65 build/usart.o
 .debug_info    0x0000000000009152     0x1b07 build/stm32f1xx_it.o
 .debug_info    0x000000000000ac59     0x1819 build/stm32f1xx_hal_msp.o
 .debug_info    0x000000000000c472     0x1fa2 build/stm32f1xx_hal_spi.o
 .debug_info    0x000000000000e414      0x8e4 build/stm32f1xx_hal.o
 .debug_info    0x000000000000ecf8      0xb67 build/stm32f1xx_hal_rcc.o
 .debug_info    0x000000000000f85f      0x7d1 build/stm32f1xx_hal_gpio.o
 .debug_info    0x0000000000010030      0x9b5 build/stm32f1xx_hal_dma.o
 .debug_info    0x00000000000109e5      0xef7 build/stm32f1xx_hal_cortex.o
 .debug_info    0x00000000000118dc     0x3ea5 build/stm32f1xx_hal_tim.o
 .debug_info    0x0000000000015781     0x1c1a build/stm32f1xx_hal_tim_ex.o
 .debug_info    0x000000000001739b     0x1a8f build/stm32f1xx_hal_uart.o
 .debug_info    0x0000000000018e2a      0x2f7 build/system_stm32f1xx.o
 .debug_info    0x0000000000019121     0x1a81 build/mbfunccoils.o
 .debug_info    0x000000000001aba2     0x18b2 build/mbfuncdisc.o
 .debug_info    0x000000000001c454     0x1b66 build/mbfuncholding.o
 .debug_info    0x000000000001dfba     0x18a4 build/mbfuncinput.o
 .debug_info    0x000000000001f85e     0x1914 build/mbfuncother.o
 .debug_info    0x0000000000021172     0x1968 build/mbutils.o
 .debug_info    0x0000000000022ada     0x17d2 build/portevent.o
 .debug_info    0x00000000000242ac     0x19c5 build/portserial.o
 .debug_info    0x0000000000025c71     0x184f build/porttimer.o
 .debug_info    0x00000000000274c0     0x16fb build/portcritical.o
 .debug_info    0x0000000000028bbb     0x1755 build/mbcrc.o
 .debug_info    0x000000000002a310     0x1d5d build/mbrtu.o
 .debug_info    0x000000000002c06d     0x1d65 build/mb.o
 .debug_info    0x000000000002ddd2     0x1b14 build/user_mb_app.o
 .debug_info    0x000000000002f8e6     0x1788 build/FunctionsTxRx.o
 .debug_info    0x000000000003106e     0x1d07 build/mode.o
 .debug_info    0x0000000000032d75     0x1bc9 build/measuring_vd_vz.o
 .debug_info    0x000000000003493e       0x22 build/startup_stm32f103xb.o

.debug_abbrev   0x0000000000000000     0x57f6
 .debug_abbrev  0x0000000000000000      0x2e2 build/main.o
 .debug_abbrev  0x00000000000002e2      0x269 build/gpio.o
 .debug_abbrev  0x000000000000054b      0x28e build/spi.o
 .debug_abbrev  0x00000000000007d9      0x334 build/tim.o
 .debug_abbrev  0x0000000000000b0d      0x297 build/usart.o
 .debug_abbrev  0x0000000000000da4      0x2a1 build/stm32f1xx_it.o
 .debug_abbrev  0x0000000000001045      0x22f build/stm32f1xx_hal_msp.o
 .debug_abbrev  0x0000000000001274      0x2be build/stm32f1xx_hal_spi.o
 .debug_abbrev  0x0000000000001532      0x21c build/stm32f1xx_hal.o
 .debug_abbrev  0x000000000000174e      0x2ad build/stm32f1xx_hal_rcc.o
 .debug_abbrev  0x00000000000019fb      0x24f build/stm32f1xx_hal_gpio.o
 .debug_abbrev  0x0000000000001c4a      0x283 build/stm32f1xx_hal_dma.o
 .debug_abbrev  0x0000000000001ecd      0x37f build/stm32f1xx_hal_cortex.o
 .debug_abbrev  0x000000000000224c      0x2c3 build/stm32f1xx_hal_tim.o
 .debug_abbrev  0x000000000000250f      0x2ab build/stm32f1xx_hal_tim_ex.o
 .debug_abbrev  0x00000000000027ba      0x2ea build/stm32f1xx_hal_uart.o
 .debug_abbrev  0x0000000000002aa4      0x153 build/system_stm32f1xx.o
 .debug_abbrev  0x0000000000002bf7      0x288 build/mbfunccoils.o
 .debug_abbrev  0x0000000000002e7f      0x277 build/mbfuncdisc.o
 .debug_abbrev  0x00000000000030f6      0x282 build/mbfuncholding.o
 .debug_abbrev  0x0000000000003378      0x277 build/mbfuncinput.o
 .debug_abbrev  0x00000000000035ef      0x265 build/mbfuncother.o
 .debug_abbrev  0x0000000000003854      0x274 build/mbutils.o
 .debug_abbrev  0x0000000000003ac8      0x258 build/portevent.o
 .debug_abbrev  0x0000000000003d20      0x2e5 build/portserial.o
 .debug_abbrev  0x0000000000004005      0x2bb build/porttimer.o
 .debug_abbrev  0x00000000000042c0      0x230 build/portcritical.o
 .debug_abbrev  0x00000000000044f0      0x233 build/mbcrc.o
 .debug_abbrev  0x0000000000004723      0x2f1 build/mbrtu.o
 .debug_abbrev  0x0000000000004a14      0x324 build/mb.o
 .debug_abbrev  0x0000000000004d38      0x2ba build/user_mb_app.o
 .debug_abbrev  0x0000000000004ff2      0x264 build/FunctionsTxRx.o
 .debug_abbrev  0x0000000000005256      0x28f build/mode.o
 .debug_abbrev  0x00000000000054e5      0x2ff build/measuring_vd_vz.o
 .debug_abbrev  0x00000000000057e4       0x12 build/startup_stm32f103xb.o

.debug_loc      0x0000000000000000    0x10aec
 .debug_loc     0x0000000000000000       0x72 build/main.o
 .debug_loc     0x0000000000000072       0x38 build/gpio.o
 .debug_loc     0x00000000000000aa      0x108 build/spi.o
 .debug_loc     0x00000000000001b2      0x355 build/tim.o
 .debug_loc     0x0000000000000507      0x108 build/usart.o
 .debug_loc     0x000000000000060f      0x120 build/stm32f1xx_it.o
 .debug_loc     0x000000000000072f       0x41 build/stm32f1xx_hal_msp.o
 .debug_loc     0x0000000000000770     0x2452 build/stm32f1xx_hal_spi.o
 .debug_loc     0x0000000000002bc2      0x1e1 build/stm32f1xx_hal.o
 .debug_loc     0x0000000000002da3      0x77e build/stm32f1xx_hal_rcc.o
 .debug_loc     0x0000000000003521      0x548 build/stm32f1xx_hal_gpio.o
 .debug_loc     0x0000000000003a69      0x901 build/stm32f1xx_hal_dma.o
 .debug_loc     0x000000000000436a      0x7af build/stm32f1xx_hal_cortex.o
 .debug_loc     0x0000000000004b19     0x5314 build/stm32f1xx_hal_tim.o
 .debug_loc     0x0000000000009e2d     0x1f01 build/stm32f1xx_hal_tim_ex.o
 .debug_loc     0x000000000000bd2e     0x1e05 build/stm32f1xx_hal_uart.o
 .debug_loc     0x000000000000db33       0xff build/system_stm32f1xx.o
 .debug_loc     0x000000000000dc32      0x6d6 build/mbfunccoils.o
 .debug_loc     0x000000000000e308      0x289 build/mbfuncdisc.o
 .debug_loc     0x000000000000e591      0x809 build/mbfuncholding.o
 .debug_loc     0x000000000000ed9a      0x1d8 build/mbfuncinput.o
 .debug_loc     0x000000000000ef72      0x220 build/mbfuncother.o
 .debug_loc     0x000000000000f192      0x37a build/mbutils.o
 .debug_loc     0x000000000000f50c       0x89 build/portevent.o
 .debug_loc     0x000000000000f595      0x2a5 build/portserial.o
 .debug_loc     0x000000000000f83a       0xc8 build/porttimer.o
 .debug_loc     0x000000000000f902      0x103 build/mbcrc.o
 .debug_loc     0x000000000000fa05      0x496 build/mbrtu.o
 .debug_loc     0x000000000000fe9b      0x459 build/mb.o
 .debug_loc     0x00000000000102f4      0x54e build/user_mb_app.o
 .debug_loc     0x0000000000010842       0x84 build/FunctionsTxRx.o
 .debug_loc     0x00000000000108c6       0xe3 build/mode.o
 .debug_loc     0x00000000000109a9      0x143 build/measuring_vd_vz.o

.debug_aranges  0x0000000000000000     0x1160
 .debug_aranges
                0x0000000000000000       0x30 build/main.o
 .debug_aranges
                0x0000000000000030       0x20 build/gpio.o
 .debug_aranges
                0x0000000000000050       0x30 build/spi.o
 .debug_aranges
                0x0000000000000080       0x60 build/tim.o
 .debug_aranges
                0x00000000000000e0       0x30 build/usart.o
 .debug_aranges
                0x0000000000000110       0xa0 build/stm32f1xx_it.o
 .debug_aranges
                0x00000000000001b0       0x20 build/stm32f1xx_hal_msp.o
 .debug_aranges
                0x00000000000001d0      0x1d0 build/stm32f1xx_hal_spi.o
 .debug_aranges
                0x00000000000003a0       0xe0 build/stm32f1xx_hal.o
 .debug_aranges
                0x0000000000000480       0x90 build/stm32f1xx_hal_rcc.o
 .debug_aranges
                0x0000000000000510       0x58 build/stm32f1xx_hal_gpio.o
 .debug_aranges
                0x0000000000000568       0x80 build/stm32f1xx_hal_dma.o
 .debug_aranges
                0x00000000000005e8       0x90 build/stm32f1xx_hal_cortex.o
 .debug_aranges
                0x0000000000000678      0x3d0 build/stm32f1xx_hal_tim.o
 .debug_aranges
                0x0000000000000a48      0x168 build/stm32f1xx_hal_tim_ex.o
 .debug_aranges
                0x0000000000000bb0      0x1d0 build/stm32f1xx_hal_uart.o
 .debug_aranges
                0x0000000000000d80       0x28 build/system_stm32f1xx.o
 .debug_aranges
                0x0000000000000da8       0x30 build/mbfunccoils.o
 .debug_aranges
                0x0000000000000dd8       0x20 build/mbfuncdisc.o
 .debug_aranges
                0x0000000000000df8       0x38 build/mbfuncholding.o
 .debug_aranges
                0x0000000000000e30       0x20 build/mbfuncinput.o
 .debug_aranges
                0x0000000000000e50       0x28 build/mbfuncother.o
 .debug_aranges
                0x0000000000000e78       0x30 build/mbutils.o
 .debug_aranges
                0x0000000000000ea8       0x30 build/portevent.o
 .debug_aranges
                0x0000000000000ed8       0x58 build/portserial.o
 .debug_aranges
                0x0000000000000f30       0x38 build/porttimer.o
 .debug_aranges
                0x0000000000000f68       0x28 build/portcritical.o
 .debug_aranges
                0x0000000000000f90       0x20 build/mbcrc.o
 .debug_aranges
                0x0000000000000fb0       0x58 build/mbrtu.o
 .debug_aranges
                0x0000000000001008       0x48 build/mb.o
 .debug_aranges
                0x0000000000001050       0x38 build/user_mb_app.o
 .debug_aranges
                0x0000000000001088       0x28 build/FunctionsTxRx.o
 .debug_aranges
                0x00000000000010b0       0x48 build/mode.o
 .debug_aranges
                0x00000000000010f8       0x40 build/measuring_vd_vz.o
 .debug_aranges
                0x0000000000001138       0x28 build/startup_stm32f103xb.o

.debug_ranges   0x0000000000000000      0xfb8
 .debug_ranges  0x0000000000000000       0x20 build/main.o
 .debug_ranges  0x0000000000000020       0x10 build/gpio.o
 .debug_ranges  0x0000000000000030       0x20 build/spi.o
 .debug_ranges  0x0000000000000050       0x50 build/tim.o
 .debug_ranges  0x00000000000000a0       0x20 build/usart.o
 .debug_ranges  0x00000000000000c0       0x90 build/stm32f1xx_it.o
 .debug_ranges  0x0000000000000150       0x10 build/stm32f1xx_hal_msp.o
 .debug_ranges  0x0000000000000160      0x1c0 build/stm32f1xx_hal_spi.o
 .debug_ranges  0x0000000000000320       0xd0 build/stm32f1xx_hal.o
 .debug_ranges  0x00000000000003f0       0xa0 build/stm32f1xx_hal_rcc.o
 .debug_ranges  0x0000000000000490       0x48 build/stm32f1xx_hal_gpio.o
 .debug_ranges  0x00000000000004d8       0x70 build/stm32f1xx_hal_dma.o
 .debug_ranges  0x0000000000000548       0xe0 build/stm32f1xx_hal_cortex.o
 .debug_ranges  0x0000000000000628      0x3c0 build/stm32f1xx_hal_tim.o
 .debug_ranges  0x00000000000009e8      0x158 build/stm32f1xx_hal_tim_ex.o
 .debug_ranges  0x0000000000000b40      0x1c0 build/stm32f1xx_hal_uart.o
 .debug_ranges  0x0000000000000d00       0x18 build/system_stm32f1xx.o
 .debug_ranges  0x0000000000000d18       0x20 build/mbfunccoils.o
 .debug_ranges  0x0000000000000d38       0x10 build/mbfuncdisc.o
 .debug_ranges  0x0000000000000d48       0x28 build/mbfuncholding.o
 .debug_ranges  0x0000000000000d70       0x10 build/mbfuncinput.o
 .debug_ranges  0x0000000000000d80       0x18 build/mbfuncother.o
 .debug_ranges  0x0000000000000d98       0x20 build/mbutils.o
 .debug_ranges  0x0000000000000db8       0x20 build/portevent.o
 .debug_ranges  0x0000000000000dd8       0x48 build/portserial.o
 .debug_ranges  0x0000000000000e20       0x28 build/porttimer.o
 .debug_ranges  0x0000000000000e48       0x18 build/portcritical.o
 .debug_ranges  0x0000000000000e60       0x10 build/mbcrc.o
 .debug_ranges  0x0000000000000e70       0x48 build/mbrtu.o
 .debug_ranges  0x0000000000000eb8       0x38 build/mb.o
 .debug_ranges  0x0000000000000ef0       0x28 build/user_mb_app.o
 .debug_ranges  0x0000000000000f18       0x18 build/FunctionsTxRx.o
 .debug_ranges  0x0000000000000f30       0x38 build/mode.o
 .debug_ranges  0x0000000000000f68       0x30 build/measuring_vd_vz.o
 .debug_ranges  0x0000000000000f98       0x20 build/startup_stm32f103xb.o

.debug_line     0x0000000000000000    0x13682
 .debug_line    0x0000000000000000      0x504 build/main.o
 .debug_line    0x0000000000000504      0x35a build/gpio.o
 .debug_line    0x000000000000085e      0x3c5 build/spi.o
 .debug_line    0x0000000000000c23      0x74e build/tim.o
 .debug_line    0x0000000000001371      0x3c6 build/usart.o
 .debug_line    0x0000000000001737      0x4a3 build/stm32f1xx_it.o
 .debug_line    0x0000000000001bda      0x2b0 build/stm32f1xx_hal_msp.o
 .debug_line    0x0000000000001e8a     0x242b build/stm32f1xx_hal_spi.o
 .debug_line    0x00000000000042b5      0x4f0 build/stm32f1xx_hal.o
 .debug_line    0x00000000000047a5      0xc11 build/stm32f1xx_hal_rcc.o
 .debug_line    0x00000000000053b6      0x5f2 build/stm32f1xx_hal_gpio.o
 .debug_line    0x00000000000059a8      0xa65 build/stm32f1xx_hal_dma.o
 .debug_line    0x000000000000640d      0x646 build/stm32f1xx_hal_cortex.o
 .debug_line    0x0000000000006a53     0x4681 build/stm32f1xx_hal_tim.o
 .debug_line    0x000000000000b0d4     0x1c70 build/stm32f1xx_hal_tim_ex.o
 .debug_line    0x000000000000cd44     0x1bb2 build/stm32f1xx_hal_uart.o
 .debug_line    0x000000000000e8f6      0x25b build/system_stm32f1xx.o
 .debug_line    0x000000000000eb51      0x5b3 build/mbfunccoils.o
 .debug_line    0x000000000000f104      0x41b build/mbfuncdisc.o
 .debug_line    0x000000000000f51f      0x651 build/mbfuncholding.o
 .debug_line    0x000000000000fb70      0x3ff build/mbfuncinput.o
 .debug_line    0x000000000000ff6f      0x3f9 build/mbfuncother.o
 .debug_line    0x0000000000010368      0x43f build/mbutils.o
 .debug_line    0x00000000000107a7      0x34c build/portevent.o
 .debug_line    0x0000000000010af3      0x3fd build/portserial.o
 .debug_line    0x0000000000010ef0      0x35e build/porttimer.o
 .debug_line    0x000000000001124e      0x308 build/portcritical.o
 .debug_line    0x0000000000011556      0x304 build/mbcrc.o
 .debug_line    0x000000000001185a      0x5c4 build/mbrtu.o
 .debug_line    0x0000000000011e1e      0x6d0 build/mb.o
 .debug_line    0x00000000000124ee      0x51a build/user_mb_app.o
 .debug_line    0x0000000000012a08      0x303 build/FunctionsTxRx.o
 .debug_line    0x0000000000012d0b      0x46b build/mode.o
 .debug_line    0x0000000000013176      0x49a build/measuring_vd_vz.o
 .debug_line    0x0000000000013610       0x72 build/startup_stm32f103xb.o

.debug_str      0x0000000000000000     0x5146
 .debug_str     0x0000000000000000     0x1180 build/main.o
                                       0x12aa (size before relaxing)
 .debug_str     0x0000000000001180      0x383 build/gpio.o
                                       0x1238 (size before relaxing)
 .debug_str     0x0000000000001503       0x53 build/spi.o
                                        0xf89 (size before relaxing)
 .debug_str     0x0000000000001556      0x335 build/tim.o
                                       0x15ab (size before relaxing)
 .debug_str     0x000000000000188b       0x49 build/usart.o
                                       0x12a7 (size before relaxing)
 .debug_str     0x00000000000018d4      0x18a build/stm32f1xx_it.o
                                       0x12f0 (size before relaxing)
 .debug_str     0x0000000000001a5e       0x24 build/stm32f1xx_hal_msp.o
                                        0xef6 (size before relaxing)
 .debug_str     0x0000000000001a82      0x57e build/stm32f1xx_hal_spi.o
                                        0xc18 (size before relaxing)
 .debug_str     0x0000000000002000      0x258 build/stm32f1xx_hal.o
                                        0x86d (size before relaxing)
 .debug_str     0x0000000000002258      0x1e6 build/stm32f1xx_hal_rcc.o
                                        0x6bc (size before relaxing)
 .debug_str     0x000000000000243e       0xfe build/stm32f1xx_hal_gpio.o
                                        0x4da (size before relaxing)
 .debug_str     0x000000000000253c      0x207 build/stm32f1xx_hal_dma.o
                                        0x6d7 (size before relaxing)
 .debug_str     0x0000000000002743      0x391 build/stm32f1xx_hal_cortex.o
                                        0x989 (size before relaxing)
 .debug_str     0x0000000000002ad4      0xd63 build/stm32f1xx_hal_tim.o
                                       0x1712 (size before relaxing)
 .debug_str     0x0000000000003837      0x498 build/stm32f1xx_hal_tim_ex.o
                                        0xf3c (size before relaxing)
 .debug_str     0x0000000000003ccf      0x4ff build/stm32f1xx_hal_uart.o
                                        0xc6a (size before relaxing)
 .debug_str     0x00000000000041ce       0x4a build/system_stm32f1xx.o
                                        0x2eb (size before relaxing)
 .debug_str     0x0000000000004218      0x289 build/mbfunccoils.o
                                       0x1194 (size before relaxing)
 .debug_str     0x00000000000044a1       0x63 build/mbfuncdisc.o
                                       0x112f (size before relaxing)
 .debug_str     0x0000000000004504      0x130 build/mbfuncholding.o
                                       0x120c (size before relaxing)
 .debug_str     0x0000000000004634       0x52 build/mbfuncinput.o
                                       0x1120 (size before relaxing)
 .debug_str     0x0000000000004686       0xb4 build/mbfuncother.o
                                       0x1144 (size before relaxing)
 .debug_str     0x000000000000473a       0xa7 build/mbutils.o
                                       0x1137 (size before relaxing)
 .debug_str     0x00000000000047e1       0xc1 build/portevent.o
                                        0xfd3 (size before relaxing)
 .debug_str     0x00000000000048a2       0xe4 build/portserial.o
                                       0x109f (size before relaxing)
 .debug_str     0x0000000000004986       0x7a build/porttimer.o
                                       0x1002 (size before relaxing)
 .debug_str     0x0000000000004a00       0x60 build/portcritical.o
                                        0xecc (size before relaxing)
 .debug_str     0x0000000000004a60       0x42 build/mbcrc.o
                                        0xecc (size before relaxing)
 .debug_str     0x0000000000004aa2      0x1a5 build/mbrtu.o
                                       0x1269 (size before relaxing)
 .debug_str     0x0000000000004c47      0x1c1 build/mb.o
                                       0x136e (size before relaxing)
 .debug_str     0x0000000000004e08      0x198 build/user_mb_app.o
                                       0x119f (size before relaxing)
 .debug_str     0x0000000000004fa0       0x53 build/FunctionsTxRx.o
                                        0xef9 (size before relaxing)
 .debug_str     0x0000000000004ff3       0x33 build/mode.o
                                       0x10c7 (size before relaxing)
 .debug_str     0x0000000000005026       0xfc build/measuring_vd_vz.o
                                       0x10f4 (size before relaxing)
 .debug_str     0x0000000000005122       0x24 build/startup_stm32f103xb.o
                                         0x4d (size before relaxing)

.comment        0x0000000000000000       0x66
 .comment       0x0000000000000000       0x66 build/main.o
                                         0x67 (size before relaxing)
 .comment       0x0000000000000066       0x67 build/gpio.o
 .comment       0x0000000000000066       0x67 build/spi.o
 .comment       0x0000000000000066       0x67 build/tim.o
 .comment       0x0000000000000066       0x67 build/usart.o
 .comment       0x0000000000000066       0x67 build/stm32f1xx_it.o
 .comment       0x0000000000000066       0x67 build/stm32f1xx_hal_msp.o
 .comment       0x0000000000000066       0x67 build/stm32f1xx_hal_spi.o
 .comment       0x0000000000000066       0x67 build/stm32f1xx_hal.o
 .comment       0x0000000000000066       0x67 build/stm32f1xx_hal_rcc.o
 .comment       0x0000000000000066       0x67 build/stm32f1xx_hal_gpio.o
 .comment       0x0000000000000066       0x67 build/stm32f1xx_hal_dma.o
 .comment       0x0000000000000066       0x67 build/stm32f1xx_hal_cortex.o
 .comment       0x0000000000000066       0x67 build/stm32f1xx_hal_tim.o
 .comment       0x0000000000000066       0x67 build/stm32f1xx_hal_tim_ex.o
 .comment       0x0000000000000066       0x67 build/stm32f1xx_hal_uart.o
 .comment       0x0000000000000066       0x67 build/system_stm32f1xx.o
 .comment       0x0000000000000066       0x67 build/mbfunccoils.o
 .comment       0x0000000000000066       0x67 build/mbfuncdisc.o
 .comment       0x0000000000000066       0x67 build/mbfuncholding.o
 .comment       0x0000000000000066       0x67 build/mbfuncinput.o
 .comment       0x0000000000000066       0x67 build/mbfuncother.o
 .comment       0x0000000000000066       0x67 build/mbutils.o
 .comment       0x0000000000000066       0x67 build/portevent.o
 .comment       0x0000000000000066       0x67 build/portserial.o
 .comment       0x0000000000000066       0x67 build/porttimer.o
 .comment       0x0000000000000066       0x67 build/portcritical.o
 .comment       0x0000000000000066       0x67 build/mbcrc.o
 .comment       0x0000000000000066       0x67 build/mbrtu.o
 .comment       0x0000000000000066       0x67 build/mb.o
 .comment       0x0000000000000066       0x67 build/user_mb_app.o
 .comment       0x0000000000000066       0x67 build/FunctionsTxRx.o
 .comment       0x0000000000000066       0x67 build/mode.o
 .comment       0x0000000000000066       0x67 build/measuring_vd_vz.o

.debug_frame    0x0000000000000000     0x31a8
 .debug_frame   0x0000000000000000       0x5c build/main.o
 .debug_frame   0x000000000000005c       0x3c build/gpio.o
 .debug_frame   0x0000000000000098       0x6c build/spi.o
 .debug_frame   0x0000000000000104      0x118 build/tim.o
 .debug_frame   0x000000000000021c       0x70 build/usart.o
 .debug_frame   0x000000000000028c      0x18c build/stm32f1xx_it.o
 .debug_frame   0x0000000000000418       0x28 build/stm32f1xx_hal_msp.o
 .debug_frame   0x0000000000000440      0x63c build/stm32f1xx_hal_spi.o
 .debug_frame   0x0000000000000a7c      0x1e0 build/stm32f1xx_hal.o
 .debug_frame   0x0000000000000c5c      0x1bc build/stm32f1xx_hal_rcc.o
 .debug_frame   0x0000000000000e18      0x104 build/stm32f1xx_hal_gpio.o
 .debug_frame   0x0000000000000f1c      0x168 build/stm32f1xx_hal_dma.o
 .debug_frame   0x0000000000001084      0x13c build/stm32f1xx_hal_cortex.o
 .debug_frame   0x00000000000011c0      0xc80 build/stm32f1xx_hal_tim.o
 .debug_frame   0x0000000000001e40      0x498 build/stm32f1xx_hal_tim_ex.o
 .debug_frame   0x00000000000022d8      0x570 build/stm32f1xx_hal_uart.o
 .debug_frame   0x0000000000002848       0x30 build/system_stm32f1xx.o
 .debug_frame   0x0000000000002878       0x94 build/mbfunccoils.o
 .debug_frame   0x000000000000290c       0x30 build/mbfuncdisc.o
 .debug_frame   0x000000000000293c       0x94 build/mbfuncholding.o
 .debug_frame   0x00000000000029d0       0x30 build/mbfuncinput.o
 .debug_frame   0x0000000000002a00       0x5c build/mbfuncother.o
 .debug_frame   0x0000000000002a5c       0x64 build/mbutils.o
 .debug_frame   0x0000000000002ac0       0x40 build/portevent.o
 .debug_frame   0x0000000000002b00       0xd8 build/portserial.o
 .debug_frame   0x0000000000002bd8       0x74 build/porttimer.o
 .debug_frame   0x0000000000002c4c       0x30 build/portcritical.o
 .debug_frame   0x0000000000002c7c       0x30 build/mbcrc.o
 .debug_frame   0x0000000000002cac      0x10c build/mbrtu.o
 .debug_frame   0x0000000000002db8       0xd0 build/mb.o
 .debug_frame   0x0000000000002e88       0x94 build/user_mb_app.o
 .debug_frame   0x0000000000002f1c       0x38 build/FunctionsTxRx.o
 .debug_frame   0x0000000000002f54       0xc4 build/mode.o
 .debug_frame   0x0000000000003018       0xac build/measuring_vd_vz.o
 .debug_frame   0x00000000000030c4       0x2c c:/vscodeproject/software/arm_gcc/bin/../lib/gcc/arm-none-eabi/9.2.1/../../../../arm-none-eabi/lib/thumb/v7-m/nofp\libc_nano.a(lib_a-init.o)
 .debug_frame   0x00000000000030f0       0x28 c:/vscodeproject/software/arm_gcc/bin/../lib/gcc/arm-none-eabi/9.2.1/../../../../arm-none-eabi/lib/thumb/v7-m/nofp\libc_nano.a(lib_a-memcpy-stub.o)
 .debug_frame   0x0000000000003118       0x20 c:/vscodeproject/software/arm_gcc/bin/../lib/gcc/arm-none-eabi/9.2.1/../../../../arm-none-eabi/lib/thumb/v7-m/nofp\libc_nano.a(lib_a-memset.o)
 .debug_frame   0x0000000000003138       0x24 c:/vscodeproject/software/arm_gcc/bin/../lib/gcc/arm-none-eabi/9.2.1/thumb/v7-m/nofp\libgcc.a(_arm_mulsf3.o)
 .debug_frame   0x000000000000315c       0x4c c:/vscodeproject/software/arm_gcc/bin/../lib/gcc/arm-none-eabi/9.2.1/thumb/v7-m/nofp\libgcc.a(_arm_addsubsf3.o)

Cross Reference Table

Symbol                                            File
AD7682_IN0                                        build/measuring_vd_vz.o
AD7682_IN1                                        build/measuring_vd_vz.o
AD7682_IN2                                        build/measuring_vd_vz.o
AD7682_IN3                                        build/measuring_vd_vz.o
ADC1_2_IRQHandler                                 build/startup_stm32f103xb.o
AHBPrescTable                                     build/system_stm32f1xx.o
                                                  build/stm32f1xx_hal_rcc.o
APBPrescTable                                     build/system_stm32f1xx.o
                                                  build/stm32f1xx_hal_rcc.o
AverageADC                                        build/measuring_vd_vz.o
AverageCalculationADC                             build/measuring_vd_vz.o
BusFault_Handler                                  build/stm32f1xx_it.o
CAN1_RX1_IRQHandler                               build/startup_stm32f103xb.o
CAN1_SCE_IRQHandler                               build/startup_stm32f103xb.o
DMA1_Channel1_IRQHandler                          build/startup_stm32f103xb.o
DMA1_Channel2_IRQHandler                          build/startup_stm32f103xb.o
DMA1_Channel3_IRQHandler                          build/startup_stm32f103xb.o
DMA1_Channel4_IRQHandler                          build/startup_stm32f103xb.o
DMA1_Channel5_IRQHandler                          build/startup_stm32f103xb.o
DMA1_Channel6_IRQHandler                          build/startup_stm32f103xb.o
DMA1_Channel7_IRQHandler                          build/startup_stm32f103xb.o
DebugMon_Handler                                  build/stm32f1xx_it.o
Default_Handler                                   build/startup_stm32f103xb.o
EXTI0_IRQHandler                                  build/stm32f1xx_it.o
EXTI15_10_IRQHandler                              build/startup_stm32f103xb.o
EXTI1_IRQHandler                                  build/stm32f1xx_it.o
EXTI2_IRQHandler                                  build/stm32f1xx_it.o
EXTI3_IRQHandler                                  build/stm32f1xx_it.o
EXTI4_IRQHandler                                  build/startup_stm32f103xb.o
EXTI9_5_IRQHandler                                build/startup_stm32f103xb.o
Error_Handler                                     build/main.o
                                                  build/usart.o
                                                  build/tim.o
                                                  build/spi.o
FLASH_IRQHandler                                  build/startup_stm32f103xb.o
FLASH_PageErase                                   build/stm32f1xx_hal_flash_ex.o
                                                  build/stm32f1xx_hal_flash.o
FLASH_WaitForLastOperation                        build/stm32f1xx_hal_flash.o
                                                  build/stm32f1xx_hal_flash_ex.o
HAL_DBGMCU_DisableDBGSleepMode                    build/stm32f1xx_hal.o
HAL_DBGMCU_DisableDBGStandbyMode                  build/stm32f1xx_hal.o
HAL_DBGMCU_DisableDBGStopMode                     build/stm32f1xx_hal.o
HAL_DBGMCU_EnableDBGSleepMode                     build/stm32f1xx_hal.o
HAL_DBGMCU_EnableDBGStandbyMode                   build/stm32f1xx_hal.o
HAL_DBGMCU_EnableDBGStopMode                      build/stm32f1xx_hal.o
HAL_DMA_Abort                                     build/stm32f1xx_hal_dma.o
                                                  build/stm32f1xx_hal_uart.o
                                                  build/stm32f1xx_hal_spi.o
HAL_DMA_Abort_IT                                  build/stm32f1xx_hal_dma.o
                                                  build/stm32f1xx_hal_uart.o
                                                  build/stm32f1xx_hal_tim_ex.o
                                                  build/stm32f1xx_hal_tim.o
                                                  build/stm32f1xx_hal_spi.o
HAL_DMA_DeInit                                    build/stm32f1xx_hal_dma.o
HAL_DMA_GetError                                  build/stm32f1xx_hal_dma.o
                                                  build/stm32f1xx_hal_uart.o
HAL_DMA_GetState                                  build/stm32f1xx_hal_dma.o
HAL_DMA_IRQHandler                                build/stm32f1xx_hal_dma.o
HAL_DMA_Init                                      build/stm32f1xx_hal_dma.o
HAL_DMA_PollForTransfer                           build/stm32f1xx_hal_dma.o
HAL_DMA_RegisterCallback                          build/stm32f1xx_hal_dma.o
HAL_DMA_Start                                     build/stm32f1xx_hal_dma.o
HAL_DMA_Start_IT                                  build/stm32f1xx_hal_dma.o
                                                  build/stm32f1xx_hal_uart.o
                                                  build/stm32f1xx_hal_tim_ex.o
                                                  build/stm32f1xx_hal_tim.o
                                                  build/stm32f1xx_hal_spi.o
HAL_DMA_UnRegisterCallback                        build/stm32f1xx_hal_dma.o
HAL_DeInit                                        build/stm32f1xx_hal.o
HAL_Delay                                         build/stm32f1xx_hal.o
                                                  build/measuring_vd_vz.o
                                                  build/mode.o
                                                  build/main.o
HAL_EXTI_ClearConfigLine                          build/stm32f1xx_hal_exti.o
HAL_EXTI_ClearPending                             build/stm32f1xx_hal_exti.o
HAL_EXTI_GenerateSWI                              build/stm32f1xx_hal_exti.o
HAL_EXTI_GetConfigLine                            build/stm32f1xx_hal_exti.o
HAL_EXTI_GetHandle                                build/stm32f1xx_hal_exti.o
HAL_EXTI_GetPending                               build/stm32f1xx_hal_exti.o
HAL_EXTI_IRQHandler                               build/stm32f1xx_hal_exti.o
HAL_EXTI_RegisterCallback                         build/stm32f1xx_hal_exti.o
HAL_EXTI_SetConfigLine                            build/stm32f1xx_hal_exti.o
HAL_FLASHEx_Erase                                 build/stm32f1xx_hal_flash_ex.o
HAL_FLASHEx_Erase_IT                              build/stm32f1xx_hal_flash_ex.o
HAL_FLASHEx_OBErase                               build/stm32f1xx_hal_flash_ex.o
HAL_FLASHEx_OBGetConfig                           build/stm32f1xx_hal_flash_ex.o
HAL_FLASHEx_OBGetUserData                         build/stm32f1xx_hal_flash_ex.o
HAL_FLASHEx_OBProgram                             build/stm32f1xx_hal_flash_ex.o
HAL_FLASH_EndOfOperationCallback                  build/stm32f1xx_hal_flash.o
HAL_FLASH_GetError                                build/stm32f1xx_hal_flash.o
HAL_FLASH_IRQHandler                              build/stm32f1xx_hal_flash.o
HAL_FLASH_Lock                                    build/stm32f1xx_hal_flash.o
HAL_FLASH_OB_Launch                               build/stm32f1xx_hal_flash.o
HAL_FLASH_OB_Lock                                 build/stm32f1xx_hal_flash.o
HAL_FLASH_OB_Unlock                               build/stm32f1xx_hal_flash.o
HAL_FLASH_OperationErrorCallback                  build/stm32f1xx_hal_flash.o
HAL_FLASH_Program                                 build/stm32f1xx_hal_flash.o
HAL_FLASH_Program_IT                              build/stm32f1xx_hal_flash.o
HAL_FLASH_Unlock                                  build/stm32f1xx_hal_flash.o
HAL_GPIOEx_ConfigEventout                         build/stm32f1xx_hal_gpio_ex.o
HAL_GPIOEx_DisableEventout                        build/stm32f1xx_hal_gpio_ex.o
HAL_GPIOEx_EnableEventout                         build/stm32f1xx_hal_gpio_ex.o
HAL_GPIO_DeInit                                   build/stm32f1xx_hal_gpio.o
                                                  build/usart.o
                                                  build/spi.o
HAL_GPIO_EXTI_Callback                            build/stm32f1xx_hal_gpio.o
HAL_GPIO_EXTI_IRQHandler                          build/stm32f1xx_hal_gpio.o
                                                  build/stm32f1xx_it.o
HAL_GPIO_Init                                     build/stm32f1xx_hal_gpio.o
                                                  build/stm32f1xx_hal_rcc.o
                                                  build/usart.o
                                                  build/tim.o
                                                  build/spi.o
                                                  build/gpio.o
HAL_GPIO_LockPin                                  build/stm32f1xx_hal_gpio.o
HAL_GPIO_ReadPin                                  build/stm32f1xx_hal_gpio.o
HAL_GPIO_TogglePin                                build/stm32f1xx_hal_gpio.o
                                                  build/mode.o
HAL_GPIO_WritePin                                 build/stm32f1xx_hal_gpio.o
                                                  build/measuring_vd_vz.o
                                                  build/mode.o
                                                  build/gpio.o
                                                  build/main.o
HAL_GetDEVID                                      build/stm32f1xx_hal.o
HAL_GetHalVersion                                 build/stm32f1xx_hal.o
HAL_GetREVID                                      build/stm32f1xx_hal.o
HAL_GetTick                                       build/stm32f1xx_hal.o
                                                  build/stm32f1xx_hal_uart.o
                                                  build/stm32f1xx_hal_flash.o
                                                  build/stm32f1xx_hal_dma.o
                                                  build/stm32f1xx_hal_rcc_ex.o
                                                  build/stm32f1xx_hal_rcc.o
                                                  build/stm32f1xx_hal_spi.o
HAL_GetTickFreq                                   build/stm32f1xx_hal.o
HAL_GetTickPrio                                   build/stm32f1xx_hal.o
HAL_GetUIDw0                                      build/stm32f1xx_hal.o
HAL_GetUIDw1                                      build/stm32f1xx_hal.o
HAL_GetUIDw2                                      build/stm32f1xx_hal.o
HAL_HalfDuplex_EnableReceiver                     build/stm32f1xx_hal_uart.o
HAL_HalfDuplex_EnableTransmitter                  build/stm32f1xx_hal_uart.o
HAL_HalfDuplex_Init                               build/stm32f1xx_hal_uart.o
HAL_IncTick                                       build/stm32f1xx_hal.o
                                                  build/stm32f1xx_it.o
HAL_Init                                          build/stm32f1xx_hal.o
                                                  build/main.o
HAL_InitTick                                      build/stm32f1xx_hal.o
                                                  build/stm32f1xx_hal_rcc.o
HAL_LIN_Init                                      build/stm32f1xx_hal_uart.o
HAL_LIN_SendBreak                                 build/stm32f1xx_hal_uart.o
HAL_MspDeInit                                     build/stm32f1xx_hal.o
HAL_MspInit                                       build/stm32f1xx_hal_msp.o
HAL_MultiProcessor_EnterMuteMode                  build/stm32f1xx_hal_uart.o
HAL_MultiProcessor_ExitMuteMode                   build/stm32f1xx_hal_uart.o
HAL_MultiProcessor_Init                           build/stm32f1xx_hal_uart.o
HAL_NVIC_ClearPendingIRQ                          build/stm32f1xx_hal_cortex.o
HAL_NVIC_DisableIRQ                               build/stm32f1xx_hal_cortex.o
                                                  build/usart.o
                                                  build/tim.o
HAL_NVIC_EnableIRQ                                build/stm32f1xx_hal_cortex.o
                                                  build/stm32f1xx_it.o
                                                  build/usart.o
                                                  build/tim.o
                                                  build/gpio.o
HAL_NVIC_GetActive                                build/stm32f1xx_hal_cortex.o
HAL_NVIC_GetPendingIRQ                            build/stm32f1xx_hal_cortex.o
HAL_NVIC_GetPriority                              build/stm32f1xx_hal_cortex.o
HAL_NVIC_GetPriorityGrouping                      build/stm32f1xx_hal_cortex.o
HAL_NVIC_SetPendingIRQ                            build/stm32f1xx_hal_cortex.o
HAL_NVIC_SetPriority                              build/stm32f1xx_hal_cortex.o
                                                  build/stm32f1xx_hal.o
                                                  build/usart.o
                                                  build/tim.o
                                                  build/gpio.o
HAL_NVIC_SetPriorityGrouping                      build/stm32f1xx_hal_cortex.o
                                                  build/stm32f1xx_hal.o
HAL_NVIC_SystemReset                              build/stm32f1xx_hal_cortex.o
                                                  build/stm32f1xx_hal_flash.o
HAL_PWR_ConfigPVD                                 build/stm32f1xx_hal_pwr.o
HAL_PWR_DeInit                                    build/stm32f1xx_hal_pwr.o
HAL_PWR_DisableBkUpAccess                         build/stm32f1xx_hal_pwr.o
HAL_PWR_DisablePVD                                build/stm32f1xx_hal_pwr.o
HAL_PWR_DisableSEVOnPend                          build/stm32f1xx_hal_pwr.o
HAL_PWR_DisableSleepOnExit                        build/stm32f1xx_hal_pwr.o
HAL_PWR_DisableWakeUpPin                          build/stm32f1xx_hal_pwr.o
HAL_PWR_EnableBkUpAccess                          build/stm32f1xx_hal_pwr.o
HAL_PWR_EnablePVD                                 build/stm32f1xx_hal_pwr.o
HAL_PWR_EnableSEVOnPend                           build/stm32f1xx_hal_pwr.o
HAL_PWR_EnableSleepOnExit                         build/stm32f1xx_hal_pwr.o
HAL_PWR_EnableWakeUpPin                           build/stm32f1xx_hal_pwr.o
HAL_PWR_EnterSLEEPMode                            build/stm32f1xx_hal_pwr.o
HAL_PWR_EnterSTANDBYMode                          build/stm32f1xx_hal_pwr.o
HAL_PWR_EnterSTOPMode                             build/stm32f1xx_hal_pwr.o
HAL_PWR_PVDCallback                               build/stm32f1xx_hal_pwr.o
HAL_PWR_PVD_IRQHandler                            build/stm32f1xx_hal_pwr.o
HAL_RCCEx_GetPeriphCLKConfig                      build/stm32f1xx_hal_rcc_ex.o
HAL_RCCEx_GetPeriphCLKFreq                        build/stm32f1xx_hal_rcc_ex.o
HAL_RCCEx_PeriphCLKConfig                         build/stm32f1xx_hal_rcc_ex.o
HAL_RCC_CSSCallback                               build/stm32f1xx_hal_rcc.o
HAL_RCC_ClockConfig                               build/stm32f1xx_hal_rcc.o
                                                  build/main.o
HAL_RCC_DeInit                                    build/stm32f1xx_hal_rcc.o
HAL_RCC_DisableCSS                                build/stm32f1xx_hal_rcc.o
HAL_RCC_EnableCSS                                 build/stm32f1xx_hal_rcc.o
HAL_RCC_GetClockConfig                            build/stm32f1xx_hal_rcc.o
HAL_RCC_GetHCLKFreq                               build/stm32f1xx_hal_rcc.o
HAL_RCC_GetOscConfig                              build/stm32f1xx_hal_rcc.o
HAL_RCC_GetPCLK1Freq                              build/stm32f1xx_hal_rcc.o
                                                  build/stm32f1xx_hal_uart.o
HAL_RCC_GetPCLK2Freq                              build/stm32f1xx_hal_rcc.o
                                                  build/stm32f1xx_hal_uart.o
                                                  build/stm32f1xx_hal_rcc_ex.o
HAL_RCC_GetSysClockFreq                           build/stm32f1xx_hal_rcc.o
HAL_RCC_MCOConfig                                 build/stm32f1xx_hal_rcc.o
HAL_RCC_NMI_IRQHandler                            build/stm32f1xx_hal_rcc.o
HAL_RCC_OscConfig                                 build/stm32f1xx_hal_rcc.o